Component: ARM Compiler 5.06 update 6 (build 750) Tool: armlink [4d35ed]

==============================================================================

Section Cross References

    startup_stm32f103xb.o(STACK) refers (Special) to heapauxi.o(.text) for __use_two_region_memory
    startup_stm32f103xb.o(HEAP) refers (Special) to heapauxi.o(.text) for __use_two_region_memory
    startup_stm32f103xb.o(RESET) refers (Special) to heapauxi.o(.text) for __use_two_region_memory
    startup_stm32f103xb.o(RESET) refers to startup_stm32f103xb.o(STACK) for __initial_sp
    startup_stm32f103xb.o(RESET) refers to startup_stm32f103xb.o(.text) for Reset_Handler
    startup_stm32f103xb.o(RESET) refers to stm32f1xx_it.o(i.NMI_Handler) for NMI_Handler
    startup_stm32f103xb.o(RESET) refers to stm32f1xx_it.o(i.HardFault_Handler) for HardFault_Handler
    startup_stm32f103xb.o(RESET) refers to stm32f1xx_it.o(i.MemManage_Handler) for MemManage_Handler
    startup_stm32f103xb.o(RESET) refers to stm32f1xx_it.o(i.BusFault_Handler) for BusFault_Handler
    startup_stm32f103xb.o(RESET) refers to stm32f1xx_it.o(i.UsageFault_Handler) for UsageFault_Handler
    startup_stm32f103xb.o(RESET) refers to stm32f1xx_it.o(i.SVC_Handler) for SVC_Handler
    startup_stm32f103xb.o(RESET) refers to stm32f1xx_it.o(i.DebugMon_Handler) for DebugMon_Handler
    startup_stm32f103xb.o(RESET) refers to stm32f1xx_it.o(i.PendSV_Handler) for PendSV_Handler
    startup_stm32f103xb.o(RESET) refers to stm32f1xx_it.o(i.SysTick_Handler) for SysTick_Handler
    startup_stm32f103xb.o(RESET) refers to stm32f1xx_it.o(i.TIM1_UP_IRQHandler) for TIM1_UP_IRQHandler
    startup_stm32f103xb.o(RESET) refers to stm32f1xx_it.o(i.EXTI15_10_IRQHandler) for EXTI15_10_IRQHandler
    startup_stm32f103xb.o(.text) refers (Special) to heapauxi.o(.text) for __use_two_region_memory
    startup_stm32f103xb.o(.text) refers to system_stm32f1xx.o(i.SystemInit) for SystemInit
    startup_stm32f103xb.o(.text) refers to __main.o(!!!main) for __main
    startup_stm32f103xb.o(.text) refers to startup_stm32f103xb.o(HEAP) for Heap_Mem
    startup_stm32f103xb.o(.text) refers to startup_stm32f103xb.o(STACK) for Stack_Mem
    main.o(i.HAL_GPIO_EXTI_Callback) refers to main.o(.data) for .data
    main.o(i.HAL_TIM_PeriodElapsedCallback) refers to main.o(.data) for .data
    main.o(i.LoadParamsFromFlash) refers to main.o(i.CalculateChecksum) for CalculateChecksum
    main.o(i.LoadParamsFromFlash) refers to main.o(.data) for .data
    main.o(i.SaveParamsToFlash) refers to stm32f1xx_hal_flash.o(i.HAL_FLASH_Unlock) for HAL_FLASH_Unlock
    main.o(i.SaveParamsToFlash) refers to stm32f1xx_hal_flash_ex.o(i.HAL_FLASHEx_Erase) for HAL_FLASHEx_Erase
    main.o(i.SaveParamsToFlash) refers to main.o(i.CalculateChecksum) for CalculateChecksum
    main.o(i.SaveParamsToFlash) refers to stm32f1xx_hal_flash.o(i.HAL_FLASH_Program) for HAL_FLASH_Program
    main.o(i.SaveParamsToFlash) refers to stm32f1xx_hal_flash.o(i.HAL_FLASH_Lock) for HAL_FLASH_Lock
    main.o(i.SaveParamsToFlash) refers to main.o(.data) for .data
    main.o(i.SystemClock_Config) refers to rt_memclr_w.o(.text) for __aeabi_memclr4
    main.o(i.SystemClock_Config) refers to stm32f1xx_hal_rcc.o(i.HAL_RCC_OscConfig) for HAL_RCC_OscConfig
    main.o(i.SystemClock_Config) refers to stm32f1xx_hal_rcc.o(i.HAL_RCC_ClockConfig) for HAL_RCC_ClockConfig
    main.o(i.SystemClock_Config) refers to stm32f1xx_hal_rcc_ex.o(i.HAL_RCCEx_PeriphCLKConfig) for HAL_RCCEx_PeriphCLKConfig
    main.o(i.main) refers to _printf_percent.o(.ARM.Collect$$_printf_percent$$00000000) for _printf_percent
    main.o(i.main) refers to _printf_f.o(.ARM.Collect$$_printf_percent$$00000003) for _printf_f
    main.o(i.main) refers to printf1.o(x$fpl$printf1) for _printf_fp_dec
    main.o(i.main) refers to _printf_pad.o(.text) for _printf_pre_padding
    main.o(i.main) refers to _printf_d.o(.ARM.Collect$$_printf_percent$$00000009) for _printf_d
    main.o(i.main) refers to _printf_dec.o(.text) for _printf_int_dec
    main.o(i.main) refers to stm32f1xx_hal.o(i.HAL_Init) for HAL_Init
    main.o(i.main) refers to main.o(i.SystemClock_Config) for SystemClock_Config
    main.o(i.main) refers to gpio.o(i.MX_GPIO_Init) for MX_GPIO_Init
    main.o(i.main) refers to tim.o(i.MX_TIM1_Init) for MX_TIM1_Init
    main.o(i.main) refers to adc.o(i.MX_ADC1_Init) for MX_ADC1_Init
    main.o(i.main) refers to oled.o(i.OLED_Init) for OLED_Init
    main.o(i.main) refers to ds1302.o(i.DS1302_Init) for DS1302_Init
    main.o(i.main) refers to ds18b20.o(i.DS18B20_Init) for DS18B20_Init
    main.o(i.main) refers to main.o(i.LoadParamsFromFlash) for LoadParamsFromFlash
    main.o(i.main) refers to stm32f1xx_hal_tim.o(i.HAL_TIM_Base_Start_IT) for HAL_TIM_Base_Start_IT
    main.o(i.main) refers to ds1302.o(i.DS1302_GetTime) for DS1302_GetTime
    main.o(i.main) refers to stm32f1xx_hal.o(i.HAL_GetTick) for HAL_GetTick
    main.o(i.main) refers to stm32f1xx_hal_gpio.o(i.HAL_GPIO_WritePin) for HAL_GPIO_WritePin
[...]
    .ARM.Collect$$rtexit$$00000003           0x0800019c   Section        4  rtexit2.o(.ARM.Collect$$rtexit$$00000003)
    .ARM.Collect$$rtexit$$00000004           0x080001a0   Section        6  rtexit2.o(.ARM.Collect$$rtexit$$00000004)
    .text                                    0x080001a8   Section       64  startup_stm32f103xb.o(.text)
    .text                                    0x080001e8   Section       38  llushr.o(.text)
    .text                                    0x08000210   Section        0  noretval__2sprintf.o(.text)
    .text                                    0x08000238   Section        0  _printf_pad.o(.text)
    .text                                    0x08000288   Section        0  _printf_dec.o(.text)
    .text                                    0x08000300   Section        0  __printf_flags_wp.o(.text)
    .text                                    0x08000438   Section      100  rt_memcpy_w.o(.text)
    .text                                    0x0800049c   Section       78  rt_memclr_w.o(.text)
    .text                                    0x080004ea   Section        0  heapauxi.o(.text)
    .text                                    0x080004f0   Section        0  _printf_intcommon.o(.text)
    .text                                    0x080005a2   Section        0  _printf_fp_dec.o(.text)
    _fp_digits                               0x080005a5   Thumb Code   432  _printf_fp_dec.o(.text)
    .text                                    0x080009c0   Section        0  _printf_char_common.o(.text)
    _printf_input_char                       0x080009c1   Thumb Code    10  _printf_char_common.o(.text)
    .text                                    0x080009f0   Section        0  _sputc.o(.text)
    .text                                    0x080009fc   Section        8  rt_locale_intlibspace.o(.text)
    .text                                    0x08000a04   Section      138  lludiv10.o(.text)
    .text                                    0x08000a90   Section        0  _printf_fp_infnan.o(.text)
    .text                                    0x08000b10   Section        0  bigflt0.o(.text)
    .text                                    0x08000bf4   Section        8  libspace.o(.text)
    .text                                    0x08000bfc   Section       74  sys_stackheap_outer.o(.text)
    .text                                    0x08000c46   Section        0  exit.o(.text)
    .text                                    0x08000c58   Section      128  strcmpv7m.o(.text)
    .text                                    0x08000cd8   Section        0  sys_exit.o(.text)
    .text                                    0x08000ce4   Section        2  use_no_semi.o(.text)
    .text                                    0x08000ce6   Section        0  indicate_semi.o(.text)
    CL$$btod_d2e                             0x08000ce6   Section       62  btod.o(CL$$btod_d2e)
    CL$$btod_d2e_denorm_low                  0x08000d24   Section       70  btod.o(CL$$btod_d2e_denorm_low)
    CL$$btod_d2e_norm_op1                    0x08000d6a   Section       96  btod.o(CL$$btod_d2e_norm_op1)
    CL$$btod_div_common                      0x08000dca   Section      824  btod.o(CL$$btod_div_common)
    CL$$btod_e2e                             0x08001102   Section      220  btod.o(CL$$btod_e2e)
    CL$$btod_ediv                            0x080011de   Section       42  btod.o(CL$$btod_ediv)
    CL$$btod_emul                            0x08001208   Section       42  btod.o(CL$$btod_emul)
    CL$$btod_mult_common                     0x08001232   Section      580  btod.o(CL$$btod_mult_common)
    i.ADC_ConversionStop_Disable             0x08001478   Section        0  stm32f1xx_hal_adc.o(i.ADC_ConversionStop_Disable)
    i.ADC_Enable                             0x080014d0   Section        0  stm32f1xx_hal_adc.o(i.ADC_Enable)
    i.BusFault_Handler                       0x0800154c   Section        0  stm32f1xx_it.o(i.BusFault_Handler)
    i.CalculateChecksum                      0x0800154e   Section        0  main.o(i.CalculateChecksum)
    i.DS1302_BcdToDec                        0x0800155e   Section        0  ds1302.o(i.DS1302_BcdToDec)
    i.DS1302_DAT_Mode_Out                    0x08001570   Section        0  ds1302.o(i.DS1302_DAT_Mode_Out)
    DS1302_DAT_Mode_Out                      0x08001571   Thumb Code    28  ds1302.o(i.DS1302_DAT_Mode_Out)
    i.DS1302_DecToBcd                        0x08001590   Section        0  ds1302.o(i.DS1302_DecToBcd)
    i.DS1302_Delay_us                        0x080015a6   Section        0  ds1302.o(i.DS1302_Delay_us)
    i.DS1302_GetTime                         0x080015b6   Section        0  ds1302.o(i.DS1302_GetTime)
    i.DS1302_Init                            0x08001618   Section        0  ds1302.o(i.DS1302_Init)
    i.DS1302_ReadByte                        0x08001644   Section        0  ds1302.o(i.DS1302_ReadByte)
    i.DS1302_ReadReg                         0x080016a4   Section        0  ds1302.o(i.DS1302_ReadReg)
    i.DS1302_SetTime                         0x080016f8   Section        0  ds1302.o(i.DS1302_SetTime)
    i.DS1302_WriteByte                       0x08001770   Section        0  ds1302.o(i.DS1302_WriteByte)
    i.DS1302_WriteReg                        0x080017c4   Section        0  ds1302.o(i.DS1302_WriteReg)
    i.DS18B20_Check                          0x0800181c   Section        0  ds18b20.o(i.DS18B20_Check)
    i.DS18B20_Get_Temperature                0x0800187c   Section        0  ds18b20.o(i.DS18B20_Get_Temperature)
    i.DS18B20_IO_IN                          0x080018dc   Section        0  ds18b20.o(i.DS18B20_IO_IN)
    i.DS18B20_IO_OUT                         0x080018fc   Section        0  ds18b20.o(i.DS18B20_IO_OUT)
    i.DS18B20_Init                           0x0800191c   Section        0  ds18b20.o(i.DS18B20_Init)
    i.DS18B20_Read_Byte                      0x08001934   Section        0  ds18b20.o(i.DS18B20_Read_Byte)
    i.DS18B20_Rst                            0x0800198c   Section        0  ds18b20.o(i.DS18B20_Rst)
    i.DS18B20_Write_Byte                     0x080019c0   Section        0  ds18b20.o(i.DS18B20_Write_Byte)
    i.DebugMon_Handler                       0x08001a20   Section        0  stm32f1xx_it.o(i.DebugMon_Handler)
    i.Delay_us                               0x08001a22   Section        0  ds18b20.o(i.Delay_us)
    i.EXTI15_10_IRQHandler                   0x08001a32   Section        0  stm32f1xx_it.o(i.EXTI15_10_IRQHandler)
    i.Error_Handler                          0x08001a50   Section        0  main.o(i.Error_Handler)
    i.FLASH_MassErase                        0x08001a54   Section        0  stm32f1xx_hal_flash_ex.o(i.FLASH_MassErase)
    FLASH_MassErase                          0x08001a55   Thumb Code    26  stm32f1xx_hal_flash_ex.o(i.FLASH_MassErase)
    i.FLASH_PageErase                        0x08001a78   Section        0  stm32f1xx_hal_flash_ex.o(i.FLASH_PageErase)
    i.FLASH_Program_HalfWord                 0x08001a9c   Section        0  stm32f1xx_hal_flash.o(i.FLASH_Program_HalfWord)
    FLASH_Program_HalfWord                   0x08001a9d   Thumb Code    20  stm32f1xx_hal_flash.o(i.FLASH_Program_HalfWord)
    i.FLASH_SetErrorCode                     0x08001ab8   Section        0  stm32f1xx_hal_flash.o(i.FLASH_SetErrorCode)
    FLASH_SetErrorCode                       0x08001ab9   Thumb Code    84  stm32f1xx_hal_flash.o(i.FLASH_SetErrorCode)
    i.FLASH_WaitForLastOperation             0x08001b14   Section        0  stm32f1xx_hal_flash.o(i.FLASH_WaitForLastOperation)
    i.HAL_ADC_ConfigChannel                  0x08001b68   Section        0  stm32f1xx_hal_adc.o(i.HAL_ADC_ConfigChannel)
    i.HAL_ADC_GetValue                       0x08001c64   Section        0  stm32f1xx_hal_adc.o(i.HAL_ADC_GetValue)
    i.HAL_ADC_Init                           0x08001c6c   Section        0  stm32f1xx_hal_adc.o(i.HAL_ADC_Init)
    i.HAL_ADC_MspInit                        0x08001d88   Section        0  adc.o(i.HAL_ADC_MspInit)
    i.HAL_ADC_PollForConversion              0x08001de0   Section        0  stm32f1xx_hal_adc.o(i.HAL_ADC_PollForConversion)
    i.HAL_ADC_Start                          0x08001f1c   Section        0  stm32f1xx_hal_adc.o(i.HAL_ADC_Start)
    i.HAL_ADC_Stop                           0x08001fdc   Section        0  stm32f1xx_hal_adc.o(i.HAL_ADC_Stop)
    i.HAL_Delay                              0x08002010   Section        0  stm32f1xx_hal.o(i.HAL_Delay)
    i.HAL_FLASHEx_Erase                      0x08002034   Section        0  stm32f1xx_hal_flash_ex.o(i.HAL_FLASHEx_Erase)
    i.HAL_FLASH_Lock                         0x080020dc   Section        0  stm32f1xx_hal_flash.o(i.HAL_FLASH_Lock)
    i.HAL_FLASH_Program                      0x080020f0   Section        0  stm32f1xx_hal_flash.o(i.HAL_FLASH_Program)
    i.HAL_FLASH_Unlock                       0x08002170   Section        0  stm32f1xx_hal_flash.o(i.HAL_FLASH_Unlock)
    i.HAL_GPIO_EXTI_Callback                 0x08002198   Section        0  main.o(i.HAL_GPIO_EXTI_Callback)
    i.HAL_GPIO_EXTI_IRQHandler               0x080021c0   Section        0  stm32f1xx_hal_gpio.o(i.HAL_GPIO_EXTI_IRQHandler)
    i.HAL_GPIO_Init                          0x080021d8   Section        0  stm32f1xx_hal_gpio.o(i.HAL_GPIO_Init)
    i.HAL_GPIO_ReadPin                       0x080023b8   Section        0  stm32f1xx_hal_gpio.o(i.HAL_GPIO_ReadPin)
    i.HAL_GPIO_WritePin                      0x080023c2   Section        0  stm32f1xx_hal_gpio.o(i.HAL_GPIO_WritePin)
    i.HAL_GetTick                            0x080023cc   Section        0  stm32f1xx_hal.o(i.HAL_GetTick)
    i.HAL_IncTick                            0x080023d8   Section        0  stm32f1xx_hal.o(i.HAL_IncTick)
    i.HAL_Init                               0x080023e8   Section        0  stm32f1xx_hal.o(i.HAL_Init)
    i.HAL_InitTick                           0x0800240c   Section        0  stm32f1xx_hal.o(i.HAL_InitTick)
    i.HAL_MspInit                            0x0800244c   Section        0  stm32f1xx_hal_msp.o(i.HAL_MspInit)
    i.HAL_NVIC_EnableIRQ                     0x08002488   Section        0  stm32f1xx_hal_cortex.o(i.HAL_NVIC_EnableIRQ)
    i.HAL_NVIC_SetPriority                   0x080024a4   Section        0  stm32f1xx_hal_cortex.o(i.HAL_NVIC_SetPriority)
    i.HAL_NVIC_SetPriorityGrouping           0x080024e4   Section        0  stm32f1xx_hal_cortex.o(i.HAL_NVIC_SetPriorityGrouping)
    i.HAL_RCCEx_GetPeriphCLKFreq             0x08002508   Section        0  stm32f1xx_hal_rcc_ex.o(i.HAL_RCCEx_GetPeriphCLKFreq)
    i.HAL_RCCEx_PeriphCLKConfig              0x080025ac   Section        0  stm32f1xx_hal_rcc_ex.o(i.HAL_RCCEx_PeriphCLKConfig)
    i.HAL_RCC_ClockConfig                    0x08002698   Section        0  stm32f1xx_hal_rcc.o(i.HAL_RCC_ClockConfig)
    i.HAL_RCC_GetPCLK2Freq                   0x080027c4   Section        0  stm32f1xx_hal_rcc.o(i.HAL_RCC_GetPCLK2Freq)
    i.HAL_RCC_GetSysClockFreq                0x080027e4   Section        0  stm32f1xx_hal_rcc.o(i.HAL_RCC_GetSysClockFreq)
    i.HAL_RCC_OscConfig                      0x08002830   Section        0  stm32f1xx_hal_rcc.o(i.HAL_RCC_OscConfig)
    i.HAL_SYSTICK_Config                     0x08002b50   Section        0  stm32f1xx_hal_cortex.o(i.HAL_SYSTICK_Config)
    i.HAL_TIMEx_BreakCallback                0x08002b78   Section        0  stm32f1xx_hal_tim_ex.o(i.HAL_TIMEx_BreakCallback)
    i.HAL_TIMEx_CommutCallback               0x08002b7a   Section        0  stm32f1xx_hal_tim_ex.o(i.HAL_TIMEx_CommutCallback)
    i.HAL_TIMEx_MasterConfigSynchronization  0x08002b7c   Section        0  stm32f1xx_hal_tim_ex.o(i.HAL_TIMEx_MasterConfigSynchronization)
    i.HAL_TIM_Base_Init                      0x08002be4   Section        0  stm32f1xx_hal_tim.o(i.HAL_TIM_Base_Init)
    i.HAL_TIM_Base_MspInit                   0x08002c40   Section        0  tim.o(i.HAL_TIM_Base_MspInit)
    i.HAL_TIM_Base_Start_IT                  0x08002c7c   Section        0  stm32f1xx_hal_tim.o(i.HAL_TIM_Base_Start_IT)
    i.HAL_TIM_ConfigClockSource              0x08002cd4   Section        0  stm32f1xx_hal_tim.o(i.HAL_TIM_ConfigClockSource)
    i.HAL_TIM_IC_CaptureCallback             0x08002db0   Section        0  stm32f1xx_hal_tim.o(i.HAL_TIM_IC_CaptureCallback)
    i.HAL_TIM_IRQHandler                     0x08002db2   Section        0  stm32f1xx_hal_tim.o(i.HAL_TIM_IRQHandler)
    i.HAL_TIM_OC_DelayElapsedCallback        0x08002ee2   Section        0  stm32f1xx_hal_tim.o(i.HAL_TIM_OC_DelayElapsedCallback)
    i.HAL_TIM_PWM_PulseFinishedCallback      0x08002ee4   Section        0  stm32f1xx_hal_tim.o(i.HAL_TIM_PWM_PulseFinishedCallback)
    i.HAL_TIM_PeriodElapsedCallback          0x08002ee8   Section        0  main.o(i.HAL_TIM_PeriodElapsedCallback)
    i.HAL_TIM_TriggerCallback                0x08002f00   Section        0  stm32f1xx_hal_tim.o(i.HAL_TIM_TriggerCallback)
    i.HardFault_Handler                      0x08002f02   Section        0  stm32f1xx_it.o(i.HardFault_Handler)
    i.I2C_Start                              0x08002f04   Section        0  oled.o(i.I2C_Start)
    i.I2C_Stop                               0x08002f48   Section        0  oled.o(i.I2C_Stop)
    i.I2C_WaitAck                            0x08002f7c   Section        0  oled.o(i.I2C_WaitAck)
    i.IIC_delay                              0x08002fb4   Section        0  oled.o(i.IIC_delay)
    i.LoadParamsFromFlash                    0x08002fc0   Section        0  main.o(i.LoadParamsFromFlash)
    i.MX_ADC1_Init                           0x08002fe8   Section        0  adc.o(i.MX_ADC1_Init)
    i.MX_GPIO_Init                           0x08003038   Section        0  gpio.o(i.MX_GPIO_Init)
    i.MX_TIM1_Init                           0x08003140   Section        0  tim.o(i.MX_TIM1_Init)
    i.MemManage_Handler                      0x080031a8   Section        0  stm32f1xx_it.o(i.MemManage_Handler)
    i.NMI_Handler                            0x080031aa   Section        0  stm32f1xx_it.o(i.NMI_Handler)
    i.OLED_Clear                             0x080031ac   Section        0  oled.o(i.OLED_Clear)
    i.OLED_DrawPoint                         0x080031d8   Section        0  oled.o(i.OLED_DrawPoint)
    i.OLED_Init                              0x08003204   Section        0  oled.o(i.OLED_Init)
    i.OLED_Refresh                           0x080032e0   Section        0  oled.o(i.OLED_Refresh)
    i.OLED_ShowChar                          0x08003348   Section        0  oled.o(i.OLED_ShowChar)
    i.OLED_ShowString                        0x0800342c   Section        0  oled.o(i.OLED_ShowString)
    i.OLED_WR_Byte                           0x08003468   Section        0  oled.o(i.OLED_WR_Byte)
    i.PendSV_Handler                         0x0800349e   Section        0  stm32f1xx_it.o(i.PendSV_Handler)
    i.SVC_Handler                            0x080034a0   Section        0  stm32f1xx_it.o(i.SVC_Handler)
    i.SaveParamsToFlash                      0x080034a4   Section        0  main.o(i.SaveParamsToFlash)
    i.Send_Byte                              0x0800350c   Section        0  oled.o(i.Send_Byte)
    i.SysTick_Handler                        0x08003560   Section        0  stm32f1xx_it.o(i.SysTick_Handler)
    i.SystemClock_Config                     0x08003564   Section        0  main.o(i.SystemClock_Config)
    i.SystemInit                             0x080035dc   Section        0  system_stm32f1xx.o(i.SystemInit)
    i.TIM1_UP_IRQHandler                     0x080035e0   Section        0  stm32f1xx_it.o(i.TIM1_UP_IRQHandler)
    i.TIM_Base_SetConfig                     0x080035ec   Section        0  stm32f1xx_hal_tim.o(i.TIM_Base_SetConfig)
    i.TIM_ETR_SetConfig                      0x08003664   Section        0  stm32f1xx_hal_tim.o(i.TIM_ETR_SetConfig)
    i.TIM_ITRx_SetConfig                     0x08003678   Section        0  stm32f1xx_hal_tim.o(i.TIM_ITRx_SetConfig)
    TIM_ITRx_SetConfig                       0x08003679   Thumb Code    16  stm32f1xx_hal_tim.o(i.TIM_ITRx_SetConfig)
    i.TIM_TI1_ConfigInputStage               0x08003688   Section        0  stm32f1xx_hal_tim.o(i.TIM_TI1_ConfigInputStage)
    TIM_TI1_ConfigInputStage                 0x08003689   Thumb Code    34  stm32f1xx_hal_tim.o(i.TIM_TI1_ConfigInputStage)
    i.TIM_TI2_ConfigInputStage               0x080036aa   Section        0  stm32f1xx_hal_tim.o(i.TIM_TI2_ConfigInputStage)
    TIM_TI2_ConfigInputStage                 0x080036ab   Thumb Code    36  stm32f1xx_hal_tim.o(i.TIM_TI2_ConfigInputStage)
    i.UsageFault_Handler                     0x080036ce   Section        0  stm32f1xx_it.o(i.UsageFault_Handler)
    i.__ARM_fpclassify                       0x080036d0   Section        0  fpclassify.o(i.__ARM_fpclassify)
    i.__NVIC_SetPriority                     0x080036f8   Section        0  stm32f1xx_hal_cortex.o(i.__NVIC_SetPriority)
    __NVIC_SetPriority                       0x080036f9   Thumb Code    32  stm32f1xx_hal_cortex.o(i.__NVIC_SetPriority)
    i._is_digit                              0x08003718   Section        0  __printf_wp.o(i._is_digit)
    i.main                                   0x08003728   Section        0  main.o(i.main)
    locale$$code                             0x08003fe0   Section       44  lc_numeric_c.o(locale$$code)
    x$fpl$dretinf                            0x0800400c   Section       12  dretinf.o(x$fpl$dretinf)
    x$fpl$f2d                                0x08004018   Section       86  f2d.o(x$fpl$f2d)
    x$fpl$fcheck1                            0x08004070   Section       12  fcheck1.o(x$fpl$fcheck1)
    x$fpl$fcmpinf                            0x0800407c   Section       24  fcmpi.o(x$fpl$fcmpinf)
    x$fpl$fflt                               0x08004094   Section       48  fflt_clz.o(x$fpl$fflt)
    x$fpl$fleqf                              0x080040c4   Section      104  fleqf.o(x$fpl$fleqf)
    x$fpl$fnaninf                            0x0800412c   Section      140  fnaninf.o(x$fpl$fnaninf)
    x$fpl$frleqf                             0x080041b8   Section       98  frleqf.o(x$fpl$frleqf)
    x$fpl$printf1                            0x0800421a   Section        4  printf1.o(x$fpl$printf1)
    x$fpl$retnan                             0x0800421e   Section      100  retnan.o(x$fpl$retnan)
    x$fpl$scalbnf                            0x08004282   Section       76  scalbnf.o(x$fpl$scalbnf)
    x$fpl$trapveneer                         0x080042ce   Section       48  trapv.o(x$fpl$trapveneer)
    x$fpl$usenofp                            0x080042fe   Section        0  usenofp.o(x$fpl$usenofp)
    .constdata                               0x08004300   Section       16  main.o(.constdata)
    .constdata                               0x08004310   Section       18  stm32f1xx_hal_rcc.o(.constdata)
    aPredivFactorTable                       0x08004310   Data           2  stm32f1xx_hal_rcc.o(.constdata)
    aPLLMULFactorTable                       0x08004312   Data          16  stm32f1xx_hal_rcc.o(.constdata)
    .constdata                               0x08004322   Section       18  stm32f1xx_hal_rcc_ex.o(.constdata)
    aPredivFactorTable                       0x08004322   Data           2  stm32f1xx_hal_rcc_ex.o(.constdata)
    aPLLMULFactorTable                       0x08004324   Data          16  stm32f1xx_hal_rcc_ex.o(.constdata)
    .constdata                               0x08004334   Section       16  system_stm32f1xx.o(.constdata)
    .constdata                               0x08004344   Section        8  system_stm32f1xx.o(.constdata)
    .constdata                               0x0800434c   Section     6632  oled.o(.constdata)
    .constdata                               0x08005d34   Section       17  __printf_flags_wp.o(.constdata)
    maptable                                 0x08005d34   Data          17  __printf_flags_wp.o(.constdata)
    .constdata                               0x08005d48   Section      148  bigflt0.o(.constdata)
    tenpwrs_x                                0x08005d48   Data          60  bigflt0.o(.constdata)
    tenpwrs_i                                0x08005d84   Data          64  bigflt0.o(.constdata)
    locale$$data                             0x08005dfc   Section       28  lc_numeric_c.o(locale$$data)
    __lcnum_c_name                           0x08005e00   Data           2  lc_numeric_c.o(locale$$data)
    __lcnum_c_start                          0x08005e08   Data           0  lc_numeric_c.o(locale$$data)
    __lcnum_c_point                          0x08005e14   Data           0  lc_numeric_c.o(locale$$data)
    __lcnum_c_thousands                      0x08005e16   Data           0  lc_numeric_c.o(locale$$data)
    __lcnum_c_grouping                       0x08005e17   Data           0  lc_numeric_c.o(locale$$data)
    __lcnum_c_end                            0x08005e18   Data           0  lc_numeric_c.o(locale$$data)
    .data                                    0x20000000   Section       72  main.o(.data)
    prev_temp_high                           0x2000000c   Data           1  main.o(.data)
    prev_temp_low                            0x2000000d   Data           1  main.o(.data)
    prev_temp_state                          0x2000000e   Data           1  main.o(.data)
    prev_fill_idx                            0x2000000f   Data           1  main.o(.data)
    prev_water_thresh                        0x20000012   Data           2  main.o(.data)
    prev_water_val                           0x20000014   Data           2  main.o(.data)
    check_water_fill_timer                   0x2000001c   Data           4  main.o(.data)
    sensor_update_timer                      0x20000020   Data           4  main.o(.data)
    prev_water_fill                          0x20000028   Data           7  main.o(.data)
    .data                                    0x20000048   Section       12  stm32f1xx_hal.o(.data)
    .data                                    0x20000054   Section        4  system_stm32f1xx.o(.data)
    .bss                                     0x20000058   Section      160  main.o(.bss)
    .bss                                     0x200000f8   Section       48  adc.o(.bss)
    .bss                                     0x20000128   Section       72  tim.o(.bss)
    .bss                                     0x20000170   Section       32  stm32f1xx_hal_flash.o(.bss)
    .bss                                     0x20000190   Section     1152  oled.o(.bss)
    .bss                                     0x20000610   Section       96  libspace.o(.bss)
    HEAP                                     0x20000670   Section      512  startup_stm32f103xb.o(HEAP)
    Heap_Mem                                 0x20000670   Data         512  startup_stm32f103xb.o(HEAP)
    STACK                                    0x20000870   Section     1024  startup_stm32f103xb.o(STACK)
    Stack_Mem                                0x20000870   Data        1024  startup_stm32f103xb.o(STACK)
    __initial_sp                             0x20000c70   Data           0  startup_stm32f103xb.o(STACK)

    Global Symbols

    Symbol Name                              Value     Ov Type        Size  Object(Section)

    BuildAttributes$$THM_ISAv4$P$D$K$B$S$PE$A:L22UL41UL21$X:L11$S22US41US21$IEEE1$IW$USESV6$~STKCKD$USESV7$~SHL$OTIME$ROPI$IEEEJ$EBA8$UX$STANDARDLIB$REQ8$PRES8$EABIv2 0x00000000   Number         0  anon$$obj.o ABSOLUTE
    __ARM_use_no_argv                        0x00000000   Number         0  main.o ABSOLUTE
    _printf_flags                            0x00000000   Number         0  printf_stubs.o ABSOLUTE
    _printf_return_value                     0x00000000   Number         0  printf_stubs.o ABSOLUTE
    _printf_sizespec                         0x00000000   Number         0  printf_stubs.o ABSOLUTE
    _printf_widthprec                        0x00000000   Number         0  printf_stubs.o ABSOLUTE
    __ARM_exceptions_init                     - Undefined Weak Reference
    __alloca_initialize                       - Undefined Weak Reference
    __arm_preinit_                            - Undefined Weak Reference
    __cpp_initialize__aeabi_                  - Undefined Weak Reference
    __cxa_finalize                            - Undefined Weak Reference
    __sigvec_lookup                           - Undefined Weak Reference
    _atexit_init                              - Undefined Weak Reference
    _call_atexit_fns                          - Undefined Weak Reference
    _clock_init                               - Undefined Weak Reference
    _fp_trap_init                             - Undefined Weak Reference
    _fp_trap_shutdown                         - Undefined Weak Reference
    _get_lc_collate                           - Undefined Weak Reference
    _get_lc_ctype                             - Undefined Weak Reference
    _get_lc_monetary                          - Undefined Weak Reference
    _get_lc_time                              - Undefined Weak Reference
    _getenv_init                              - Undefined Weak Reference
    _handle_redirection                       - Undefined Weak Reference
    _init_alloc                               - Undefined Weak Reference
    _init_user_alloc                          - Undefined Weak Reference
    _initio                                   - Undefined Weak Reference
    _printf_truncate_signed                   - Undefined Weak Reference
    _printf_truncate_unsigned                 - Undefined Weak Reference
    _rand_init                                - Undefined Weak Reference
    _signal_finish                            - Undefined Weak Reference
    _signal_init                              - Undefined Weak Reference
    _terminate_alloc                          - Undefined Weak Reference
    _terminate_user_alloc                     - Undefined Weak Reference
    _terminateio                              - Undefined Weak Reference
    __Vectors_Size                           0x000000ec   Number         0  startup_stm32f103xb.o ABSOLUTE
    __Vectors                                0x08000000   Data           4  startup_stm32f103xb.o(RESET)
    __Vectors_End                            0x080000ec   Data           0  startup_stm32f103xb.o(RESET)
    __main                                   0x080000ed   Thumb Code     8  __main.o(!!!main)
    __scatterload                            0x080000f5   Thumb Code     0  __scatter.o(!!!scatter)
    __scatterload_rt2                        0x080000f5   Thumb Code    44  __scatter.o(!!!scatter)
    __scatterload_rt2_thumb_only             0x080000f5   Thumb Code     0  __scatter.o(!!!scatter)
    __scatterload_null                       0x08000103   Thumb Code     0  __scatter.o(!!!scatter)
    __scatterload_copy                       0x08000129   Thumb Code    26  __scatter_copy.o(!!handler_copy)
    __scatterload_zeroinit                   0x08000145   Thumb Code    28  __scatter_zi.o(!!handler_zi)
    _printf_f                                0x08000161   Thumb Code     0  _printf_f.o(.ARM.Collect$$_printf_percent$$00000003)
    _printf_percent                          0x08000161   Thumb Code     0  _printf_percent.o(.ARM.Collect$$_printf_percent$$00000000)
    _printf_d                                0x08000167   Thumb Code     0  _printf_d.o(.ARM.Collect$$_printf_percent$$00000009)
    _printf_percent_end                      0x0800016d   Thumb Code     0  _printf_percent_end.o(.ARM.Collect$$_printf_percent$$00000017)
    __rt_lib_init                            0x08000171   Thumb Code     0  libinit.o(.ARM.Collect$$libinit$$00000000)
    __rt_lib_init_fp_1                       0x08000173   Thumb Code     0  libinit2.o(.ARM.Collect$$libinit$$00000002)
    __rt_lib_init_heap_1                     0x08000173   Thumb Code     0  libinit2.o(.ARM.Collect$$libinit$$0000000A)
    __rt_lib_init_lc_common                  0x08000173   Thumb Code     0  libinit2.o(.ARM.Collect$$libinit$$0000000F)
    __rt_lib_init_preinit_1                  0x08000173   Thumb Code     0  libinit2.o(.ARM.Collect$$libinit$$00000004)
    __rt_lib_init_rand_1                     0x08000173   Thumb Code     0  libinit2.o(.ARM.Collect$$libinit$$0000000E)
    __rt_lib_init_user_alloc_1               0x08000173   Thumb Code     0  libinit2.o(.ARM.Collect$$libinit$$0000000C)
    __rt_lib_init_lc_collate_1               0x08000179   Thumb Code     0  libinit2.o(.ARM.Collect$$libinit$$00000011)
    __rt_lib_init_lc_ctype_1                 0x08000179   Thumb Code     0  libinit2.o(.ARM.Collect$$libinit$$00000013)
    __rt_lib_init_lc_monetary_1              0x08000179   Thumb Code     0  libinit2.o(.ARM.Collect$$libinit$$00000015)
    __rt_lib_init_lc_numeric_2               0x08000179   Thumb Code     0  libinit2.o(.ARM.Collect$$libinit$$00000016)
    __rt_lib_init_alloca_1                   0x08000183   Thumb Code     0  libinit2.o(.ARM.Collect$$libinit$$0000002E)
    __rt_lib_init_argv_1                     0x08000183   Thumb Code     0  libinit2.o(.ARM.Collect$$libinit$$0000002C)
    __rt_lib_init_atexit_1                   0x08000183   Thumb Code     0  libinit2.o(.ARM.Collect$$libinit$$0000001B)
    __rt_lib_init_clock_1                    0x08000183   Thumb Code     0  libinit2.o(.ARM.Collect$$libinit$$00000021)
    __rt_lib_init_cpp_1                      0x08000183   Thumb Code     0  libinit2.o(.ARM.Collect$$libinit$$00000032)
    __rt_lib_init_exceptions_1               0x08000183   Thumb Code     0  libinit2.o(.ARM.Collect$$libinit$$00000030)
    __rt_lib_init_fp_trap_1                  0x08000183   Thumb Code     0  libinit2.o(.ARM.Collect$$libinit$$0000001F)
    __rt_lib_init_getenv_1                   0x08000183   Thumb Code     0  libinit2.o(.ARM.Collect$$libinit$$00000023)
    __rt_lib_init_lc_numeric_1               0x08000183   Thumb Code     0  libinit2.o(.ARM.Collect$$libinit$$00000017)
    __rt_lib_init_lc_time_1                  0x08000183   Thumb Code     0  libinit2.o(.ARM.Collect$$libinit$$00000019)
    __rt_lib_init_return                     0x08000183   Thumb Code     0  libinit2.o(.ARM.Collect$$libinit$$00000033)
    __rt_lib_init_signal_1                   0x08000183   Thumb Code     0  libinit2.o(.ARM.Collect$$libinit$$0000001D)
    __rt_lib_init_stdio_1                    0x08000183   Thumb Code     0  libinit2.o(.ARM.Collect$$libinit$$00000025)
    __rt_lib_shutdown                        0x08000185   Thumb Code     0  libshutdown.o(.ARM.Collect$$libshutdown$$00000000)
    __rt_lib_shutdown_cpp_1                  0x08000187   Thumb Code     0  libshutdown2.o(.ARM.Collect$$libshutdown$$00000002)
    __rt_lib_shutdown_fp_trap_1              0x08000187   Thumb Code     0  libshutdown2.o(.ARM.Collect$$libshutdown$$00000007)
    __rt_lib_shutdown_heap_1                 0x08000187   Thumb Code     0  libshutdown2.o(.ARM.Collect$$libshutdown$$0000000F)
    __rt_lib_shutdown_return                 0x08000187   Thumb Code     0  libshutdown2.o(.ARM.Collect$$libshutdown$$00000010)
    __rt_lib_shutdown_signal_1               0x08000187   Thumb Code     0  libshutdown2.o(.ARM.Collect$$libshutdown$$0000000A)
    __rt_lib_shutdown_stdio_1                0x08000187   Thumb Code     0  libshutdown2.o(.ARM.Collect$$libshutdown$$00000004)
    __rt_lib_shutdown_user_alloc_1           0x08000187   Thumb Code     0  libshutdown2.o(.ARM.Collect$$libshutdown$$0000000C)
    __rt_entry                               0x08000189   Thumb Code     0  __rtentry.o(.ARM.Collect$$rtentry$$00000000)
    __rt_entry_presh_1                       0x08000189   Thumb Code     0  __rtentry2.o(.ARM.Collect$$rtentry$$00000002)
    __rt_entry_sh                            0x08000189   Thumb Code     0  __rtentry4.o(.ARM.Collect$$rtentry$$00000004)
    __rt_entry_li                            0x0800018f   Thumb Code     0  __rtentry2.o(.ARM.Collect$$rtentry$$0000000A)
    __rt_entry_postsh_1                      0x0800018f   Thumb Code     0  __rtentry2.o(.ARM.Collect$$rtentry$$00000009)
    __rt_entry_main                          0x08000193   Thumb Code     0  __rtentry2.o(.ARM.Collect$$rtentry$$0000000D)
    __rt_entry_postli_1                      0x08000193   Thumb Code     0  __rtentry2.o(.ARM.Collect$$rtentry$$0000000C)
    __rt_exit                                0x0800019b   Thumb Code     0  rtexit.o(.ARM.Collect$$rtexit$$00000000)
    __rt_exit_ls                             0x0800019d   Thumb Code     0  rtexit2.o(.ARM.Collect$$rtexit$$00000003)
    __rt_exit_prels_1                        0x0800019d   Thumb Code     0  rtexit2.o(.ARM.Collect$$rtexit$$00000002)
    __rt_exit_exit                           0x080001a1   Thumb Code     0  rtexit2.o(.ARM.Collect$$rtexit$$00000004)
    Reset_Handler                            0x080001a9   Thumb Code     8  startup_stm32f103xb.o(.text)
    ADC1_2_IRQHandler                        0x080001c3   Thumb Code     0  startup_stm32f103xb.o(.text)
    CAN1_RX1_IRQHandler                      0x080001c3   Thumb Code     0  startup_stm32f103xb.o(.text)
    CAN1_SCE_IRQHandler                      0x080001c3   Thumb Code     0  startup_stm32f103xb.o(.text)
    DMA1_Channel1_IRQHandler                 0x080001c3   Thumb Code     0  startup_stm32f103xb.o(.text)
    DMA1_Channel2_IRQHandler                 0x080001c3   Thumb Code     0  startup_stm32f103xb.o(.text)
    DMA1_Channel3_IRQHandler                 0x080001c3   Thumb Code     0  startup_stm32f103xb.o(.text)
    DMA1_Channel4_IRQHandler                 0x080001c3   Thumb Code     0  startup_stm32f103xb.o(.text)
    DMA1_Channel5_IRQHandler                 0x080001c3   Thumb Code     0  startup_stm32f103xb.o(.text)
    DMA1_Channel6_IRQHandler                 0x080001c3   Thumb Code     0  startup_stm32f103xb.o(.text)
    DMA1_Channel7_IRQHandler                 0x080001c3   Thumb Code     0  startup_stm32f103xb.o(.text)
    EXTI0_IRQHandler                         0x080001c3   Thumb Code     0  startup_stm32f103xb.o(.text)
    EXTI1_IRQHandler                         0x080001c3   Thumb Code     0  startup_stm32f103xb.o(.text)
    EXTI2_IRQHandler                         0x080001c3   Thumb Code     0  startup_stm32f103xb.o(.text)
    EXTI3_IRQHandler                         0x080001c3   Thumb Code     0  startup_stm32f103xb.o(.text)
    EXTI4_IRQHandler                         0x080001c3   Thumb Code     0  startup_stm32f103xb.o(.text)
    EXTI9_5_IRQHandler                       0x080001c3   Thumb Code     0  startup_stm32f103xb.o(.text)
    FLASH_IRQHandler                         0x080001c3   Thumb Code     0  startup_stm32f103xb.o(.text)
    I2C1_ER_IRQHandler                       0x080001c3   Thumb Code     0  startup_stm32f103xb.o(.text)
    I2C1_EV_IRQHandler                       0x080001c3   Thumb Code     0  startup_stm32f103xb.o(.text)
    I2C2_ER_IRQHandler                       0x080001c3   Thumb Code     0  startup_stm32f103xb.o(.text)
    I2C2_EV_IRQHandler                       0x080001c3   Thumb Code     0  startup_stm32f103xb.o(.text)
    PVD_IRQHandler                           0x080001c3   Thumb Code     0  startup_stm32f103xb.o(.text)
    RCC_IRQHandler                           0x080001c3   Thumb Code     0  startup_stm32f103xb.o(.text)
    RTC_Alarm_IRQHandler                     0x080001c3   Thumb Code     0  startup_stm32f103xb.o(.text)
    RTC_IRQHandler                           0x080001c3   Thumb Code     0  startup_stm32f103xb.o(.text)
    SPI1_IRQHandler                          0x080001c3   Thumb Code     0  startup_stm32f103xb.o(.text)
    SPI2_IRQHandler                          0x080001c3   Thumb Code     0  startup_stm32f103xb.o(.text)
    TAMPER_IRQHandler                        0x080001c3   Thumb Code     0  startup_stm32f103xb.o(.text)
    TIM1_BRK_IRQHandler                      0x080001c3   Thumb Code     0  startup_stm32f103xb.o(.text)
    TIM1_CC_IRQHandler                       0x080001c3   Thumb Code     0  startup_stm32f103xb.o(.text)
    TIM1_TRG_COM_IRQHandler                  0x080001c3   Thumb Code     0  startup_stm32f103xb.o(.text)
    TIM2_IRQHandler                          0x080001c3   Thumb Code     0  startup_stm32f103xb.o(.text)
    TIM3_IRQHandler                          0x080001c3   Thumb Code     0  startup_stm32f103xb.o(.text)
    TIM4_IRQHandler                          0x080001c3   Thumb Code     0  startup_stm32f103xb.o(.text)
    USART1_IRQHandler                        0x080001c3   Thumb Code     0  startup_stm32f103xb.o(.text)
    USART2_IRQHandler                        0x080001c3   Thumb Code     0  startup_stm32f103xb.o(.text)
    USART3_IRQHandler                        0x080001c3   Thumb Code     0  startup_stm32f103xb.o(.text)
    USBWakeUp_IRQHandler                     0x080001c3   Thumb Code     0  startup_stm32f103xb.o(.text)
    USB_HP_CAN1_TX_IRQHandler                0x080001c3   Thumb Code     0  startup_stm32f103xb.o(.text)
    USB_LP_CAN1_RX0_IRQHandler               0x080001c3   Thumb Code     0  startup_stm32f103xb.o(.text)
    WWDG_IRQHandler                          0x080001c3   Thumb Code     0  startup_stm32f103xb.o(.text)
    __user_initial_stackheap                 0x080001c5   Thumb Code     0  startup_stm32f103xb.o(.text)
    __aeabi_llsr                             0x080001e9   Thumb Code     0  llushr.o(.text)
    _ll_ushift_r                             0x080001e9   Thumb Code    38  llushr.o(.text)
    __2sprintf                               0x08000211   Thumb Code    34  noretval__2sprintf.o(.text)
    _printf_pre_padding                      0x08000239   Thumb Code    44  _printf_pad.o(.text)
    _printf_post_padding                     0x08000265   Thumb Code    34  _printf_pad.o(.text)
    _printf_int_dec                          0x08000289   Thumb Code   104  _printf_dec.o(.text)
    __printf                                 0x08000301   Thumb Code   308  __printf_flags_wp.o(.text)
    __aeabi_memcpy4                          0x08000439   Thumb Code     0  rt_memcpy_w.o(.text)
    __aeabi_memcpy8                          0x08000439   Thumb Code     0  rt_memcpy_w.o(.text)
    __rt_memcpy_w                            0x08000439   Thumb Code   100  rt_memcpy_w.o(.text)
    _memcpy_lastbytes_aligned                0x08000481   Thumb Code     0  rt_memcpy_w.o(.text)
    __aeabi_memclr4                          0x0800049d   Thumb Code     0  rt_memclr_w.o(.text)
    __aeabi_memclr8                          0x0800049d   Thumb Code     0  rt_memclr_w.o(.text)
    __rt_memclr_w                            0x0800049d   Thumb Code    78  rt_memclr_w.o(.text)
    _memset_w                                0x080004a1   Thumb Code     0  rt_memclr_w.o(.text)
    __use_two_region_memory                  0x080004eb   Thumb Code     2  heapauxi.o(.text)
    __rt_heap_escrow$2region                 0x080004ed   Thumb Code     2  heapauxi.o(.text)
    __rt_heap_expand$2region                 0x080004ef   Thumb Code     2  heapauxi.o(.text)
    _printf_int_common                       0x080004f1   Thumb Code   178  _printf_intcommon.o(.text)
    __lib_sel_fp_printf                      0x080005a3   Thumb Code     2  _printf_fp_dec.o(.text)
    _printf_fp_dec_real                      0x08000755   Thumb Code   620  _printf_fp_dec.o(.text)
    _printf_char_common                      0x080009cb   Thumb Code    32  _printf_char_common.o(.text)
    _sputc                                   0x080009f1   Thumb Code    10  _sputc.o(.text)
    __rt_locale                              0x080009fd   Thumb Code     8  rt_locale_intlibspace.o(.text)
    _ll_udiv10                               0x08000a05   Thumb Code   138  lludiv10.o(.text)
    _printf_fp_infnan                        0x08000a91   Thumb Code   112  _printf_fp_infnan.o(.text)
    _btod_etento                             0x08000b11   Thumb Code   224  bigflt0.o(.text)
    __user_libspace                          0x08000bf5   Thumb Code     8  libspace.o(.text)
    __user_perproc_libspace                  0x08000bf5   Thumb Code     0  libspace.o(.text)
    __user_perthread_libspace                0x08000bf5   Thumb Code     0  libspace.o(.text)
    __user_setup_stackheap                   0x08000bfd   Thumb Code    74  sys_stackheap_outer.o(.text)
    exit                                     0x08000c47   Thumb Code    18  exit.o(.text)
    strcmp                                   0x08000c59   Thumb Code   128  strcmpv7m.o(.text)
    _sys_exit                                0x08000cd9   Thumb Code     8  sys_exit.o(.text)
    __I$use$semihosting                      0x08000ce5   Thumb Code     0  use_no_semi.o(.text)
    __use_no_semihosting_swi                 0x08000ce5   Thumb Code     2  use_no_semi.o(.text)
    __semihosting_library_function           0x08000ce7   Thumb Code     0  indicate_semi.o(.text)
    _btod_d2e                                0x08000ce7   Thumb Code    62  btod.o(CL$$btod_d2e)
    _d2e_denorm_low                          0x08000d25   Thumb Code    70  btod.o(CL$$btod_d2e_denorm_low)
    _d2e_norm_op1                            0x08000d6b   Thumb Code    96  btod.o(CL$$btod_d2e_norm_op1)
    __btod_div_common                        0x08000dcb   Thumb Code   696  btod.o(CL$$btod_div_common)
    _e2e                                     0x08001103   Thumb Code   220  btod.o(CL$$btod_e2e)
    _btod_ediv                               0x080011df   Thumb Code    42  btod.o(CL$$btod_ediv)
    _btod_emul                               0x08001209   Thumb Code    42  btod.o(CL$$btod_emul)
    __btod_mult_common                       0x08001233   Thumb Code   580  btod.o(CL$$btod_mult_common)
    ADC_ConversionStop_Disable               0x08001479   Thumb Code    86  stm32f1xx_hal_adc.o(i.ADC_ConversionStop_Disable)
    ADC_Enable                               0x080014d1   Thumb Code   114  stm32f1xx_hal_adc.o(i.ADC_Enable)
    BusFault_Handler                         0x0800154d   Thumb Code     2  stm32f1xx_it.o(i.BusFault_Handler)
    CalculateChecksum                        0x0800154f   Thumb Code    16  main.o(i.CalculateChecksum)
    DS1302_BcdToDec                          0x0800155f   Thumb Code    18  ds1302.o(i.DS1302_BcdToDec)
    DS1302_DecToBcd                          0x08001591   Thumb Code    22  ds1302.o(i.DS1302_DecToBcd)
    DS1302_Delay_us                          0x080015a7   Thumb Code    16  ds1302.o(i.DS1302_Delay_us)
    DS1302_GetTime                           0x080015b7   Thumb Code    98  ds1302.o(i.DS1302_GetTime)
    DS1302_Init                              0x08001619   Thumb Code    40  ds1302.o(i.DS1302_Init)
    DS1302_ReadByte                          0x08001645   Thumb Code    92  ds1302.o(i.DS1302_ReadByte)
    DS1302_ReadReg                           0x080016a5   Thumb Code    80  ds1302.o(i.DS1302_ReadReg)
    DS1302_SetTime                           0x080016f9   Thumb Code   118  ds1302.o(i.DS1302_SetTime)
    DS1302_WriteByte                         0x08001771   Thumb Code    80  ds1302.o(i.DS1302_WriteByte)
    DS1302_WriteReg                          0x080017c5   Thumb Code    82  ds1302.o(i.DS1302_WriteReg)
    DS18B20_Check                            0x0800181d   Thumb Code    92  ds18b20.o(i.DS18B20_Check)
    DS18B20_Get_Temperature                  0x0800187d   Thumb Code    92  ds18b20.o(i.DS18B20_Get_Temperature)
    DS18B20_IO_IN                            0x080018dd   Thumb Code    26  ds18b20.o(i.DS18B20_IO_IN)
    DS18B20_IO_OUT                           0x080018fd   Thumb Code    28  ds18b20.o(i.DS18B20_IO_OUT)
    DS18B20_Init                             0x0800191d   Thumb Code    20  ds18b20.o(i.DS18B20_Init)
    DS18B20_Read_Byte                        0x08001935   Thumb Code    82  ds18b20.o(i.DS18B20_Read_Byte)
    DS18B20_Rst                              0x0800198d   Thumb Code    46  ds18b20.o(i.DS18B20_Rst)
    DS18B20_Write_Byte                       0x080019c1   Thumb Code    92  ds18b20.o(i.DS18B20_Write_Byte)
    DebugMon_Handler                         0x08001a21   Thumb Code     2  stm32f1xx_it.o(i.DebugMon_Handler)
    Delay_us                                 0x08001a23   Thumb Code    16  ds18b20.o(i.Delay_us)
    EXTI15_10_IRQHandler                     0x08001a33   Thumb Code    30  stm32f1xx_it.o(i.EXTI15_10_IRQHandler)
    Error_Handler                            0x08001a51   Thumb Code     4  main.o(i.Error_Handler)
    FLASH_PageErase                          0x08001a79   Thumb Code    28  stm32f1xx_hal_flash_ex.o(i.FLASH_PageErase)
    FLASH_WaitForLastOperation               0x08001b15   Thumb Code    80  stm32f1xx_hal_flash.o(i.FLASH_WaitForLastOperation)
    HAL_ADC_ConfigChannel                    0x08001b69   Thumb Code   240  stm32f1xx_hal_adc.o(i.HAL_ADC_ConfigChannel)
    HAL_ADC_GetValue                         0x08001c65   Thumb Code     6  stm32f1xx_hal_adc.o(i.HAL_ADC_GetValue)
    HAL_ADC_Init                             0x08001c6d   Thumb Code   272  stm32f1xx_hal_adc.o(i.HAL_ADC_Init)
    HAL_ADC_MspInit                          0x08001d89   Thumb Code    76  adc.o(i.HAL_ADC_MspInit)
    HAL_ADC_PollForConversion                0x08001de1   Thumb Code   304  stm32f1xx_hal_adc.o(i.HAL_ADC_PollForConversion)
    HAL_ADC_Start                            0x08001f1d   Thumb Code   184  stm32f1xx_hal_adc.o(i.HAL_ADC_Start)
    HAL_ADC_Stop                             0x08001fdd   Thumb Code    52  stm32f1xx_hal_adc.o(i.HAL_ADC_Stop)
    HAL_Delay                                0x08002011   Thumb Code    32  stm32f1xx_hal.o(i.HAL_Delay)
    HAL_FLASHEx_Erase                        0x08002035   Thumb Code   160  stm32f1xx_hal_flash_ex.o(i.HAL_FLASHEx_Erase)
    HAL_FLASH_Lock                           0x080020dd   Thumb Code    14  stm32f1xx_hal_flash.o(i.HAL_FLASH_Lock)
    HAL_FLASH_Program                        0x080020f1   Thumb Code   120  stm32f1xx_hal_flash.o(i.HAL_FLASH_Program)
    HAL_FLASH_Unlock                         0x08002171   Thumb Code    28  stm32f1xx_hal_flash.o(i.HAL_FLASH_Unlock)
    HAL_GPIO_EXTI_Callback                   0x08002199   Thumb Code    34  main.o(i.HAL_GPIO_EXTI_Callback)
    HAL_GPIO_EXTI_IRQHandler                 0x080021c1   Thumb Code    18  stm32f1xx_hal_gpio.o(i.HAL_GPIO_EXTI_IRQHandler)
    HAL_GPIO_Init                            0x080021d9   Thumb Code   446  stm32f1xx_hal_gpio.o(i.HAL_GPIO_Init)
    HAL_GPIO_ReadPin                         0x080023b9   Thumb Code    10  stm32f1xx_hal_gpio.o(i.HAL_GPIO_ReadPin)
    HAL_GPIO_WritePin                        0x080023c3   Thumb Code    10  stm32f1xx_hal_gpio.o(i.HAL_GPIO_WritePin)
    HAL_GetTick                              0x080023cd   Thumb Code     6  stm32f1xx_hal.o(i.HAL_GetTick)
    HAL_IncTick                              0x080023d9   Thumb Code    12  stm32f1xx_hal.o(i.HAL_IncTick)
    HAL_Init                                 0x080023e9   Thumb Code    32  stm32f1xx_hal.o(i.HAL_Init)
    HAL_InitTick                             0x0800240d   Thumb Code    54  stm32f1xx_hal.o(i.HAL_InitTick)
    HAL_MspInit                              0x0800244d   Thumb Code    52  stm32f1xx_hal_msp.o(i.HAL_MspInit)
    HAL_NVIC_EnableIRQ                       0x08002489   Thumb Code    26  stm32f1xx_hal_cortex.o(i.HAL_NVIC_EnableIRQ)
    HAL_NVIC_SetPriority                     0x080024a5   Thumb Code    60  stm32f1xx_hal_cortex.o(i.HAL_NVIC_SetPriority)
    HAL_NVIC_SetPriorityGrouping             0x080024e5   Thumb Code    26  stm32f1xx_hal_cortex.o(i.HAL_NVIC_SetPriorityGrouping)
    HAL_RCCEx_GetPeriphCLKFreq               0x08002509   Thumb Code   148  stm32f1xx_hal_rcc_ex.o(i.HAL_RCCEx_GetPeriphCLKFreq)
    HAL_RCCEx_PeriphCLKConfig                0x080025ad   Thumb Code   224  stm32f1xx_hal_rcc_ex.o(i.HAL_RCCEx_PeriphCLKConfig)
    HAL_RCC_ClockConfig                      0x08002699   Thumb Code   280  stm32f1xx_hal_rcc.o(i.HAL_RCC_ClockConfig)
    HAL_RCC_GetPCLK2Freq                     0x080027c5   Thumb Code    20  stm32f1xx_hal_rcc.o(i.HAL_RCC_GetPCLK2Freq)
    HAL_RCC_GetSysClockFreq                  0x080027e5   Thumb Code    58  stm32f1xx_hal_rcc.o(i.HAL_RCC_GetSysClockFreq)
    HAL_RCC_OscConfig                        0x08002831   Thumb Code   778  stm32f1xx_hal_rcc.o(i.HAL_RCC_OscConfig)
    HAL_SYSTICK_Config                       0x08002b51   Thumb Code    40  stm32f1xx_hal_cortex.o(i.HAL_SYSTICK_Config)
    HAL_TIMEx_BreakCallback                  0x08002b79   Thumb Code     2  stm32f1xx_hal_tim_ex.o(i.HAL_TIMEx_BreakCallback)
    HAL_TIMEx_CommutCallback                 0x08002b7b   Thumb Code     2  stm32f1xx_hal_tim_ex.o(i.HAL_TIMEx_CommutCallback)
    HAL_TIMEx_MasterConfigSynchronization    0x08002b7d   Thumb Code    92  stm32f1xx_hal_tim_ex.o(i.HAL_TIMEx_MasterConfigSynchronization)
    HAL_TIM_Base_Init                        0x08002be5   Thumb Code    90  stm32f1xx_hal_tim.o(i.HAL_TIM_Base_Init)
    HAL_TIM_Base_MspInit                     0x08002c41   Thumb Code    50  tim.o(i.HAL_TIM_Base_MspInit)
    HAL_TIM_Base_Start_IT                    0x08002c7d   Thumb Code    76  stm32f1xx_hal_tim.o(i.HAL_TIM_Base_Start_IT)
    HAL_TIM_ConfigClockSource                0x08002cd5   Thumb Code   220  stm32f1xx_hal_tim.o(i.HAL_TIM_ConfigClockSource)
    HAL_TIM_IC_CaptureCallback               0x08002db1   Thumb Code     2  stm32f1xx_hal_tim.o(i.HAL_TIM_IC_CaptureCallback)
    HAL_TIM_IRQHandler                       0x08002db3   Thumb Code   304  stm32f1xx_hal_tim.o(i.HAL_TIM_IRQHandler)
    HAL_TIM_OC_DelayElapsedCallback          0x08002ee3   Thumb Code     2  stm32f1xx_hal_tim.o(i.HAL_TIM_OC_DelayElapsedCallback)
    HAL_TIM_PWM_PulseFinishedCallback        0x08002ee5   Thumb Code     2  stm32f1xx_hal_tim.o(i.HAL_TIM_PWM_PulseFinishedCallback)
    HAL_TIM_PeriodElapsedCallback            0x08002ee9   Thumb Code    16  main.o(i.HAL_TIM_PeriodElapsedCallback)
    HAL_TIM_TriggerCallback                  0x08002f01   Thumb Code     2  stm32f1xx_hal_tim.o(i.HAL_TIM_TriggerCallback)
    HardFault_Handler                        0x08002f03   Thumb Code     2  stm32f1xx_it.o(i.HardFault_Handler)
    I2C_Start                                0x08002f05   Thumb Code    64  oled.o(i.I2C_Start)
    I2C_Stop                                 0x08002f49   Thumb Code    46  oled.o(i.I2C_Stop)
    I2C_WaitAck                              0x08002f7d   Thumb Code    52  oled.o(i.I2C_WaitAck)
    IIC_delay                                0x08002fb5   Thumb Code    10  oled.o(i.IIC_delay)
    LoadParamsFromFlash                      0x08002fc1   Thumb Code    32  main.o(i.LoadParamsFromFlash)
    MX_ADC1_Init                             0x08002fe9   Thumb Code    70  adc.o(i.MX_ADC1_Init)
    MX_GPIO_Init                             0x08003039   Thumb Code   242  gpio.o(i.MX_GPIO_Init)
    MX_TIM1_Init                             0x08003141   Thumb Code    96  tim.o(i.MX_TIM1_Init)
    MemManage_Handler                        0x080031a9   Thumb Code     2  stm32f1xx_it.o(i.MemManage_Handler)
    NMI_Handler                              0x080031ab   Thumb Code     2  stm32f1xx_it.o(i.NMI_Handler)
    OLED_Clear                               0x080031ad   Thumb Code    40  oled.o(i.OLED_Clear)
    OLED_DrawPoint                           0x080031d9   Thumb Code    40  oled.o(i.OLED_DrawPoint)
    OLED_Init                                0x08003205   Thumb Code   218  oled.o(i.OLED_Init)
    OLED_Refresh                             0x080032e1   Thumb Code   100  oled.o(i.OLED_Refresh)
    OLED_ShowChar                            0x08003349   Thumb Code   212  oled.o(i.OLED_ShowChar)
    OLED_ShowString                          0x0800342d   Thumb Code    60  oled.o(i.OLED_ShowString)
    OLED_WR_Byte                             0x08003469   Thumb Code    54  oled.o(i.OLED_WR_Byte)
    PendSV_Handler                           0x0800349f   Thumb Code     2  stm32f1xx_it.o(i.PendSV_Handler)
    SVC_Handler                              0x080034a1   Thumb Code     2  stm32f1xx_it.o(i.SVC_Handler)
    SaveParamsToFlash                        0x080034a5   Thumb Code    96  main.o(i.SaveParamsToFlash)
    Send_Byte                                0x0800350d   Thumb Code    78  oled.o(i.Send_Byte)
    SysTick_Handler                          0x08003561   Thumb Code     4  stm32f1xx_it.o(i.SysTick_Handler)
    SystemClock_Config                       0x08003565   Thumb Code   120  main.o(i.SystemClock_Config)
    SystemInit                               0x080035dd   Thumb Code     2  system_stm32f1xx.o(i.SystemInit)
    TIM1_UP_IRQHandler                       0x080035e1   Thumb Code     6  stm32f1xx_it.o(i.TIM1_UP_IRQHandler)
    TIM_Base_SetConfig                       0x080035ed   Thumb Code   108  stm32f1xx_hal_tim.o(i.TIM_Base_SetConfig)
    TIM_ETR_SetConfig                        0x08003665   Thumb Code    20  stm32f1xx_hal_tim.o(i.TIM_ETR_SetConfig)
    UsageFault_Handler                       0x080036cf   Thumb Code     2  stm32f1xx_it.o(i.UsageFault_Handler)
    __ARM_fpclassify                         0x080036d1   Thumb Code    40  fpclassify.o(i.__ARM_fpclassify)
    _is_digit                                0x08003719   Thumb Code    14  __printf_wp.o(i._is_digit)
    main                                     0x08003729   Thumb Code  1896  main.o(i.main)
    _get_lc_numeric                          0x08003fe1   Thumb Code    44  lc_numeric_c.o(locale$$code)
    __fpl_dretinf                            0x0800400d   Thumb Code    12  dretinf.o(x$fpl$dretinf)
    __aeabi_f2d                              0x08004019   Thumb Code     0  f2d.o(x$fpl$f2d)
    _f2d                                     0x08004019   Thumb Code    86  f2d.o(x$fpl$f2d)
    __fpl_fcheck_NaN1                        0x08004071   Thumb Code     6  fcheck1.o(x$fpl$fcheck1)
    __fpl_fcmp_Inf                           0x0800407d   Thumb Code    24  fcmpi.o(x$fpl$fcmpinf)
    __aeabi_i2f                              0x08004095   Thumb Code     0  fflt_clz.o(x$fpl$fflt)
    _fflt                                    0x08004095   Thumb Code    48  fflt_clz.o(x$fpl$fflt)
    __aeabi_cfcmple                          0x080040c5   Thumb Code     0  fleqf.o(x$fpl$fleqf)
    _fcmple                                  0x080040c5   Thumb Code   104  fleqf.o(x$fpl$fleqf)
    __fpl_fcmple_InfNaN                      0x08004117   Thumb Code     0  fleqf.o(x$fpl$fleqf)
    __fpl_fnaninf                            0x0800412d   Thumb Code   140  fnaninf.o(x$fpl$fnaninf)
    __aeabi_cfrcmple                         0x080041b9   Thumb Code     0  frleqf.o(x$fpl$frleqf)
    _frcmple                                 0x080041b9   Thumb Code    98  frleqf.o(x$fpl$frleqf)
    _printf_fp_dec                           0x0800421b   Thumb Code     4  printf1.o(x$fpl$printf1)
    __fpl_return_NaN                         0x0800421f   Thumb Code   100  retnan.o(x$fpl$retnan)
    __ARM_scalbnf                            0x08004283   Thumb Code    76  scalbnf.o(x$fpl$scalbnf)
    __fpl_cmpreturn                          0x080042cf   Thumb Code    48  trapv.o(x$fpl$trapveneer)
    __I$use$fp                               0x080042fe   Number         0  usenofp.o(x$fpl$usenofp)
    AHBPrescTable                            0x08004334   Data          16  system_stm32f1xx.o(.constdata)
    APBPrescTable                            0x08004344   Data           8  system_stm32f1xx.o(.constdata)
    asc2_0806                                0x0800434c   Data         552  oled.o(.constdata)
    asc2_1206                                0x08004574   Data        1140  oled.o(.constdata)
    asc2_1608                                0x080049e8   Data        1520  oled.o(.constdata)
    asc2_2412                                0x08004fd8   Data        3420  oled.o(.constdata)
    Region$$Table$$Base                      0x08005ddc   Number         0  anon$$obj.o(Region$$Table)
    Region$$Table$$Limit                     0x08005dfc   Number         0  anon$$obj.o(Region$$Table)
    time_update_flag                         0x20000000   Data           1  main.o(.data)
    key1_pressed                             0x20000001   Data           1  main.o(.data)
    key2_pressed                             0x20000002   Data           1  main.o(.data)
    key3_pressed                             0x20000003   Data           1  main.o(.data)
    current_state                            0x20000004   Data           1  main.o(.data)
    setting_index                            0x20000005   Data           1  main.o(.data)
    temp_high_threshold                      0x20000006   Data           1  main.o(.data)
    temp_low_threshold                       0x20000007   Data           1  main.o(.data)
    water_fill_active                        0x20000008   Data           1  main.o(.data)
    water_fill_triggered                     0x20000009   Data           1  main.o(.data)
    heating_active                           0x2000000a   Data           1  main.o(.data)
    previous_state                           0x2000000b   Data           1  main.o(.data)
    water_level_threshold                    0x20000010   Data           2  main.o(.data)
    adc_value                                0x20000016   Data           2  main.o(.data)
    water_fill_start_time                    0x20000018   Data           4  main.o(.data)
    temperature                              0x20000024   Data           4  main.o(.data)
    time                                     0x2000002f   Data           7  main.o(.data)
    water_fill_time                          0x20000036   Data           7  main.o(.data)
    user_params                              0x20000040   Data           8  main.o(.data)
    uwTickFreq                               0x20000048   Data           1  stm32f1xx_hal.o(.data)
    uwTickPrio                               0x2000004c   Data           4  stm32f1xx_hal.o(.data)
    uwTick                                   0x20000050   Data           4  stm32f1xx_hal.o(.data)
    SystemCoreClock                          0x20000054   Data           4  system_stm32f1xx.o(.data)
    time_str                                 0x20000058   Data          32  main.o(.bss)
    display_line1                            0x20000078   Data          32  main.o(.bss)
    display_line2                            0x20000098   Data          32  main.o(.bss)
    display_line3                            0x200000b8   Data          32  main.o(.bss)
    display_line4                            0x200000d8   Data          32  main.o(.bss)
    hadc1                                    0x200000f8   Data          48  adc.o(.bss)
    htim1                                    0x20000128   Data          72  tim.o(.bss)
    pFlash                                   0x20000170   Data          32  stm32f1xx_hal_flash.o(.bss)
    OLED_GRAM                                0x20000190   Data        1152  oled.o(.bss)
    __libspace_start                         0x20000610   Data          96  libspace.o(.bss)
    __temporary_stack_top$libspace           0x20000670   Data           0  libspace.o(.bss)



==============================================================================

Memory Map of the image

  Image Entry point : 0x080000ed

  Load Region LR_IROM1 (Base: 0x08000000, Size: 0x00005e70, Max: 0x00010000, ABSOLUTE)

    Execution Region ER_IROM1 (Exec base: 0x08000000, Load base: 0x08000000, Size: 0x00005e18, Max: 0x00010000, ABSOLUTE)

    Exec Addr    Load Addr    Size         Type   Attr      Idx    E Section Name        Object

    0x08000000   0x08000000   0x000000ec   Data   RO            3    RESET               startup_stm32f103xb.o
    0x080000ec   0x080000ec   0x00000008   Code   RO         3081  * !!!main             c_w.l(__main.o)
    0x080000f4   0x080000f4   0x00000034   Code   RO         3321    !!!scatter          c_w.l(__scatter.o)
    0x08000128   0x08000128   0x0000001a   Code   RO         3323    !!handler_copy      c_w.l(__scatter_copy.o)
    0x08000142   0x08000142   0x00000002   PAD
    0x08000144   0x08000144   0x0000001c   Code   RO         3325    !!handler_zi        c_w.l(__scatter_zi.o)
    0x08000160   0x08000160   0x00000000   Code   RO         3074    .ARM.Collect$$_printf_percent$$00000000  c_w.l(_printf_percent.o)
    0x08000160   0x08000160   0x00000006   Code   RO         3073    .ARM.Collect$$_printf_percent$$00000003  c_w.l(_printf_f.o)
    0x08000166   0x08000166   0x00000006   Code   RO         3072    .ARM.Collect$$_printf_percent$$00000009  c_w.l(_printf_d.o)
    0x0800016c   0x0800016c   0x00000004   Code   RO         3108    .ARM.Collect$$_printf_percent$$00000017  c_w.l(_printf_percent_end.o)
    0x08000170   0x08000170   0x00000002   Code   RO         3192    .ARM.Collect$$libinit$$00000000  c_w.l(libinit.o)
    0x08000172   0x08000172   0x00000000   Code   RO         3194    .ARM.Collect$$libinit$$00000002  c_w.l(libinit2.o)
    0x08000172   0x08000172   0x00000000   Code   RO         3196    .ARM.Collect$$libinit$$00000004  c_w.l(libinit2.o)
    0x08000172   0x08000172   0x00000000   Code   RO         3199    .ARM.Collect$$libinit$$0000000A  c_w.l(libinit2.o)
    0x08000172   0x08000172   0x00000000   Code   RO         3201    .ARM.Collect$$libinit$$0000000C  c_w.l(libinit2.o)
    0x08000172   0x08000172   0x00000000   Code   RO         3203    .ARM.Collect$$libinit$$0000000E  c_w.l(libinit2.o)
    0x08000172   0x08000172   0x00000006   Code   RO         3204    .ARM.Collect$$libinit$$0000000F  c_w.l(libinit2.o)
    0x08000178   0x08000178   0x00000000   Code   RO         3206    .ARM.Collect$$libinit$$00000011  c_w.l(libinit2.o)
    0x08000178   0x08000178   0x00000000   Code   RO         3208    .ARM.Collect$$libinit$$00000013  c_w.l(libinit2.o)
    0x08000178   0x08000178   0x00000000   Code   RO         3210    .ARM.Collect$$libinit$$00000015  c_w.l(libinit2.o)
    0x08000178   0x08000178   0x0000000a   Code   RO         3211    .ARM.Collect$$libinit$$00000016  c_w.l(libinit2.o)
    0x08000182   0x08000182   0x00000000   Code   RO         3212    .ARM.Collect$$libinit$$00000017  c_w.l(libinit2.o)
    0x08000182   0x08000182   0x00000000   Code   RO         3214    .ARM.Collect$$libinit$$00000019  c_w.l(libinit2.o)
    0x08000182   0x08000182   0x00000000   Code   RO         3216    .ARM.Collect$$libinit$$0000001B  c_w.l(libinit2.o)
    0x08000182   0x08000182   0x00000000   Code   RO         3218    .ARM.Collect$$libinit$$0000001D  c_w.l(libinit2.o)
    0x08000182   0x08000182   0x00000000   Code   RO         3220    .ARM.Collect$$libinit$$0000001F  c_w.l(libinit2.o)
    0x08000182   0x08000182   0x00000000   Code   RO         3222    .ARM.Collect$$libinit$$00000021  c_w.l(libinit2.o)
    0x08000182   0x08000182   0x00000000   Code   RO         3224    .ARM.Collect$$libinit$$00000023  c_w.l(libinit2.o)
    0x08000182   0x08000182   0x00000000   Code   RO         3226    .ARM.Collect$$libinit$$00000025  c_w.l(libinit2.o)
    0x08000182   0x08000182   0x00000000   Code   RO         3230    .ARM.Collect$$libinit$$0000002C  c_w.l(libinit2.o)
    0x08000182   0x08000182   0x00000000   Code   RO         3232    .ARM.Collect$$libinit$$0000002E  c_w.l(libinit2.o)
    0x08000182   0x08000182   0x00000000   Code   RO         3234    .ARM.Collect$$libinit$$00000030  c_w.l(libinit2.o)
    0x08000182   0x08000182   0x00000000   Code   RO         3236    .ARM.Collect$$libinit$$00000032  c_w.l(libinit2.o)
    0x08000182   0x08000182   0x00000002   Code   RO         3237    .ARM.Collect$$libinit$$00000033  c_w.l(libinit2.o)
    0x08000184   0x08000184   0x00000002   Code   RO         3269    .ARM.Collect$$libshutdown$$00000000  c_w.l(libshutdown.o)
    0x08000186   0x08000186   0x00000000   Code   RO         3280    .ARM.Collect$$libshutdown$$00000002  c_w.l(libshutdown2.o)
    0x08000186   0x08000186   0x00000000   Code   RO         3282    .ARM.Collect$$libshutdown$$00000004  c_w.l(libshutdown2.o)
    0x08000186   0x08000186   0x00000000   Code   RO         3285    .ARM.Collect$$libshutdown$$00000007  c_w.l(libshutdown2.o)
    0x08000186   0x08000186   0x00000000   Code   RO         3288    .ARM.Collect$$libshutdown$$0000000A  c_w.l(libshutdown2.o)
    0x08000186   0x08000186   0x00000000   Code   RO         3290    .ARM.Collect$$libshutdown$$0000000C  c_w.l(libshutdown2.o)
    0x08000186   0x08000186   0x00000000   Code   RO         3293    .ARM.Collect$$libshutdown$$0000000F  c_w.l(libshutdown2.o)
    0x08000186   0x08000186   0x00000002   Code   RO         3294    .ARM.Collect$$libshutdown$$00000010  c_w.l(libshutdown2.o)
    0x08000188   0x08000188   0x00000000   Code   RO         3099    .ARM.Collect$$rtentry$$00000000  c_w.l(__rtentry.o)
    0x08000188   0x08000188   0x00000000   Code   RO         3119    .ARM.Collect$$rtentry$$00000002  c_w.l(__rtentry2.o)
    0x08000188   0x08000188   0x00000006   Code   RO         3131    .ARM.Collect$$rtentry$$00000004  c_w.l(__rtentry4.o)
    0x0800018e   0x0800018e   0x00000000   Code   RO         3121    .ARM.Collect$$rtentry$$00000009  c_w.l(__rtentry2.o)
    0x0800018e   0x0800018e   0x00000004   Code   RO         3122    .ARM.Collect$$rtentry$$0000000A  c_w.l(__rtentry2.o)
    0x08000192   0x08000192   0x00000000   Code   RO         3124    .ARM.Collect$$rtentry$$0000000C  c_w.l(__rtentry2.o)
    0x08000192   0x08000192   0x00000008   Code   RO         3125    .ARM.Collect$$rtentry$$0000000D  c_w.l(__rtentry2.o)
    0x0800019a   0x0800019a   0x00000002   Code   RO         3240    .ARM.Collect$$rtexit$$00000000  c_w.l(rtexit.o)
    0x0800019c   0x0800019c   0x00000000   Code   RO         3247    .ARM.Collect$$rtexit$$00000002  c_w.l(rtexit2.o)
    0x0800019c   0x0800019c   0x00000004   Code   RO         3248    .ARM.Collect$$rtexit$$00000003  c_w.l(rtexit2.o)
    0x080001a0   0x080001a0   0x00000006   Code   RO         3249    .ARM.Collect$$rtexit$$00000004  c_w.l(rtexit2.o)
    0x080001a6   0x080001a6   0x00000002   PAD
    0x080001a8   0x080001a8   0x00000040   Code   RO            4    .text               startup_stm32f103xb.o
    0x080001e8   0x080001e8   0x00000026   Code   RO         3040    .text               c_w.l(llushr.o)
    0x0800020e   0x0800020e   0x00000002   PAD
    0x08000210   0x08000210   0x00000028   Code   RO         3044    .text               c_w.l(noretval__2sprintf.o)
    0x08000238   0x08000238   0x0000004e   Code   RO         3048    .text               c_w.l(_printf_pad.o)
    0x08000286   0x08000286   0x00000002   PAD
    0x08000288   0x08000288   0x00000078   Code   RO         3050    .text               c_w.l(_printf_dec.o)
    0x08000300   0x08000300   0x00000138   Code   RO         3064    .text               c_w.l(__printf_flags_wp.o)
    0x08000438   0x08000438   0x00000064   Code   RO         3075    .text               c_w.l(rt_memcpy_w.o)
    0x0800049c   0x0800049c   0x0000004e   Code   RO         3077    .text               c_w.l(rt_memclr_w.o)
    0x080004ea   0x080004ea   0x00000006   Code   RO         3079    .text               c_w.l(heapauxi.o)
    0x080004f0   0x080004f0   0x000000b2   Code   RO         3100    .text               c_w.l(_printf_intcommon.o)
    0x080005a2   0x080005a2   0x0000041e   Code   RO         3102    .text               c_w.l(_printf_fp_dec.o)
    0x080009c0   0x080009c0   0x00000030   Code   RO         3104    .text               c_w.l(_printf_char_common.o)
    0x080009f0   0x080009f0   0x0000000a   Code   RO         3106    .text               c_w.l(_sputc.o)
    0x080009fa   0x080009fa   0x00000002   PAD
    0x080009fc   0x080009fc   0x00000008   Code   RO         3136    .text               c_w.l(rt_locale_intlibspace.o)
    0x08000a04   0x08000a04   0x0000008a   Code   RO         3138    .text               c_w.l(lludiv10.o)
    0x08000a8e   0x08000a8e   0x00000002   PAD
    0x08000a90   0x08000a90   0x00000080   Code   RO         3140    .text               c_w.l(_printf_fp_infnan.o)
    0x08000b10   0x08000b10   0x000000e4   Code   RO         3144    .text               c_w.l(bigflt0.o)
    0x08000bf4   0x08000bf4   0x00000008   Code   RO         3178    .text               c_w.l(libspace.o)
    0x08000bfc   0x08000bfc   0x0000004a   Code   RO         3181    .text               c_w.l(sys_stackheap_outer.o)
    0x08000c46   0x08000c46   0x00000012   Code   RO         3183    .text               c_w.l(exit.o)
    0x08000c58   0x08000c58   0x00000080   Code   RO         3185    .text               c_w.l(strcmpv7m.o)
    0x08000cd8   0x08000cd8   0x0000000c   Code   RO         3259    .text               c_w.l(sys_exit.o)
    0x08000ce4   0x08000ce4   0x00000002   Code   RO         3270    .text               c_w.l(use_no_semi.o)
    0x08000ce6   0x08000ce6   0x00000000   Code   RO         3272    .text               c_w.l(indicate_semi.o)
    0x08000ce6   0x08000ce6   0x0000003e   Code   RO         3147    CL$$btod_d2e        c_w.l(btod.o)
    0x08000d24   0x08000d24   0x00000046   Code   RO         3149    CL$$btod_d2e_denorm_low  c_w.l(btod.o)
    0x08000d6a   0x08000d6a   0x00000060   Code   RO         3148    CL$$btod_d2e_norm_op1  c_w.l(btod.o)
    0x08000dca   0x08000dca   0x00000338   Code   RO         3157    CL$$btod_div_common  c_w.l(btod.o)
    0x08001102   0x08001102   0x000000dc   Code   RO         3154    CL$$btod_e2e        c_w.l(btod.o)
    0x080011de   0x080011de   0x0000002a   Code   RO         3151    CL$$btod_ediv       c_w.l(btod.o)
    0x08001208   0x08001208   0x0000002a   Code   RO         3150    CL$$btod_emul       c_w.l(btod.o)
    0x08001232   0x08001232   0x00000244   Code   RO         3156    CL$$btod_mult_common  c_w.l(btod.o)
    0x08001476   0x08001476   0x00000002   PAD
    0x08001478   0x08001478   0x00000056   Code   RO          460    i.ADC_ConversionStop_Disable  stm32f1xx_hal_adc.o
    0x080014ce   0x080014ce   0x00000002   PAD
    0x080014d0   0x080014d0   0x0000007c   Code   RO          464    i.ADC_Enable        stm32f1xx_hal_adc.o
    0x0800154c   0x0800154c   0x00000002   Code   RO          312    i.BusFault_Handler  stm32f1xx_it.o
    0x0800154e   0x0800154e   0x00000010   Code   RO           13    i.CalculateChecksum  main.o
    0x0800155e   0x0800155e   0x00000012   Code   RO         2879    i.DS1302_BcdToDec   ds1302.o
    0x08001570   0x08001570   0x00000020   Code   RO         2880    i.DS1302_DAT_Mode_Out  ds1302.o
    0x08001590   0x08001590   0x00000016   Code   RO         2881    i.DS1302_DecToBcd   ds1302.o
    0x080015a6   0x080015a6   0x00000010   Code   RO         2882    i.DS1302_Delay_us   ds1302.o
    0x080015b6   0x080015b6   0x00000062   Code   RO         2883    i.DS1302_GetTime    ds1302.o
    0x08001618   0x08001618   0x0000002c   Code   RO         2884    i.DS1302_Init       ds1302.o
    0x08001644   0x08001644   0x00000060   Code   RO         2885    i.DS1302_ReadByte   ds1302.o
    0x080016a4   0x080016a4   0x00000054   Code   RO         2886    i.DS1302_ReadReg    ds1302.o
    0x080016f8   0x080016f8   0x00000076   Code   RO         2887    i.DS1302_SetTime    ds1302.o
    0x0800176e   0x0800176e   0x00000002   PAD
    0x08001770   0x08001770   0x00000054   Code   RO         2888    i.DS1302_WriteByte  ds1302.o
    0x080017c4   0x080017c4   0x00000058   Code   RO         2889    i.DS1302_WriteReg   ds1302.o
    0x0800181c   0x0800181c   0x00000060   Code   RO         2963    i.DS18B20_Check     ds18b20.o
    0x0800187c   0x0800187c   0x00000060   Code   RO         2964    i.DS18B20_Get_Temperature  ds18b20.o
    0x080018dc   0x080018dc   0x00000020   Code   RO         2965    i.DS18B20_IO_IN     ds18b20.o
    0x080018fc   0x080018fc   0x00000020   Code   RO         2966    i.DS18B20_IO_OUT    ds18b20.o
    0x0800191c   0x0800191c   0x00000018   Code   RO         2967    i.DS18B20_Init      ds18b20.o
    0x08001934   0x08001934   0x00000058   Code   RO         2968    i.DS18B20_Read_Byte  ds18b20.o
    0x0800198c   0x0800198c   0x00000034   Code   RO         2969    i.DS18B20_Rst       ds18b20.o
    0x080019c0   0x080019c0   0x00000060   Code   RO         2971    i.DS18B20_Write_Byte  ds18b20.o
    0x08001a20   0x08001a20   0x00000002   Code   RO          313    i.DebugMon_Handler  stm32f1xx_it.o
    0x08001a22   0x08001a22   0x00000010   Code   RO         2972    i.Delay_us          ds18b20.o
    0x08001a32   0x08001a32   0x0000001e   Code   RO          314    i.EXTI15_10_IRQHandler  stm32f1xx_it.o
    0x08001a50   0x08001a50   0x00000004   Code   RO           14    i.Error_Handler     main.o
    0x08001a54   0x08001a54   0x00000024   Code   RO         1556    i.FLASH_MassErase   stm32f1xx_hal_flash_ex.o
    0x08001a78   0x08001a78   0x00000024   Code   RO         1561    i.FLASH_PageErase   stm32f1xx_hal_flash_ex.o
    0x08001a9c   0x08001a9c   0x0000001c   Code   RO         1453    i.FLASH_Program_HalfWord  stm32f1xx_hal_flash.o
    0x08001ab8   0x08001ab8   0x0000005c   Code   RO         1454    i.FLASH_SetErrorCode  stm32f1xx_hal_flash.o
    0x08001b14   0x08001b14   0x00000054   Code   RO         1455    i.FLASH_WaitForLastOperation  stm32f1xx_hal_flash.o
    0x08001b68   0x08001b68   0x000000fc   Code   RO          466    i.HAL_ADC_ConfigChannel  stm32f1xx_hal_adc.o
    0x08001c64   0x08001c64   0x00000006   Code   RO          473    i.HAL_ADC_GetValue  stm32f1xx_hal_adc.o
    0x08001c6a   0x08001c6a   0x00000002   PAD
    0x08001c6c   0x08001c6c   0x0000011c   Code   RO          475    i.HAL_ADC_Init      stm32f1xx_hal_adc.o
    0x08001d88   0x08001d88   0x00000058   Code   RO          229    i.HAL_ADC_MspInit   adc.o
    0x08001de0   0x08001de0   0x0000013c   Code   RO          479    i.HAL_ADC_PollForConversion  stm32f1xx_hal_adc.o
    0x08001f1c   0x08001f1c   0x000000c0   Code   RO          481    i.HAL_ADC_Start     stm32f1xx_hal_adc.o
    0x08001fdc   0x08001fdc   0x00000034   Code   RO          484    i.HAL_ADC_Stop      stm32f1xx_hal_adc.o
    0x08002010   0x08002010   0x00000024   Code   RO          743    i.HAL_Delay         stm32f1xx_hal.o
    0x08002034   0x08002034   0x000000a8   Code   RO         1562    i.HAL_FLASHEx_Erase  stm32f1xx_hal_flash_ex.o
    0x080020dc   0x080020dc   0x00000014   Code   RO         1459    i.HAL_FLASH_Lock    stm32f1xx_hal_flash.o
    0x080020f0   0x080020f0   0x00000080   Code   RO         1464    i.HAL_FLASH_Program  stm32f1xx_hal_flash.o
    0x08002170   0x08002170   0x00000028   Code   RO         1466    i.HAL_FLASH_Unlock  stm32f1xx_hal_flash.o
    0x08002198   0x08002198   0x00000028   Code   RO           15    i.HAL_GPIO_EXTI_Callback  main.o
    0x080021c0   0x080021c0   0x00000018   Code   RO         1052    i.HAL_GPIO_EXTI_IRQHandler  stm32f1xx_hal_gpio.o
    0x080021d8   0x080021d8   0x000001e0   Code   RO         1053    i.HAL_GPIO_Init     stm32f1xx_hal_gpio.o
    0x080023b8   0x080023b8   0x0000000a   Code   RO         1055    i.HAL_GPIO_ReadPin  stm32f1xx_hal_gpio.o
    0x080023c2   0x080023c2   0x0000000a   Code   RO         1057    i.HAL_GPIO_WritePin  stm32f1xx_hal_gpio.o
    0x080023cc   0x080023cc   0x0000000c   Code   RO          747    i.HAL_GetTick       stm32f1xx_hal.o
    0x080023d8   0x080023d8   0x00000010   Code   RO          753    i.HAL_IncTick       stm32f1xx_hal.o
    0x080023e8   0x080023e8   0x00000024   Code   RO          754    i.HAL_Init          stm32f1xx_hal.o
    0x0800240c   0x0800240c   0x00000040   Code   RO          755    i.HAL_InitTick      stm32f1xx_hal.o
    0x0800244c   0x0800244c   0x0000003c   Code   RO          400    i.HAL_MspInit       stm32f1xx_hal_msp.o
    0x08002488   0x08002488   0x0000001a   Code   RO         1213    i.HAL_NVIC_EnableIRQ  stm32f1xx_hal_cortex.o
    0x080024a2   0x080024a2   0x00000002   PAD
    0x080024a4   0x080024a4   0x00000040   Code   RO         1219    i.HAL_NVIC_SetPriority  stm32f1xx_hal_cortex.o
    0x080024e4   0x080024e4   0x00000024   Code   RO         1220    i.HAL_NVIC_SetPriorityGrouping  stm32f1xx_hal_cortex.o
    0x08002508   0x08002508   0x000000a4   Code   RO         1014    i.HAL_RCCEx_GetPeriphCLKFreq  stm32f1xx_hal_rcc_ex.o
    0x080025ac   0x080025ac   0x000000ec   Code   RO         1015    i.HAL_RCCEx_PeriphCLKConfig  stm32f1xx_hal_rcc_ex.o
    0x08002698   0x08002698   0x0000012c   Code   RO          911    i.HAL_RCC_ClockConfig  stm32f1xx_hal_rcc.o
    0x080027c4   0x080027c4   0x00000020   Code   RO          919    i.HAL_RCC_GetPCLK2Freq  stm32f1xx_hal_rcc.o
    0x080027e4   0x080027e4   0x0000004c   Code   RO          920    i.HAL_RCC_GetSysClockFreq  stm32f1xx_hal_rcc.o
    0x08002830   0x08002830   0x00000320   Code   RO          923    i.HAL_RCC_OscConfig  stm32f1xx_hal_rcc.o
    0x08002b50   0x08002b50   0x00000028   Code   RO         1224    i.HAL_SYSTICK_Config  stm32f1xx_hal_cortex.o
    0x08002b78   0x08002b78   0x00000002   Code   RO         2419    i.HAL_TIMEx_BreakCallback  stm32f1xx_hal_tim_ex.o
    0x08002b7a   0x08002b7a   0x00000002   Code   RO         2420    i.HAL_TIMEx_CommutCallback  stm32f1xx_hal_tim_ex.o
    0x08002b7c   0x08002b7c   0x00000068   Code   RO         2438    i.HAL_TIMEx_MasterConfigSynchronization  stm32f1xx_hal_tim_ex.o
    0x08002be4   0x08002be4   0x0000005a   Code   RO         1715    i.HAL_TIM_Base_Init  stm32f1xx_hal_tim.o
    0x08002c3e   0x08002c3e   0x00000002   PAD
    0x08002c40   0x08002c40   0x0000003c   Code   RO          271    i.HAL_TIM_Base_MspInit  tim.o
    0x08002c7c   0x08002c7c   0x00000058   Code   RO         1720    i.HAL_TIM_Base_Start_IT  stm32f1xx_hal_tim.o
    0x08002cd4   0x08002cd4   0x000000dc   Code   RO         1724    i.HAL_TIM_ConfigClockSource  stm32f1xx_hal_tim.o
    0x08002db0   0x08002db0   0x00000002   Code   RO         1749    i.HAL_TIM_IC_CaptureCallback  stm32f1xx_hal_tim.o
    0x08002db2   0x08002db2   0x00000130   Code   RO         1763    i.HAL_TIM_IRQHandler  stm32f1xx_hal_tim.o
    0x08002ee2   0x08002ee2   0x00000002   Code   RO         1766    i.HAL_TIM_OC_DelayElapsedCallback  stm32f1xx_hal_tim.o
    0x08002ee4   0x08002ee4   0x00000002   Code   RO         1793    i.HAL_TIM_PWM_PulseFinishedCallback  stm32f1xx_hal_tim.o
    0x08002ee6   0x08002ee6   0x00000002   PAD
    0x08002ee8   0x08002ee8   0x00000018   Code   RO           16    i.HAL_TIM_PeriodElapsedCallback  main.o
    0x08002f00   0x08002f00   0x00000002   Code   RO         1806    i.HAL_TIM_TriggerCallback  stm32f1xx_hal_tim.o
    0x08002f02   0x08002f02   0x00000002   Code   RO          315    i.HardFault_Handler  stm32f1xx_it.o
    0x08002f04   0x08002f04   0x00000044   Code   RO         2724    i.I2C_Start         oled.o
    0x08002f48   0x08002f48   0x00000034   Code   RO         2725    i.I2C_Stop          oled.o
    0x08002f7c   0x08002f7c   0x00000038   Code   RO         2726    i.I2C_WaitAck       oled.o
    0x08002fb4   0x08002fb4   0x0000000a   Code   RO         2727    i.IIC_delay         oled.o
    0x08002fbe   0x08002fbe   0x00000002   PAD
    0x08002fc0   0x08002fc0   0x00000028   Code   RO           17    i.LoadParamsFromFlash  main.o
    0x08002fe8   0x08002fe8   0x00000050   Code   RO          230    i.MX_ADC1_Init      adc.o
    0x08003038   0x08003038   0x00000108   Code   RO          204    i.MX_GPIO_Init      gpio.o
    0x08003140   0x08003140   0x00000068   Code   RO          272    i.MX_TIM1_Init      tim.o
    0x080031a8   0x080031a8   0x00000002   Code   RO          316    i.MemManage_Handler  stm32f1xx_it.o
    0x080031aa   0x080031aa   0x00000002   Code   RO          317    i.NMI_Handler       stm32f1xx_it.o
    0x080031ac   0x080031ac   0x0000002c   Code   RO         2728    i.OLED_Clear        oled.o
    0x080031d8   0x080031d8   0x0000002c   Code   RO         2735    i.OLED_DrawPoint    oled.o
    0x08003204   0x08003204   0x000000da   Code   RO         2736    i.OLED_Init         oled.o
    0x080032de   0x080032de   0x00000002   PAD
    0x080032e0   0x080032e0   0x00000068   Code   RO         2738    i.OLED_Refresh      oled.o
    0x08003348   0x08003348   0x000000e4   Code   RO         2739    i.OLED_ShowChar     oled.o
    0x0800342c   0x0800342c   0x0000003c   Code   RO         2742    i.OLED_ShowString   oled.o
    0x08003468   0x08003468   0x00000036   Code   RO         2743    i.OLED_WR_Byte      oled.o
    0x0800349e   0x0800349e   0x00000002   Code   RO          318    i.PendSV_Handler    stm32f1xx_it.o
    0x080034a0   0x080034a0   0x00000002   Code   RO          319    i.SVC_Handler       stm32f1xx_it.o
    0x080034a2   0x080034a2   0x00000002   PAD
    0x080034a4   0x080034a4   0x00000068   Code   RO           18    i.SaveParamsToFlash  main.o
    0x0800350c   0x0800350c   0x00000054   Code   RO         2744    i.Send_Byte         oled.o
    0x08003560   0x08003560   0x00000004   Code   RO          320    i.SysTick_Handler   stm32f1xx_it.o
    0x08003564   0x08003564   0x00000078   Code   RO           19    i.SystemClock_Config  main.o
    0x080035dc   0x080035dc   0x00000002   Code   RO         2687    i.SystemInit        system_stm32f1xx.o
    0x080035de   0x080035de   0x00000002   PAD
    0x080035e0   0x080035e0   0x0000000c   Code   RO          321    i.TIM1_UP_IRQHandler  stm32f1xx_it.o
    0x080035ec   0x080035ec   0x00000078   Code   RO         1808    i.TIM_Base_SetConfig  stm32f1xx_hal_tim.o
    0x08003664   0x08003664   0x00000014   Code   RO         1819    i.TIM_ETR_SetConfig  stm32f1xx_hal_tim.o
    0x08003678   0x08003678   0x00000010   Code   RO         1820    i.TIM_ITRx_SetConfig  stm32f1xx_hal_tim.o
    0x08003688   0x08003688   0x00000022   Code   RO         1826    i.TIM_TI1_ConfigInputStage  stm32f1xx_hal_tim.o
    0x080036aa   0x080036aa   0x00000024   Code   RO         1828    i.TIM_TI2_ConfigInputStage  stm32f1xx_hal_tim.o
    0x080036ce   0x080036ce   0x00000002   Code   RO          322    i.UsageFault_Handler  stm32f1xx_it.o
    0x080036d0   0x080036d0   0x00000028   Code   RO         3176    i.__ARM_fpclassify  m_ws.l(fpclassify.o)
    0x080036f8   0x080036f8   0x00000020   Code   RO         1226    i.__NVIC_SetPriority  stm32f1xx_hal_cortex.o
    0x08003718   0x08003718   0x0000000e   Code   RO         3062    i._is_digit         c_w.l(__printf_wp.o)
    0x08003726   0x08003726   0x00000002   PAD
    0x08003728   0x08003728   0x000008b8   Code   RO           20    i.main              main.o
    0x08003fe0   0x08003fe0   0x0000002c   Code   RO         3170    locale$$code        c_w.l(lc_numeric_c.o)
    0x0800400c   0x0800400c   0x0000000c   Code   RO         3109    x$fpl$dretinf       fz_ws.l(dretinf.o)
    0x08004018   0x08004018   0x00000056   Code   RO         3083    x$fpl$f2d           fz_ws.l(f2d.o)
    0x0800406e   0x0800406e   0x00000002   PAD
    0x08004070   0x08004070   0x0000000c   Code   RO         3111    x$fpl$fcheck1       fz_ws.l(fcheck1.o)
    0x0800407c   0x0800407c   0x00000018   Code   RO         3113    x$fpl$fcmpinf       fz_ws.l(fcmpi.o)
    0x08004094   0x08004094   0x00000030   Code   RO         3086    x$fpl$fflt          fz_ws.l(fflt_clz.o)
    0x080040c4   0x080040c4   0x00000068   Code   RO         3091    x$fpl$fleqf         fz_ws.l(fleqf.o)
    0x0800412c   0x0800412c   0x0000008c   Code   RO         3115    x$fpl$fnaninf       fz_ws.l(fnaninf.o)
    0x080041b8   0x080041b8   0x00000062   Code   RO         3093    x$fpl$frleqf        fz_ws.l(frleqf.o)
    0x0800421a   0x0800421a   0x00000004   Code   RO         3095    x$fpl$printf1       fz_ws.l(printf1.o)
    0x0800421e   0x0800421e   0x00000064   Code   RO         3174    x$fpl$retnan        fz_ws.l(retnan.o)
    0x08004282   0x08004282   0x0000004c   Code   RO         3097    x$fpl$scalbnf       fz_ws.l(scalbnf.o)
    0x080042ce   0x080042ce   0x00000030   Code   RO         3238    x$fpl$trapveneer    fz_ws.l(trapv.o)
    0x080042fe   0x080042fe   0x00000000   Code   RO         3117    x$fpl$usenofp       fz_ws.l(usenofp.o)
    0x080042fe   0x080042fe   0x00000002   PAD
    0x08004300   0x08004300   0x00000010   Data   RO           26    .constdata          main.o
    0x08004310   0x08004310   0x00000012   Data   RO          924    .constdata          stm32f1xx_hal_rcc.o
    0x08004322   0x08004322   0x00000012   Data   RO         1016    .constdata          stm32f1xx_hal_rcc_ex.o
    0x08004334   0x08004334   0x00000010   Data   RO         2688    .constdata          system_stm32f1xx.o
    0x08004344   0x08004344   0x00000008   Data   RO         2689    .constdata          system_stm32f1xx.o
    0x0800434c   0x0800434c   0x000019e8   Data   RO         2746    .constdata          oled.o
    0x08005d34   0x08005d34   0x00000011   Data   RO         3065    .constdata          c_w.l(__printf_flags_wp.o)
    0x08005d45   0x08005d45   0x00000003   PAD
    0x08005d48   0x08005d48   0x00000094   Data   RO         3145    .constdata          c_w.l(bigflt0.o)
    0x08005ddc   0x08005ddc   0x00000020   Data   RO         3319    Region$$Table       anon$$obj.o
    0x08005dfc   0x08005dfc   0x0000001c   Data   RO         3169    locale$$data        c_w.l(lc_numeric_c.o)


    Execution Region RW_IRAM1 (Exec base: 0x20000000, Load base: 0x08005e18, Size: 0x00000c70, Max: 0x00005000, ABSOLUTE)

    Exec Addr    Load Addr    Size         Type   Attr      Idx    E Section Name        Object

    0x20000000   0x08005e18   0x00000048   Data   RW           27    .data               main.o
    0x20000048   0x08005e60   0x0000000c   Data   RW          761    .data               stm32f1xx_hal.o
    0x20000054   0x08005e6c   0x00000004   Data   RW         2690    .data               system_stm32f1xx.o
    0x20000058        -       0x000000a0   Zero   RW           21    .bss                main.o
    0x200000f8        -       0x00000030   Zero   RW          231    .bss                adc.o
    0x20000128        -       0x00000048   Zero   RW          273    .bss                tim.o
    0x20000170        -       0x00000020   Zero   RW         1467    .bss                stm32f1xx_hal_flash.o
    0x20000190        -       0x00000480   Zero   RW         2745    .bss                oled.o
    0x20000610        -       0x00000060   Zero   RW         3179    .bss                c_w.l(libspace.o)
    0x20000670        -       0x00000200   Zero   RW            2    HEAP                startup_stm32f103xb.o
    0x20000870        -       0x00000400   Zero   RW            1    STACK               startup_stm32f103xb.o


==============================================================================

Image component sizes


      Code (inc. data)   RO Data    RW Data    ZI Data      Debug   Object Name

       168         22          0          0         48       1605   adc.o
       700         26          0          0          0       7338   ds1302.o
       532         38          0          0          0       4942   ds18b20.o
       264         22          0          0          0        987   gpio.o
      2580        416         16         72        160     448629   main.o
      1022         48       6632          0       1152       8112   oled.o
        64         26        236          0       1536        800   startup_stm32f103xb.o
       164         28          0         12          0       5825   stm32f1xx_hal.o
      1312         54          0          0          0       7151   stm32f1xx_hal_adc.o
       198         14          0          0          0      28887   stm32f1xx_hal_cortex.o
       392         46          0          0         32       4650   stm32f1xx_hal_flash.o
       240         26          0          0          0       3205   stm32f1xx_hal_flash_ex.o
       524         40          0          0          0       4062   stm32f1xx_hal_gpio.o
        60          8          0          0          0        854   stm32f1xx_hal_msp.o
      1208         72         18          0          0       4509   stm32f1xx_hal_rcc.o
       400         28         18          0          0       2441   stm32f1xx_hal_rcc_ex.o
       936         24          0          0          0       9737   stm32f1xx_hal_tim.o
       108         12          0          0          0       2369   stm32f1xx_hal_tim_ex.o
        62          6          0          0          0       4702   stm32f1xx_it.o
         2          0         24          4          0       1091   system_stm32f1xx.o
       164         18          0          0         72       1622   tim.o

    ----------------------------------------------------------------------
     11120        974       6976         88       3000     553518   Object Totals
         0          0         32          0          0          0   (incl. Generated)
        20          0          0          0          0          0   (incl. Padding)

    ----------------------------------------------------------------------

      Code (inc. data)   RO Data    RW Data    ZI Data      Debug   Library Member Name

         8          0          0          0          0         68   __main.o
       312          4         17          0          0         92   __printf_flags_wp.o
        14          0          0          0          0         68   __printf_wp.o
         0          0          0          0          0          0   __rtentry.o
        12          0          0          0          0          0   __rtentry2.o
         6          0          0          0          0          0   __rtentry4.o
        52          8          0          0          0          0   __scatter.o
        26          0          0          0          0          0   __scatter_copy.o
        28          0          0          0          0          0   __scatter_zi.o
        48          6          0          0          0         96   _printf_char_common.o
         6          0          0          0          0          0   _printf_d.o
       120         16          0          0          0         92   _printf_dec.o
         6          0          0          0          0          0   _printf_f.o
      1054          0          0          0          0        216   _printf_fp_dec.o
       128         16          0          0          0         84   _printf_fp_infnan.o
       178          0          0          0          0         88   _printf_intcommon.o
        78          0          0          0          0        108   _printf_pad.o
         0          0          0          0          0          0   _printf_percent.o
         4          0          0          0          0          0   _printf_percent_end.o
        10          0          0          0          0         68   _sputc.o
       228          4        148          0          0         96   bigflt0.o
      1936        128          0          0          0        672   btod.o
        18          0          0          0          0         80   exit.o
         6          0          0          0          0        152   heapauxi.o
         0          0          0          0          0          0   indicate_semi.o
        44         10         28          0          0         76   lc_numeric_c.o
         2          0          0          0          0          0   libinit.o
        18          0          0          0          0          0   libinit2.o
         2          0          0          0          0          0   libshutdown.o
         2          0          0          0          0          0   libshutdown2.o
         8          4          0          0         96         68   libspace.o
       138          0          0          0          0         80   lludiv10.o
        38          0          0          0          0         68   llushr.o
        40          6          0          0          0         84   noretval__2sprintf.o
         8          4          0          0          0         68   rt_locale_intlibspace.o
        78          0          0          0          0         80   rt_memclr_w.o
       100          0          0          0          0         80   rt_memcpy_w.o
         2          0          0          0          0          0   rtexit.o
        10          0          0          0          0          0   rtexit2.o
       128          0          0          0          0         68   strcmpv7m.o
        12          4          0          0          0         68   sys_exit.o
        74          0          0          0          0         80   sys_stackheap_outer.o
         2          0          0          0          0         68   use_no_semi.o
        12          0          0          0          0         68   dretinf.o
        86          4          0          0          0         84   f2d.o
        12          4          0          0          0         68   fcheck1.o
        24          0          0          0          0         68   fcmpi.o
        48          0          0          0          0         68   fflt_clz.o
       104          4          0          0          0         84   fleqf.o
       140          4          0          0          0         84   fnaninf.o
        98          0          0          0          0         68   frleqf.o
         4          0          0          0          0         68   printf1.o
       100          0          0          0          0         68   retnan.o
        76          0          0          0          0         68   scalbnf.o
        48          0          0          0          0         68   trapv.o
         0          0          0          0          0          0   usenofp.o
        40          0          0          0          0         68   fpclassify.o

    ----------------------------------------------------------------------
      5796        226        196          0         96       3800   Library Totals
        20          0          3          0          0          0   (incl. Padding)

    ----------------------------------------------------------------------

      Code (inc. data)   RO Data    RW Data    ZI Data      Debug   Library Name

      4984        210        193          0         96       2868   c_w.l
       752         16          0          0          0        864   fz_ws.l
        40          0          0          0          0         68   m_ws.l

    ----------------------------------------------------------------------
      5796        226        196          0         96       3800   Library Totals

    ----------------------------------------------------------------------

==============================================================================


      Code (inc. data)   RO Data    RW Data    ZI Data      Debug   

     16916       1200       7172         88       3096     549618   Grand Totals
     16916       1200       7172         88       3096     549618   ELF Image Totals
     16916       1200       7172         88          0          0   ROM Totals

==============================================================================

    Total RO  Size (Code + RO Data)                24088 (  23.52kB)
    Total RW  Size (RW Data + ZI Data)              3184 (   3.11kB)
    Total ROM Size (Code + RO Data + RW Data)      24176 (  23.61kB)

==============================================================================

