Component: ARM Compiler 5.06 update 6 (build 750) Tool: armlink [4d35ed]

==============================================================================

Section Cross References

    startup_stm32f103xb.o(STACK) refers (Special) to heapauxi.o(.text) for __use_two_region_memory
    startup_stm32f103xb.o(HEAP) refers (Special) to heapauxi.o(.text) for __use_two_region_memory
    startup_stm32f103xb.o(RESET) refers (Special) to heapauxi.o(.text) for __use_two_region_memory
    startup_stm32f103xb.o(RESET) refers to startup_stm32f103xb.o(STACK) for __initial_sp
    startup_stm32f103xb.o(RESET) refers to startup_stm32f103xb.o(.text) for Reset_Handler
    startup_stm32f103xb.o(RESET) refers to stm32f1xx_it.o(i.NMI_Handler) for NMI_Handler
    startup_stm32f103xb.o(RESET) refers to stm32f1xx_it.o(i.HardFault_Handler) for HardFault_Handler
    startup_stm32f103xb.o(RESET) refers to stm32f1xx_it.o(i.MemManage_Handler) for MemManage_Handler
    startup_stm32f103xb.o(RESET) refers to stm32f1xx_it.o(i.BusFault_Handler) for BusFault_Handler
    startup_stm32f103xb.o(RESET) refers to stm32f1xx_it.o(i.UsageFault_Handler) for UsageFault_Handler
    startup_stm32f103xb.o(RESET) refers to stm32f1xx_it.o(i.SVC_Handler) for SVC_Handler
    startup_stm32f103xb.o(RESET) refers to stm32f1xx_it.o(i.DebugMon_Handler) for DebugMon_Handler
    startup_stm32f103xb.o(RESET) refers to stm32f1xx_it.o(i.PendSV_Handler) for PendSV_Handler
    startup_stm32f103xb.o(RESET) refers to stm32f1xx_it.o(i.SysTick_Handler) for SysTick_Handler
    startup_stm32f103xb.o(RESET) refers to stm32f1xx_it.o(i.TIM1_UP_IRQHandler) for TIM1_UP_IRQHandler
    startup_stm32f103xb.o(.text) refers (Special) to heapauxi.o(.text) for __use_two_region_memory
    startup_stm32f103xb.o(.text) refers to system_stm32f1xx.o(i.SystemInit) for SystemInit
    startup_stm32f103xb.o(.text) refers to __main.o(!!!main) for __main
    startup_stm32f103xb.o(.text) refers to startup_stm32f103xb.o(HEAP) for Heap_Mem
    startup_stm32f103xb.o(.text) refers to startup_stm32f103xb.o(STACK) for Stack_Mem
    main.o(i.HAL_TIM_PeriodElapsedCallback) refers to main.o(.data) for .data
    main.o(i.SystemClock_Config) refers to rt_memclr_w.o(.text) for __aeabi_memclr4
    main.o(i.SystemClock_Config) refers to stm32f1xx_hal_rcc.o(i.HAL_RCC_OscConfig) for HAL_RCC_OscConfig
    main.o(i.SystemClock_Config) refers to stm32f1xx_hal_rcc.o(i.HAL_RCC_ClockConfig) for HAL_RCC_ClockConfig
    main.o(i.SystemClock_Config) refers to stm32f1xx_hal_rcc_ex.o(i.HAL_RCCEx_PeriphCLKConfig) for HAL_RCCEx_PeriphCLKConfig
    main.o(i.main) refers to _printf_pad.o(.text) for _printf_pre_padding
    main.o(i.main) refers to _printf_percent.o(.ARM.Collect$$_printf_percent$$00000000) for _printf_percent
    main.o(i.main) refers to _printf_d.o(.ARM.Collect$$_printf_percent$$00000009) for _printf_d
    main.o(i.main) refers to _printf_dec.o(.text) for _printf_int_dec
    main.o(i.main) refers to _printf_f.o(.ARM.Collect$$_printf_percent$$00000003) for _printf_f
    main.o(i.main) refers to printf1.o(x$fpl$printf1) for _printf_fp_dec
    main.o(i.main) refers to stm32f1xx_hal.o(i.HAL_Init) for HAL_Init
    main.o(i.main) refers to main.o(i.SystemClock_Config) for SystemClock_Config
    main.o(i.main) refers to gpio.o(i.MX_GPIO_Init) for MX_GPIO_Init
    main.o(i.main) refers to tim.o(i.MX_TIM1_Init) for MX_TIM1_Init
    main.o(i.main) refers to adc.o(i.MX_ADC1_Init) for MX_ADC1_Init
    main.o(i.main) refers to oled.o(i.OLED_Init) for OLED_Init
    main.o(i.main) refers to ds1302.o(i.DS1302_Init) for DS1302_Init
    main.o(i.main) refers to ds18b20.o(i.DS18B20_Init) for DS18B20_Init
    main.o(i.main) refers to ds1302.o(i.DS1302_SetTime) for DS1302_SetTime
    main.o(i.main) refers to stm32f1xx_hal_tim.o(i.HAL_TIM_Base_Start_IT) for HAL_TIM_Base_Start_IT
    main.o(i.main) refers to ds1302.o(i.DS1302_GetTime) for DS1302_GetTime
    main.o(i.main) refers to noretval__2sprintf.o(.text) for __2sprintf
    main.o(i.main) refers to oled.o(i.OLED_ShowString) for OLED_ShowString
    main.o(i.main) refers to stm32f1xx_hal.o(i.HAL_GetTick) for HAL_GetTick
    main.o(i.main) refers to ds18b20.o(i.DS18B20_Get_Temperature) for DS18B20_Get_Temperature
    main.o(i.main) refers to f2d.o(x$fpl$f2d) for __aeabi_f2d
    main.o(i.main) refers to stm32f1xx_hal_gpio.o(i.HAL_GPIO_WritePin) for HAL_GPIO_WritePin
    main.o(i.main) refers to stm32f1xx_hal_gpio.o(i.HAL_GPIO_ReadPin) for HAL_GPIO_ReadPin
    main.o(i.main) refers to stm32f1xx_hal_adc.o(i.HAL_ADC_Start) for HAL_ADC_Start
    main.o(i.main) refers to stm32f1xx_hal_adc.o(i.HAL_ADC_PollForConversion) for HAL_ADC_PollForConversion
    main.o(i.main) refers to stm32f1xx_hal_adc.o(i.HAL_ADC_GetValue) for HAL_ADC_GetValue
    main.o(i.main) refers to stm32f1xx_hal_adc.o(i.HAL_ADC_Stop) for HAL_ADC_Stop
    main.o(i.main) refers to oled.o(i.OLED_Refresh) for OLED_Refresh
    main.o(i.main) refers to main.o(.data) for .data
    main.o(i.main) refers to tim.o(.bss) for htim1
[...]
    ../fplib/fflt.s                          0x00000000   Number         0  fflt_clz.o ABSOLUTE
    ../fplib/fnaninf.s                       0x00000000   Number         0  fnaninf.o ABSOLUTE
    ../fplib/fpinit.s                        0x00000000   Number         0  fpinit.o ABSOLUTE
    ../fplib/istatus.s                       0x00000000   Number         0  istatus.o ABSOLUTE
    ../fplib/printf1.s                       0x00000000   Number         0  printf1.o ABSOLUTE
    ../fplib/retnan.s                        0x00000000   Number         0  retnan.o ABSOLUTE
    ../fplib/scalbnf.s                       0x00000000   Number         0  scalbnf.o ABSOLUTE
    ../fplib/trapv.s                         0x00000000   Number         0  trapv.o ABSOLUTE
    ../fplib/usenofp.s                       0x00000000   Number         0  usenofp.o ABSOLUTE
    ../mathlib/fpclassify.c                  0x00000000   Number         0  fpclassify.o ABSOLUTE
    ..\App\ds1302.c                          0x00000000   Number         0  ds1302.o ABSOLUTE
    ..\App\ds18b20.c                         0x00000000   Number         0  ds18b20.o ABSOLUTE
    ..\App\oled.c                            0x00000000   Number         0  oled.o ABSOLUTE
    ..\Core\Src\adc.c                        0x00000000   Number         0  adc.o ABSOLUTE
    ..\Core\Src\gpio.c                       0x00000000   Number         0  gpio.o ABSOLUTE
    ..\Core\Src\main.c                       0x00000000   Number         0  main.o ABSOLUTE
    ..\Core\Src\stm32f1xx_hal_msp.c          0x00000000   Number         0  stm32f1xx_hal_msp.o ABSOLUTE
    ..\Core\Src\stm32f1xx_it.c               0x00000000   Number         0  stm32f1xx_it.o ABSOLUTE
    ..\Core\Src\system_stm32f1xx.c           0x00000000   Number         0  system_stm32f1xx.o ABSOLUTE
    ..\Core\Src\tim.c                        0x00000000   Number         0  tim.o ABSOLUTE
    ..\Drivers\STM32F1xx_HAL_Driver\Src\stm32f1xx_hal.c 0x00000000   Number         0  stm32f1xx_hal.o ABSOLUTE
    ..\Drivers\STM32F1xx_HAL_Driver\Src\stm32f1xx_hal_adc.c 0x00000000   Number         0  stm32f1xx_hal_adc.o ABSOLUTE
    ..\Drivers\STM32F1xx_HAL_Driver\Src\stm32f1xx_hal_adc_ex.c 0x00000000   Number         0  stm32f1xx_hal_adc_ex.o ABSOLUTE
    ..\Drivers\STM32F1xx_HAL_Driver\Src\stm32f1xx_hal_cortex.c 0x00000000   Number         0  stm32f1xx_hal_cortex.o ABSOLUTE
    ..\Drivers\STM32F1xx_HAL_Driver\Src\stm32f1xx_hal_dma.c 0x00000000   Number         0  stm32f1xx_hal_dma.o ABSOLUTE
    ..\Drivers\STM32F1xx_HAL_Driver\Src\stm32f1xx_hal_exti.c 0x00000000   Number         0  stm32f1xx_hal_exti.o ABSOLUTE
    ..\Drivers\STM32F1xx_HAL_Driver\Src\stm32f1xx_hal_flash.c 0x00000000   Number         0  stm32f1xx_hal_flash.o ABSOLUTE
    ..\Drivers\STM32F1xx_HAL_Driver\Src\stm32f1xx_hal_flash_ex.c 0x00000000   Number         0  stm32f1xx_hal_flash_ex.o ABSOLUTE
    ..\Drivers\STM32F1xx_HAL_Driver\Src\stm32f1xx_hal_gpio.c 0x00000000   Number         0  stm32f1xx_hal_gpio.o ABSOLUTE
    ..\Drivers\STM32F1xx_HAL_Driver\Src\stm32f1xx_hal_gpio_ex.c 0x00000000   Number         0  stm32f1xx_hal_gpio_ex.o ABSOLUTE
    ..\Drivers\STM32F1xx_HAL_Driver\Src\stm32f1xx_hal_pwr.c 0x00000000   Number         0  stm32f1xx_hal_pwr.o ABSOLUTE
    ..\Drivers\STM32F1xx_HAL_Driver\Src\stm32f1xx_hal_rcc.c 0x00000000   Number         0  stm32f1xx_hal_rcc.o ABSOLUTE
    ..\Drivers\STM32F1xx_HAL_Driver\Src\stm32f1xx_hal_rcc_ex.c 0x00000000   Number         0  stm32f1xx_hal_rcc_ex.o ABSOLUTE
    ..\Drivers\STM32F1xx_HAL_Driver\Src\stm32f1xx_hal_tim.c 0x00000000   Number         0  stm32f1xx_hal_tim.o ABSOLUTE
    ..\Drivers\STM32F1xx_HAL_Driver\Src\stm32f1xx_hal_tim_ex.c 0x00000000   Number         0  stm32f1xx_hal_tim_ex.o ABSOLUTE
    ..\\App\\ds1302.c                        0x00000000   Number         0  ds1302.o ABSOLUTE
    ..\\App\\ds18b20.c                       0x00000000   Number         0  ds18b20.o ABSOLUTE
    ..\\App\\oled.c                          0x00000000   Number         0  oled.o ABSOLUTE
    dc.s                                     0x00000000   Number         0  dc.o ABSOLUTE
    startup_stm32f103xb.s                    0x00000000   Number         0  startup_stm32f103xb.o ABSOLUTE
    RESET                                    0x08000000   Section      236  startup_stm32f103xb.o(RESET)
    !!!main                                  0x080000ec   Section        8  __main.o(!!!main)
    !!!scatter                               0x080000f4   Section       52  __scatter.o(!!!scatter)
    !!handler_copy                           0x08000128   Section       26  __scatter_copy.o(!!handler_copy)
    !!handler_zi                             0x08000144   Section       28  __scatter_zi.o(!!handler_zi)
    .ARM.Collect$$_printf_percent$$00000000  0x08000160   Section        0  _printf_percent.o(.ARM.Collect$$_printf_percent$$00000000)
    .ARM.Collect$$_printf_percent$$00000003  0x08000160   Section        6  _printf_f.o(.ARM.Collect$$_printf_percent$$00000003)
    .ARM.Collect$$_printf_percent$$00000009  0x08000166   Section        6  _printf_d.o(.ARM.Collect$$_printf_percent$$00000009)
    .ARM.Collect$$_printf_percent$$00000017  0x0800016c   Section        4  _printf_percent_end.o(.ARM.Collect$$_printf_percent$$00000017)
    .ARM.Collect$$libinit$$00000000          0x08000170   Section        2  libinit.o(.ARM.Collect$$libinit$$00000000)
    .ARM.Collect$$libinit$$00000002          0x08000172   Section        0  libinit2.o(.ARM.Collect$$libinit$$00000002)
    .ARM.Collect$$libinit$$00000004          0x08000172   Section        0  libinit2.o(.ARM.Collect$$libinit$$00000004)
    .ARM.Collect$$libinit$$0000000A          0x08000172   Section        0  libinit2.o(.ARM.Collect$$libinit$$0000000A)
    .ARM.Collect$$libinit$$0000000C          0x08000172   Section        0  libinit2.o(.ARM.Collect$$libinit$$0000000C)
    .ARM.Collect$$libinit$$0000000E          0x08000172   Section        0  libinit2.o(.ARM.Collect$$libinit$$0000000E)
    .ARM.Collect$$libinit$$0000000F          0x08000172   Section        6  libinit2.o(.ARM.Collect$$libinit$$0000000F)
    .ARM.Collect$$libinit$$00000011          0x08000178   Section        0  libinit2.o(.ARM.Collect$$libinit$$00000011)
    .ARM.Collect$$libinit$$00000013          0x08000178   Section        0  libinit2.o(.ARM.Collect$$libinit$$00000013)
    .ARM.Collect$$libinit$$00000015          0x08000178   Section        0  libinit2.o(.ARM.Collect$$libinit$$00000015)
    .ARM.Collect$$libinit$$00000016          0x08000178   Section       10  libinit2.o(.ARM.Collect$$libinit$$00000016)
    .ARM.Collect$$libinit$$00000017          0x08000182   Section        0  libinit2.o(.ARM.Collect$$libinit$$00000017)
    .ARM.Collect$$libinit$$00000019          0x08000182   Section        0  libinit2.o(.ARM.Collect$$libinit$$00000019)
    .ARM.Collect$$libinit$$0000001B          0x08000182   Section        0  libinit2.o(.ARM.Collect$$libinit$$0000001B)
    .ARM.Collect$$libinit$$0000001D          0x08000182   Section        0  libinit2.o(.ARM.Collect$$libinit$$0000001D)
    .ARM.Collect$$libinit$$0000001F          0x08000182   Section        0  libinit2.o(.ARM.Collect$$libinit$$0000001F)
    .ARM.Collect$$libinit$$00000021          0x08000182   Section        0  libinit2.o(.ARM.Collect$$libinit$$00000021)
    .ARM.Collect$$libinit$$00000023          0x08000182   Section        0  libinit2.o(.ARM.Collect$$libinit$$00000023)
    .ARM.Collect$$libinit$$00000025          0x08000182   Section        0  libinit2.o(.ARM.Collect$$libinit$$00000025)
    .ARM.Collect$$libinit$$0000002C          0x08000182   Section        0  libinit2.o(.ARM.Collect$$libinit$$0000002C)
    .ARM.Collect$$libinit$$0000002E          0x08000182   Section        0  libinit2.o(.ARM.Collect$$libinit$$0000002E)
    .ARM.Collect$$libinit$$00000030          0x08000182   Section        0  libinit2.o(.ARM.Collect$$libinit$$00000030)
    .ARM.Collect$$libinit$$00000032          0x08000182   Section        0  libinit2.o(.ARM.Collect$$libinit$$00000032)
    .ARM.Collect$$libinit$$00000033          0x08000182   Section        2  libinit2.o(.ARM.Collect$$libinit$$00000033)
    .ARM.Collect$$libshutdown$$00000000      0x08000184   Section        2  libshutdown.o(.ARM.Collect$$libshutdown$$00000000)
    .ARM.Collect$$libshutdown$$00000002      0x08000186   Section        0  libshutdown2.o(.ARM.Collect$$libshutdown$$00000002)
    .ARM.Collect$$libshutdown$$00000004      0x08000186   Section        0  libshutdown2.o(.ARM.Collect$$libshutdown$$00000004)
    .ARM.Collect$$libshutdown$$00000007      0x08000186   Section        0  libshutdown2.o(.ARM.Collect$$libshutdown$$00000007)
    .ARM.Collect$$libshutdown$$0000000A      0x08000186   Section        0  libshutdown2.o(.ARM.Collect$$libshutdown$$0000000A)
    .ARM.Collect$$libshutdown$$0000000C      0x08000186   Section        0  libshutdown2.o(.ARM.Collect$$libshutdown$$0000000C)
    .ARM.Collect$$libshutdown$$0000000F      0x08000186   Section        0  libshutdown2.o(.ARM.Collect$$libshutdown$$0000000F)
    .ARM.Collect$$libshutdown$$00000010      0x08000186   Section        2  libshutdown2.o(.ARM.Collect$$libshutdown$$00000010)
    .ARM.Collect$$rtentry$$00000000          0x08000188   Section        0  __rtentry.o(.ARM.Collect$$rtentry$$00000000)
    .ARM.Collect$$rtentry$$00000002          0x08000188   Section        0  __rtentry2.o(.ARM.Collect$$rtentry$$00000002)
    .ARM.Collect$$rtentry$$00000004          0x08000188   Section        6  __rtentry4.o(.ARM.Collect$$rtentry$$00000004)
    .ARM.Collect$$rtentry$$00000009          0x0800018e   Section        0  __rtentry2.o(.ARM.Collect$$rtentry$$00000009)
    .ARM.Collect$$rtentry$$0000000A          0x0800018e   Section        4  __rtentry2.o(.ARM.Collect$$rtentry$$0000000A)
    .ARM.Collect$$rtentry$$0000000C          0x08000192   Section        0  __rtentry2.o(.ARM.Collect$$rtentry$$0000000C)
    .ARM.Collect$$rtentry$$0000000D          0x08000192   Section        8  __rtentry2.o(.ARM.Collect$$rtentry$$0000000D)
    .ARM.Collect$$rtexit$$00000000           0x0800019a   Section        2  rtexit.o(.ARM.Collect$$rtexit$$00000000)
    .ARM.Collect$$rtexit$$00000002           0x0800019c   Section        0  rtexit2.o(.ARM.Collect$$rtexit$$00000002)
    .ARM.Collect$$rtexit$$00000003           0x0800019c   Section        4  rtexit2.o(.ARM.Collect$$rtexit$$00000003)
    .ARM.Collect$$rtexit$$00000004           0x080001a0   Section        6  rtexit2.o(.ARM.Collect$$rtexit$$00000004)
    .text                                    0x080001a8   Section       64  startup_stm32f103xb.o(.text)
    .text                                    0x080001e8   Section        0  noretval__2sprintf.o(.text)
    .text                                    0x08000210   Section        0  _printf_pad.o(.text)
    .text                                    0x08000260   Section        0  _printf_dec.o(.text)
    .text                                    0x080002d8   Section        0  __printf_flags_wp.o(.text)
    .text                                    0x08000410   Section       78  rt_memclr_w.o(.text)
    .text                                    0x0800045e   Section        0  heapauxi.o(.text)
    .text                                    0x08000464   Section        0  _printf_intcommon.o(.text)
    .text                                    0x08000516   Section        0  _printf_fp_dec.o(.text)
    _fp_digits                               0x08000519   Thumb Code   432  _printf_fp_dec.o(.text)
    .text                                    0x08000934   Section        0  _printf_char_common.o(.text)
    _printf_input_char                       0x08000935   Thumb Code    10  _printf_char_common.o(.text)
    .text                                    0x08000964   Section        0  _sputc.o(.text)
    .text                                    0x08000970   Section        8  rt_locale_intlibspace.o(.text)
    .text                                    0x08000978   Section      138  lludiv10.o(.text)
    .text                                    0x08000a04   Section        0  _printf_fp_infnan.o(.text)
    .text                                    0x08000a84   Section        0  bigflt0.o(.text)
    .text                                    0x08000b68   Section        8  libspace.o(.text)
    .text                                    0x08000b70   Section       74  sys_stackheap_outer.o(.text)
    .text                                    0x08000bba   Section        0  exit.o(.text)
    .text                                    0x08000bcc   Section      128  strcmpv7m.o(.text)
    .text                                    0x08000c4c   Section        0  sys_exit.o(.text)
    .text                                    0x08000c58   Section        2  use_no_semi.o(.text)
    .text                                    0x08000c5a   Section        0  indicate_semi.o(.text)
    CL$$btod_d2e                             0x08000c5a   Section       62  btod.o(CL$$btod_d2e)
    CL$$btod_d2e_denorm_low                  0x08000c98   Section       70  btod.o(CL$$btod_d2e_denorm_low)
    CL$$btod_d2e_norm_op1                    0x08000cde   Section       96  btod.o(CL$$btod_d2e_norm_op1)
    CL$$btod_div_common                      0x08000d3e   Section      824  btod.o(CL$$btod_div_common)
    CL$$btod_e2e                             0x08001076   Section      220  btod.o(CL$$btod_e2e)
    CL$$btod_ediv                            0x08001152   Section       42  btod.o(CL$$btod_ediv)
    CL$$btod_emul                            0x0800117c   Section       42  btod.o(CL$$btod_emul)
    CL$$btod_mult_common                     0x080011a6   Section      580  btod.o(CL$$btod_mult_common)
    i.ADC_ConversionStop_Disable             0x080013ec   Section        0  stm32f1xx_hal_adc.o(i.ADC_ConversionStop_Disable)
    i.ADC_Enable                             0x08001444   Section        0  stm32f1xx_hal_adc.o(i.ADC_Enable)
    i.BusFault_Handler                       0x080014c0   Section        0  stm32f1xx_it.o(i.BusFault_Handler)
    i.DS1302_BcdToDec                        0x080014c2   Section        0  ds1302.o(i.DS1302_BcdToDec)
    i.DS1302_DAT_Mode_Out                    0x080014d4   Section        0  ds1302.o(i.DS1302_DAT_Mode_Out)
    DS1302_DAT_Mode_Out                      0x080014d5   Thumb Code    28  ds1302.o(i.DS1302_DAT_Mode_Out)
    i.DS1302_DecToBcd                        0x080014f4   Section        0  ds1302.o(i.DS1302_DecToBcd)
    i.DS1302_Delay_us                        0x0800150a   Section        0  ds1302.o(i.DS1302_Delay_us)
    i.DS1302_GetTime                         0x0800151a   Section        0  ds1302.o(i.DS1302_GetTime)
    i.DS1302_Init                            0x0800157c   Section        0  ds1302.o(i.DS1302_Init)
    i.DS1302_ReadByte                        0x080015a8   Section        0  ds1302.o(i.DS1302_ReadByte)
    i.DS1302_ReadReg                         0x08001608   Section        0  ds1302.o(i.DS1302_ReadReg)
    i.DS1302_SetTime                         0x0800165c   Section        0  ds1302.o(i.DS1302_SetTime)
    i.DS1302_WriteByte                       0x080016d4   Section        0  ds1302.o(i.DS1302_WriteByte)
    i.DS1302_WriteReg                        0x08001728   Section        0  ds1302.o(i.DS1302_WriteReg)
    i.DS18B20_Check                          0x08001780   Section        0  ds18b20.o(i.DS18B20_Check)
    i.DS18B20_Get_Temperature                0x080017e0   Section        0  ds18b20.o(i.DS18B20_Get_Temperature)
    i.DS18B20_IO_IN                          0x08001840   Section        0  ds18b20.o(i.DS18B20_IO_IN)
    i.DS18B20_IO_OUT                         0x08001860   Section        0  ds18b20.o(i.DS18B20_IO_OUT)
    i.DS18B20_Init                           0x08001880   Section        0  ds18b20.o(i.DS18B20_Init)
    i.DS18B20_Read_Byte                      0x08001898   Section        0  ds18b20.o(i.DS18B20_Read_Byte)
    i.DS18B20_Rst                            0x080018f0   Section        0  ds18b20.o(i.DS18B20_Rst)
    i.DS18B20_Write_Byte                     0x08001924   Section        0  ds18b20.o(i.DS18B20_Write_Byte)
    i.DebugMon_Handler                       0x08001984   Section        0  stm32f1xx_it.o(i.DebugMon_Handler)
    i.Delay_us                               0x08001986   Section        0  ds18b20.o(i.Delay_us)
    i.Error_Handler                          0x08001996   Section        0  main.o(i.Error_Handler)
    i.HAL_ADC_ConfigChannel                  0x0800199c   Section        0  stm32f1xx_hal_adc.o(i.HAL_ADC_ConfigChannel)
    i.HAL_ADC_GetValue                       0x08001a98   Section        0  stm32f1xx_hal_adc.o(i.HAL_ADC_GetValue)
    i.HAL_ADC_Init                           0x08001aa0   Section        0  stm32f1xx_hal_adc.o(i.HAL_ADC_Init)
    i.HAL_ADC_MspInit                        0x08001bbc   Section        0  adc.o(i.HAL_ADC_MspInit)
    i.HAL_ADC_PollForConversion              0x08001c14   Section        0  stm32f1xx_hal_adc.o(i.HAL_ADC_PollForConversion)
    i.HAL_ADC_Start                          0x08001d50   Section        0  stm32f1xx_hal_adc.o(i.HAL_ADC_Start)
    i.HAL_ADC_Stop                           0x08001e10   Section        0  stm32f1xx_hal_adc.o(i.HAL_ADC_Stop)
    i.HAL_Delay                              0x08001e44   Section        0  stm32f1xx_hal.o(i.HAL_Delay)
    i.HAL_GPIO_Init                          0x08001e68   Section        0  stm32f1xx_hal_gpio.o(i.HAL_GPIO_Init)
    i.HAL_GPIO_ReadPin                       0x08002048   Section        0  stm32f1xx_hal_gpio.o(i.HAL_GPIO_ReadPin)
    i.HAL_GPIO_WritePin                      0x08002052   Section        0  stm32f1xx_hal_gpio.o(i.HAL_GPIO_WritePin)
    i.HAL_GetTick                            0x0800205c   Section        0  stm32f1xx_hal.o(i.HAL_GetTick)
    i.HAL_IncTick                            0x08002068   Section        0  stm32f1xx_hal.o(i.HAL_IncTick)
    i.HAL_Init                               0x08002078   Section        0  stm32f1xx_hal.o(i.HAL_Init)
    i.HAL_InitTick                           0x0800209c   Section        0  stm32f1xx_hal.o(i.HAL_InitTick)
    i.HAL_MspInit                            0x080020dc   Section        0  stm32f1xx_hal_msp.o(i.HAL_MspInit)
    i.HAL_NVIC_EnableIRQ                     0x08002118   Section        0  stm32f1xx_hal_cortex.o(i.HAL_NVIC_EnableIRQ)
    i.HAL_NVIC_SetPriority                   0x08002134   Section        0  stm32f1xx_hal_cortex.o(i.HAL_NVIC_SetPriority)
    i.HAL_NVIC_SetPriorityGrouping           0x08002174   Section        0  stm32f1xx_hal_cortex.o(i.HAL_NVIC_SetPriorityGrouping)
    i.HAL_RCCEx_GetPeriphCLKFreq             0x08002198   Section        0  stm32f1xx_hal_rcc_ex.o(i.HAL_RCCEx_GetPeriphCLKFreq)
    i.HAL_RCCEx_PeriphCLKConfig              0x0800223c   Section        0  stm32f1xx_hal_rcc_ex.o(i.HAL_RCCEx_PeriphCLKConfig)
    i.HAL_RCC_ClockConfig                    0x08002328   Section        0  stm32f1xx_hal_rcc.o(i.HAL_RCC_ClockConfig)
    i.HAL_RCC_GetPCLK2Freq                   0x08002454   Section        0  stm32f1xx_hal_rcc.o(i.HAL_RCC_GetPCLK2Freq)
    i.HAL_RCC_GetSysClockFreq                0x08002474   Section        0  stm32f1xx_hal_rcc.o(i.HAL_RCC_GetSysClockFreq)
    i.HAL_RCC_OscConfig                      0x080024c0   Section        0  stm32f1xx_hal_rcc.o(i.HAL_RCC_OscConfig)
    i.HAL_SYSTICK_Config                     0x080027e0   Section        0  stm32f1xx_hal_cortex.o(i.HAL_SYSTICK_Config)
    i.HAL_TIMEx_BreakCallback                0x08002808   Section        0  stm32f1xx_hal_tim_ex.o(i.HAL_TIMEx_BreakCallback)
    i.HAL_TIMEx_CommutCallback               0x0800280a   Section        0  stm32f1xx_hal_tim_ex.o(i.HAL_TIMEx_CommutCallback)
    i.HAL_TIMEx_MasterConfigSynchronization  0x0800280c   Section        0  stm32f1xx_hal_tim_ex.o(i.HAL_TIMEx_MasterConfigSynchronization)
    i.HAL_TIM_Base_Init                      0x08002874   Section        0  stm32f1xx_hal_tim.o(i.HAL_TIM_Base_Init)
    i.HAL_TIM_Base_MspInit                   0x080028d0   Section        0  tim.o(i.HAL_TIM_Base_MspInit)
    i.HAL_TIM_Base_Start_IT                  0x0800290c   Section        0  stm32f1xx_hal_tim.o(i.HAL_TIM_Base_Start_IT)
    i.HAL_TIM_ConfigClockSource              0x08002964   Section        0  stm32f1xx_hal_tim.o(i.HAL_TIM_ConfigClockSource)
    i.HAL_TIM_IC_CaptureCallback             0x08002a40   Section        0  stm32f1xx_hal_tim.o(i.HAL_TIM_IC_CaptureCallback)
    i.HAL_TIM_IRQHandler                     0x08002a42   Section        0  stm32f1xx_hal_tim.o(i.HAL_TIM_IRQHandler)
    i.HAL_TIM_OC_DelayElapsedCallback        0x08002b72   Section        0  stm32f1xx_hal_tim.o(i.HAL_TIM_OC_DelayElapsedCallback)
    i.HAL_TIM_PWM_PulseFinishedCallback      0x08002b74   Section        0  stm32f1xx_hal_tim.o(i.HAL_TIM_PWM_PulseFinishedCallback)
    i.HAL_TIM_PeriodElapsedCallback          0x08002b78   Section        0  main.o(i.HAL_TIM_PeriodElapsedCallback)
    i.HAL_TIM_TriggerCallback                0x08002b90   Section        0  stm32f1xx_hal_tim.o(i.HAL_TIM_TriggerCallback)
    i.HardFault_Handler                      0x08002b92   Section        0  stm32f1xx_it.o(i.HardFault_Handler)
    i.I2C_Start                              0x08002b94   Section        0  oled.o(i.I2C_Start)
    i.I2C_Stop                               0x08002bd8   Section        0  oled.o(i.I2C_Stop)
    i.I2C_WaitAck                            0x08002c0c   Section        0  oled.o(i.I2C_WaitAck)
    i.IIC_delay                              0x08002c44   Section        0  oled.o(i.IIC_delay)
    i.MX_ADC1_Init                           0x08002c50   Section        0  adc.o(i.MX_ADC1_Init)
    i.MX_GPIO_Init                           0x08002ca0   Section        0  gpio.o(i.MX_GPIO_Init)
    i.MX_TIM1_Init                           0x08002d88   Section        0  tim.o(i.MX_TIM1_Init)
    i.MemManage_Handler                      0x08002df0   Section        0  stm32f1xx_it.o(i.MemManage_Handler)
    i.NMI_Handler                            0x08002df2   Section        0  stm32f1xx_it.o(i.NMI_Handler)
    i.OLED_Clear                             0x08002df4   Section        0  oled.o(i.OLED_Clear)
    i.OLED_DrawPoint                         0x08002e20   Section        0  oled.o(i.OLED_DrawPoint)
    i.OLED_Init                              0x08002e4c   Section        0  oled.o(i.OLED_Init)
    i.OLED_Refresh                           0x08002f28   Section        0  oled.o(i.OLED_Refresh)
    i.OLED_ShowChar                          0x08002f90   Section        0  oled.o(i.OLED_ShowChar)
    i.OLED_ShowString                        0x08003074   Section        0  oled.o(i.OLED_ShowString)
    i.OLED_WR_Byte                           0x080030b0   Section        0  oled.o(i.OLED_WR_Byte)
    i.PendSV_Handler                         0x080030e6   Section        0  stm32f1xx_it.o(i.PendSV_Handler)
    i.SVC_Handler                            0x080030e8   Section        0  stm32f1xx_it.o(i.SVC_Handler)
    i.Send_Byte                              0x080030ec   Section        0  oled.o(i.Send_Byte)
    i.SysTick_Handler                        0x08003140   Section        0  stm32f1xx_it.o(i.SysTick_Handler)
    i.SystemClock_Config                     0x08003144   Section        0  main.o(i.SystemClock_Config)
    i.SystemInit                             0x080031bc   Section        0  system_stm32f1xx.o(i.SystemInit)
    i.TIM1_UP_IRQHandler                     0x080031c0   Section        0  stm32f1xx_it.o(i.TIM1_UP_IRQHandler)
    i.TIM_Base_SetConfig                     0x080031cc   Section        0  stm32f1xx_hal_tim.o(i.TIM_Base_SetConfig)
    i.TIM_ETR_SetConfig                      0x08003244   Section        0  stm32f1xx_hal_tim.o(i.TIM_ETR_SetConfig)
    i.TIM_ITRx_SetConfig                     0x08003258   Section        0  stm32f1xx_hal_tim.o(i.TIM_ITRx_SetConfig)
    TIM_ITRx_SetConfig                       0x08003259   Thumb Code    16  stm32f1xx_hal_tim.o(i.TIM_ITRx_SetConfig)
    i.TIM_TI1_ConfigInputStage               0x08003268   Section        0  stm32f1xx_hal_tim.o(i.TIM_TI1_ConfigInputStage)
    TIM_TI1_ConfigInputStage                 0x08003269   Thumb Code    34  stm32f1xx_hal_tim.o(i.TIM_TI1_ConfigInputStage)
    i.TIM_TI2_ConfigInputStage               0x0800328a   Section        0  stm32f1xx_hal_tim.o(i.TIM_TI2_ConfigInputStage)
    TIM_TI2_ConfigInputStage                 0x0800328b   Thumb Code    36  stm32f1xx_hal_tim.o(i.TIM_TI2_ConfigInputStage)
    i.UsageFault_Handler                     0x080032ae   Section        0  stm32f1xx_it.o(i.UsageFault_Handler)
    i.__ARM_fpclassify                       0x080032b0   Section        0  fpclassify.o(i.__ARM_fpclassify)
    i.__NVIC_SetPriority                     0x080032d8   Section        0  stm32f1xx_hal_cortex.o(i.__NVIC_SetPriority)
    __NVIC_SetPriority                       0x080032d9   Thumb Code    32  stm32f1xx_hal_cortex.o(i.__NVIC_SetPriority)
    i._is_digit                              0x080032f8   Section        0  __printf_wp.o(i._is_digit)
    i.main                                   0x08003308   Section        0  main.o(i.main)
    locale$$code                             0x08003570   Section       44  lc_numeric_c.o(locale$$code)
    x$fpl$dretinf                            0x0800359c   Section       12  dretinf.o(x$fpl$dretinf)
    x$fpl$f2d                                0x080035a8   Section       86  f2d.o(x$fpl$f2d)
    x$fpl$fcheck1                            0x08003600   Section       12  fcheck1.o(x$fpl$fcheck1)
    x$fpl$fflt                               0x0800360c   Section       48  fflt_clz.o(x$fpl$fflt)
    x$fpl$fnaninf                            0x0800363c   Section      140  fnaninf.o(x$fpl$fnaninf)
    x$fpl$printf1                            0x080036c8   Section        4  printf1.o(x$fpl$printf1)
    x$fpl$retnan                             0x080036cc   Section      100  retnan.o(x$fpl$retnan)
    x$fpl$scalbnf                            0x08003730   Section       76  scalbnf.o(x$fpl$scalbnf)
    x$fpl$trapveneer                         0x0800377c   Section       48  trapv.o(x$fpl$trapveneer)
    .constdata                               0x080037ac   Section       18  stm32f1xx_hal_rcc.o(.constdata)
    x$fpl$usenofp                            0x080037ac   Section        0  usenofp.o(x$fpl$usenofp)
    aPredivFactorTable                       0x080037ac   Data           2  stm32f1xx_hal_rcc.o(.constdata)
    aPLLMULFactorTable                       0x080037ae   Data          16  stm32f1xx_hal_rcc.o(.constdata)
    .constdata                               0x080037be   Section       18  stm32f1xx_hal_rcc_ex.o(.constdata)
    aPredivFactorTable                       0x080037be   Data           2  stm32f1xx_hal_rcc_ex.o(.constdata)
    aPLLMULFactorTable                       0x080037c0   Data          16  stm32f1xx_hal_rcc_ex.o(.constdata)
    .constdata                               0x080037d0   Section       16  system_stm32f1xx.o(.constdata)
    .constdata                               0x080037e0   Section        8  system_stm32f1xx.o(.constdata)
    .constdata                               0x080037e8   Section     6632  oled.o(.constdata)
    .constdata                               0x080051d0   Section       17  __printf_flags_wp.o(.constdata)
    maptable                                 0x080051d0   Data          17  __printf_flags_wp.o(.constdata)
    .constdata                               0x080051e4   Section      148  bigflt0.o(.constdata)
    tenpwrs_x                                0x080051e4   Data          60  bigflt0.o(.constdata)
    tenpwrs_i                                0x08005220   Data          64  bigflt0.o(.constdata)
    locale$$data                             0x08005298   Section       28  lc_numeric_c.o(locale$$data)
    __lcnum_c_name                           0x0800529c   Data           2  lc_numeric_c.o(locale$$data)
    __lcnum_c_start                          0x080052a4   Data           0  lc_numeric_c.o(locale$$data)
    __lcnum_c_point                          0x080052b0   Data           0  lc_numeric_c.o(locale$$data)
    __lcnum_c_thousands                      0x080052b2   Data           0  lc_numeric_c.o(locale$$data)
    __lcnum_c_grouping                       0x080052b3   Data           0  lc_numeric_c.o(locale$$data)
    __lcnum_c_end                            0x080052b4   Data           0  lc_numeric_c.o(locale$$data)
    .data                                    0x20000000   Section       23  main.o(.data)
    temp_update_timer                        0x20000004   Data           4  main.o(.data)
    water_update_timer                       0x20000008   Data           4  main.o(.data)
    .data                                    0x20000018   Section       12  stm32f1xx_hal.o(.data)
    .data                                    0x20000024   Section        4  system_stm32f1xx.o(.data)
    .bss                                     0x20000028   Section      160  main.o(.bss)
    .bss                                     0x200000c8   Section       48  adc.o(.bss)
    .bss                                     0x200000f8   Section       72  tim.o(.bss)
    .bss                                     0x20000140   Section     1152  oled.o(.bss)
    .bss                                     0x200005c0   Section       96  libspace.o(.bss)
    HEAP                                     0x20000620   Section      512  startup_stm32f103xb.o(HEAP)
    Heap_Mem                                 0x20000620   Data         512  startup_stm32f103xb.o(HEAP)
    STACK                                    0x20000820   Section     1024  startup_stm32f103xb.o(STACK)
    Stack_Mem                                0x20000820   Data        1024  startup_stm32f103xb.o(STACK)
    __initial_sp                             0x20000c20   Data           0  startup_stm32f103xb.o(STACK)

    Global Symbols

    Symbol Name                              Value     Ov Type        Size  Object(Section)

    BuildAttributes$$THM_ISAv4$P$D$K$B$S$PE$A:L22UL41UL21$X:L11$S22US41US21$IEEE1$IW$USESV6$~STKCKD$USESV7$~SHL$OTIME$ROPI$IEEEJ$EBA8$UX$STANDARDLIB$REQ8$PRES8$EABIv2 0x00000000   Number         0  anon$$obj.o ABSOLUTE
    __ARM_use_no_argv                        0x00000000   Number         0  main.o ABSOLUTE
    _printf_flags                            0x00000000   Number         0  printf_stubs.o ABSOLUTE
    _printf_return_value                     0x00000000   Number         0  printf_stubs.o ABSOLUTE
    _printf_sizespec                         0x00000000   Number         0  printf_stubs.o ABSOLUTE
    _printf_widthprec                        0x00000000   Number         0  printf_stubs.o ABSOLUTE
    __ARM_exceptions_init                     - Undefined Weak Reference
    __alloca_initialize                       - Undefined Weak Reference
    __arm_preinit_                            - Undefined Weak Reference
    __cpp_initialize__aeabi_                  - Undefined Weak Reference
    __cxa_finalize                            - Undefined Weak Reference
    __sigvec_lookup                           - Undefined Weak Reference
    _atexit_init                              - Undefined Weak Reference
    _call_atexit_fns                          - Undefined Weak Reference
    _clock_init                               - Undefined Weak Reference
    _fp_trap_init                             - Undefined Weak Reference
    _fp_trap_shutdown                         - Undefined Weak Reference
    _get_lc_collate                           - Undefined Weak Reference
    _get_lc_ctype                             - Undefined Weak Reference
    _get_lc_monetary                          - Undefined Weak Reference
    _get_lc_time                              - Undefined Weak Reference
    _getenv_init                              - Undefined Weak Reference
    _handle_redirection                       - Undefined Weak Reference
    _init_alloc                               - Undefined Weak Reference
    _init_user_alloc                          - Undefined Weak Reference
    _initio                                   - Undefined Weak Reference
    _printf_truncate_signed                   - Undefined Weak Reference
    _printf_truncate_unsigned                 - Undefined Weak Reference
    _rand_init                                - Undefined Weak Reference
    _signal_finish                            - Undefined Weak Reference
    _signal_init                              - Undefined Weak Reference
    _terminate_alloc                          - Undefined Weak Reference
    _terminate_user_alloc                     - Undefined Weak Reference
    _terminateio                              - Undefined Weak Reference
    __Vectors_Size                           0x000000ec   Number         0  startup_stm32f103xb.o ABSOLUTE
    __Vectors                                0x08000000   Data           4  startup_stm32f103xb.o(RESET)
    __Vectors_End                            0x080000ec   Data           0  startup_stm32f103xb.o(RESET)
    __main                                   0x080000ed   Thumb Code     8  __main.o(!!!main)
    __scatterload                            0x080000f5   Thumb Code     0  __scatter.o(!!!scatter)
    __scatterload_rt2                        0x080000f5   Thumb Code    44  __scatter.o(!!!scatter)
    __scatterload_rt2_thumb_only             0x080000f5   Thumb Code     0  __scatter.o(!!!scatter)
    __scatterload_null                       0x08000103   Thumb Code     0  __scatter.o(!!!scatter)
    __scatterload_copy                       0x08000129   Thumb Code    26  __scatter_copy.o(!!handler_copy)
    __scatterload_zeroinit                   0x08000145   Thumb Code    28  __scatter_zi.o(!!handler_zi)
    _printf_f                                0x08000161   Thumb Code     0  _printf_f.o(.ARM.Collect$$_printf_percent$$00000003)
    _printf_percent                          0x08000161   Thumb Code     0  _printf_percent.o(.ARM.Collect$$_printf_percent$$00000000)
    _printf_d                                0x08000167   Thumb Code     0  _printf_d.o(.ARM.Collect$$_printf_percent$$00000009)
    _printf_percent_end                      0x0800016d   Thumb Code     0  _printf_percent_end.o(.ARM.Collect$$_printf_percent$$00000017)
    __rt_lib_init                            0x08000171   Thumb Code     0  libinit.o(.ARM.Collect$$libinit$$00000000)
    __rt_lib_init_fp_1                       0x08000173   Thumb Code     0  libinit2.o(.ARM.Collect$$libinit$$00000002)
    __rt_lib_init_heap_1                     0x08000173   Thumb Code     0  libinit2.o(.ARM.Collect$$libinit$$0000000A)
    __rt_lib_init_lc_common                  0x08000173   Thumb Code     0  libinit2.o(.ARM.Collect$$libinit$$0000000F)
    __rt_lib_init_preinit_1                  0x08000173   Thumb Code     0  libinit2.o(.ARM.Collect$$libinit$$00000004)
    __rt_lib_init_rand_1                     0x08000173   Thumb Code     0  libinit2.o(.ARM.Collect$$libinit$$0000000E)
    __rt_lib_init_user_alloc_1               0x08000173   Thumb Code     0  libinit2.o(.ARM.Collect$$libinit$$0000000C)
    __rt_lib_init_lc_collate_1               0x08000179   Thumb Code     0  libinit2.o(.ARM.Collect$$libinit$$00000011)
    __rt_lib_init_lc_ctype_1                 0x08000179   Thumb Code     0  libinit2.o(.ARM.Collect$$libinit$$00000013)
    __rt_lib_init_lc_monetary_1              0x08000179   Thumb Code     0  libinit2.o(.ARM.Collect$$libinit$$00000015)
    __rt_lib_init_lc_numeric_2               0x08000179   Thumb Code     0  libinit2.o(.ARM.Collect$$libinit$$00000016)
    __rt_lib_init_alloca_1                   0x08000183   Thumb Code     0  libinit2.o(.ARM.Collect$$libinit$$0000002E)
    __rt_lib_init_argv_1                     0x08000183   Thumb Code     0  libinit2.o(.ARM.Collect$$libinit$$0000002C)
    __rt_lib_init_atexit_1                   0x08000183   Thumb Code     0  libinit2.o(.ARM.Collect$$libinit$$0000001B)
    __rt_lib_init_clock_1                    0x08000183   Thumb Code     0  libinit2.o(.ARM.Collect$$libinit$$00000021)
    __rt_lib_init_cpp_1                      0x08000183   Thumb Code     0  libinit2.o(.ARM.Collect$$libinit$$00000032)
    __rt_lib_init_exceptions_1               0x08000183   Thumb Code     0  libinit2.o(.ARM.Collect$$libinit$$00000030)
    __rt_lib_init_fp_trap_1                  0x08000183   Thumb Code     0  libinit2.o(.ARM.Collect$$libinit$$0000001F)
    __rt_lib_init_getenv_1                   0x08000183   Thumb Code     0  libinit2.o(.ARM.Collect$$libinit$$00000023)
    __rt_lib_init_lc_numeric_1               0x08000183   Thumb Code     0  libinit2.o(.ARM.Collect$$libinit$$00000017)
    __rt_lib_init_lc_time_1                  0x08000183   Thumb Code     0  libinit2.o(.ARM.Collect$$libinit$$00000019)
    __rt_lib_init_return                     0x08000183   Thumb Code     0  libinit2.o(.ARM.Collect$$libinit$$00000033)
    __rt_lib_init_signal_1                   0x08000183   Thumb Code     0  libinit2.o(.ARM.Collect$$libinit$$0000001D)
    __rt_lib_init_stdio_1                    0x08000183   Thumb Code     0  libinit2.o(.ARM.Collect$$libinit$$00000025)
    __rt_lib_shutdown                        0x08000185   Thumb Code     0  libshutdown.o(.ARM.Collect$$libshutdown$$00000000)
    __rt_lib_shutdown_cpp_1                  0x08000187   Thumb Code     0  libshutdown2.o(.ARM.Collect$$libshutdown$$00000002)
    __rt_lib_shutdown_fp_trap_1              0x08000187   Thumb Code     0  libshutdown2.o(.ARM.Collect$$libshutdown$$00000007)
    __rt_lib_shutdown_heap_1                 0x08000187   Thumb Code     0  libshutdown2.o(.ARM.Collect$$libshutdown$$0000000F)
    __rt_lib_shutdown_return                 0x08000187   Thumb Code     0  libshutdown2.o(.ARM.Collect$$libshutdown$$00000010)
    __rt_lib_shutdown_signal_1               0x08000187   Thumb Code     0  libshutdown2.o(.ARM.Collect$$libshutdown$$0000000A)
    __rt_lib_shutdown_stdio_1                0x08000187   Thumb Code     0  libshutdown2.o(.ARM.Collect$$libshutdown$$00000004)
    __rt_lib_shutdown_user_alloc_1           0x08000187   Thumb Code     0  libshutdown2.o(.ARM.Collect$$libshutdown$$0000000C)
    __rt_entry                               0x08000189   Thumb Code     0  __rtentry.o(.ARM.Collect$$rtentry$$00000000)
    __rt_entry_presh_1                       0x08000189   Thumb Code     0  __rtentry2.o(.ARM.Collect$$rtentry$$00000002)
    __rt_entry_sh                            0x08000189   Thumb Code     0  __rtentry4.o(.ARM.Collect$$rtentry$$00000004)
    __rt_entry_li                            0x0800018f   Thumb Code     0  __rtentry2.o(.ARM.Collect$$rtentry$$0000000A)
    __rt_entry_postsh_1                      0x0800018f   Thumb Code     0  __rtentry2.o(.ARM.Collect$$rtentry$$00000009)
    __rt_entry_main                          0x08000193   Thumb Code     0  __rtentry2.o(.ARM.Collect$$rtentry$$0000000D)
    __rt_entry_postli_1                      0x08000193   Thumb Code     0  __rtentry2.o(.ARM.Collect$$rtentry$$0000000C)
    __rt_exit                                0x0800019b   Thumb Code     0  rtexit.o(.ARM.Collect$$rtexit$$00000000)
    __rt_exit_ls                             0x0800019d   Thumb Code     0  rtexit2.o(.ARM.Collect$$rtexit$$00000003)
    __rt_exit_prels_1                        0x0800019d   Thumb Code     0  rtexit2.o(.ARM.Collect$$rtexit$$00000002)
    __rt_exit_exit                           0x080001a1   Thumb Code     0  rtexit2.o(.ARM.Collect$$rtexit$$00000004)
    Reset_Handler                            0x080001a9   Thumb Code     8  startup_stm32f103xb.o(.text)
    ADC1_2_IRQHandler                        0x080001c3   Thumb Code     0  startup_stm32f103xb.o(.text)
    CAN1_RX1_IRQHandler                      0x080001c3   Thumb Code     0  startup_stm32f103xb.o(.text)
    CAN1_SCE_IRQHandler                      0x080001c3   Thumb Code     0  startup_stm32f103xb.o(.text)
    DMA1_Channel1_IRQHandler                 0x080001c3   Thumb Code     0  startup_stm32f103xb.o(.text)
    DMA1_Channel2_IRQHandler                 0x080001c3   Thumb Code     0  startup_stm32f103xb.o(.text)
    DMA1_Channel3_IRQHandler                 0x080001c3   Thumb Code     0  startup_stm32f103xb.o(.text)
    DMA1_Channel4_IRQHandler                 0x080001c3   Thumb Code     0  startup_stm32f103xb.o(.text)
    DMA1_Channel5_IRQHandler                 0x080001c3   Thumb Code     0  startup_stm32f103xb.o(.text)
    DMA1_Channel6_IRQHandler                 0x080001c3   Thumb Code     0  startup_stm32f103xb.o(.text)
    DMA1_Channel7_IRQHandler                 0x080001c3   Thumb Code     0  startup_stm32f103xb.o(.text)
    EXTI0_IRQHandler                         0x080001c3   Thumb Code     0  startup_stm32f103xb.o(.text)
    EXTI15_10_IRQHandler                     0x080001c3   Thumb Code     0  startup_stm32f103xb.o(.text)
    EXTI1_IRQHandler                         0x080001c3   Thumb Code     0  startup_stm32f103xb.o(.text)
    EXTI2_IRQHandler                         0x080001c3   Thumb Code     0  startup_stm32f103xb.o(.text)
    EXTI3_IRQHandler                         0x080001c3   Thumb Code     0  startup_stm32f103xb.o(.text)
    EXTI4_IRQHandler                         0x080001c3   Thumb Code     0  startup_stm32f103xb.o(.text)
    EXTI9_5_IRQHandler                       0x080001c3   Thumb Code     0  startup_stm32f103xb.o(.text)
    FLASH_IRQHandler                         0x080001c3   Thumb Code     0  startup_stm32f103xb.o(.text)
    I2C1_ER_IRQHandler                       0x080001c3   Thumb Code     0  startup_stm32f103xb.o(.text)
    I2C1_EV_IRQHandler                       0x080001c3   Thumb Code     0  startup_stm32f103xb.o(.text)
    I2C2_ER_IRQHandler                       0x080001c3   Thumb Code     0  startup_stm32f103xb.o(.text)
    I2C2_EV_IRQHandler                       0x080001c3   Thumb Code     0  startup_stm32f103xb.o(.text)
    PVD_IRQHandler                           0x080001c3   Thumb Code     0  startup_stm32f103xb.o(.text)
    RCC_IRQHandler                           0x080001c3   Thumb Code     0  startup_stm32f103xb.o(.text)
    RTC_Alarm_IRQHandler                     0x080001c3   Thumb Code     0  startup_stm32f103xb.o(.text)
    RTC_IRQHandler                           0x080001c3   Thumb Code     0  startup_stm32f103xb.o(.text)
    SPI1_IRQHandler                          0x080001c3   Thumb Code     0  startup_stm32f103xb.o(.text)
    SPI2_IRQHandler                          0x080001c3   Thumb Code     0  startup_stm32f103xb.o(.text)
    TAMPER_IRQHandler                        0x080001c3   Thumb Code     0  startup_stm32f103xb.o(.text)
    TIM1_BRK_IRQHandler                      0x080001c3   Thumb Code     0  startup_stm32f103xb.o(.text)
    TIM1_CC_IRQHandler                       0x080001c3   Thumb Code     0  startup_stm32f103xb.o(.text)
    TIM1_TRG_COM_IRQHandler                  0x080001c3   Thumb Code     0  startup_stm32f103xb.o(.text)
    TIM2_IRQHandler                          0x080001c3   Thumb Code     0  startup_stm32f103xb.o(.text)
    TIM3_IRQHandler                          0x080001c3   Thumb Code     0  startup_stm32f103xb.o(.text)
    TIM4_IRQHandler                          0x080001c3   Thumb Code     0  startup_stm32f103xb.o(.text)
    USART1_IRQHandler                        0x080001c3   Thumb Code     0  startup_stm32f103xb.o(.text)
    USART2_IRQHandler                        0x080001c3   Thumb Code     0  startup_stm32f103xb.o(.text)
    USART3_IRQHandler                        0x080001c3   Thumb Code     0  startup_stm32f103xb.o(.text)
    USBWakeUp_IRQHandler                     0x080001c3   Thumb Code     0  startup_stm32f103xb.o(.text)
    USB_HP_CAN1_TX_IRQHandler                0x080001c3   Thumb Code     0  startup_stm32f103xb.o(.text)
    USB_LP_CAN1_RX0_IRQHandler               0x080001c3   Thumb Code     0  startup_stm32f103xb.o(.text)
    WWDG_IRQHandler                          0x080001c3   Thumb Code     0  startup_stm32f103xb.o(.text)
    __user_initial_stackheap                 0x080001c5   Thumb Code     0  startup_stm32f103xb.o(.text)
    __2sprintf                               0x080001e9   Thumb Code    34  noretval__2sprintf.o(.text)
    _printf_pre_padding                      0x08000211   Thumb Code    44  _printf_pad.o(.text)
    _printf_post_padding                     0x0800023d   Thumb Code    34  _printf_pad.o(.text)
    _printf_int_dec                          0x08000261   Thumb Code   104  _printf_dec.o(.text)
    __printf                                 0x080002d9   Thumb Code   308  __printf_flags_wp.o(.text)
    __aeabi_memclr4                          0x08000411   Thumb Code     0  rt_memclr_w.o(.text)
    __aeabi_memclr8                          0x08000411   Thumb Code     0  rt_memclr_w.o(.text)
    __rt_memclr_w                            0x08000411   Thumb Code    78  rt_memclr_w.o(.text)
    _memset_w                                0x08000415   Thumb Code     0  rt_memclr_w.o(.text)
    __use_two_region_memory                  0x0800045f   Thumb Code     2  heapauxi.o(.text)
    __rt_heap_escrow$2region                 0x08000461   Thumb Code     2  heapauxi.o(.text)
    __rt_heap_expand$2region                 0x08000463   Thumb Code     2  heapauxi.o(.text)
    _printf_int_common                       0x08000465   Thumb Code   178  _printf_intcommon.o(.text)
    __lib_sel_fp_printf                      0x08000517   Thumb Code     2  _printf_fp_dec.o(.text)
    _printf_fp_dec_real                      0x080006c9   Thumb Code   620  _printf_fp_dec.o(.text)
    _printf_char_common                      0x0800093f   Thumb Code    32  _printf_char_common.o(.text)
    _sputc                                   0x08000965   Thumb Code    10  _sputc.o(.text)
    __rt_locale                              0x08000971   Thumb Code     8  rt_locale_intlibspace.o(.text)
    _ll_udiv10                               0x08000979   Thumb Code   138  lludiv10.o(.text)
    _printf_fp_infnan                        0x08000a05   Thumb Code   112  _printf_fp_infnan.o(.text)
    _btod_etento                             0x08000a85   Thumb Code   224  bigflt0.o(.text)
    __user_libspace                          0x08000b69   Thumb Code     8  libspace.o(.text)
    __user_perproc_libspace                  0x08000b69   Thumb Code     0  libspace.o(.text)
    __user_perthread_libspace                0x08000b69   Thumb Code     0  libspace.o(.text)
    __user_setup_stackheap                   0x08000b71   Thumb Code    74  sys_stackheap_outer.o(.text)
    exit                                     0x08000bbb   Thumb Code    18  exit.o(.text)
    strcmp                                   0x08000bcd   Thumb Code   128  strcmpv7m.o(.text)
    _sys_exit                                0x08000c4d   Thumb Code     8  sys_exit.o(.text)
    __I$use$semihosting                      0x08000c59   Thumb Code     0  use_no_semi.o(.text)
    __use_no_semihosting_swi                 0x08000c59   Thumb Code     2  use_no_semi.o(.text)
    __semihosting_library_function           0x08000c5b   Thumb Code     0  indicate_semi.o(.text)
    _btod_d2e                                0x08000c5b   Thumb Code    62  btod.o(CL$$btod_d2e)
    _d2e_denorm_low                          0x08000c99   Thumb Code    70  btod.o(CL$$btod_d2e_denorm_low)
    _d2e_norm_op1                            0x08000cdf   Thumb Code    96  btod.o(CL$$btod_d2e_norm_op1)
    __btod_div_common                        0x08000d3f   Thumb Code   696  btod.o(CL$$btod_div_common)
    _e2e                                     0x08001077   Thumb Code   220  btod.o(CL$$btod_e2e)
    _btod_ediv                               0x08001153   Thumb Code    42  btod.o(CL$$btod_ediv)
    _btod_emul                               0x0800117d   Thumb Code    42  btod.o(CL$$btod_emul)
    __btod_mult_common                       0x080011a7   Thumb Code   580  btod.o(CL$$btod_mult_common)
    ADC_ConversionStop_Disable               0x080013ed   Thumb Code    86  stm32f1xx_hal_adc.o(i.ADC_ConversionStop_Disable)
    ADC_Enable                               0x08001445   Thumb Code   114  stm32f1xx_hal_adc.o(i.ADC_Enable)
    BusFault_Handler                         0x080014c1   Thumb Code     2  stm32f1xx_it.o(i.BusFault_Handler)
    DS1302_BcdToDec                          0x080014c3   Thumb Code    18  ds1302.o(i.DS1302_BcdToDec)
    DS1302_DecToBcd                          0x080014f5   Thumb Code    22  ds1302.o(i.DS1302_DecToBcd)
    DS1302_Delay_us                          0x0800150b   Thumb Code    16  ds1302.o(i.DS1302_Delay_us)
    DS1302_GetTime                           0x0800151b   Thumb Code    98  ds1302.o(i.DS1302_GetTime)
    DS1302_Init                              0x0800157d   Thumb Code    40  ds1302.o(i.DS1302_Init)
    DS1302_ReadByte                          0x080015a9   Thumb Code    92  ds1302.o(i.DS1302_ReadByte)
    DS1302_ReadReg                           0x08001609   Thumb Code    80  ds1302.o(i.DS1302_ReadReg)
    DS1302_SetTime                           0x0800165d   Thumb Code   118  ds1302.o(i.DS1302_SetTime)
    DS1302_WriteByte                         0x080016d5   Thumb Code    80  ds1302.o(i.DS1302_WriteByte)
    DS1302_WriteReg                          0x08001729   Thumb Code    82  ds1302.o(i.DS1302_WriteReg)
    DS18B20_Check                            0x08001781   Thumb Code    92  ds18b20.o(i.DS18B20_Check)
    DS18B20_Get_Temperature                  0x080017e1   Thumb Code    92  ds18b20.o(i.DS18B20_Get_Temperature)
    DS18B20_IO_IN                            0x08001841   Thumb Code    26  ds18b20.o(i.DS18B20_IO_IN)
    DS18B20_IO_OUT                           0x08001861   Thumb Code    28  ds18b20.o(i.DS18B20_IO_OUT)
    DS18B20_Init                             0x08001881   Thumb Code    20  ds18b20.o(i.DS18B20_Init)
    DS18B20_Read_Byte                        0x08001899   Thumb Code    82  ds18b20.o(i.DS18B20_Read_Byte)
    DS18B20_Rst                              0x080018f1   Thumb Code    46  ds18b20.o(i.DS18B20_Rst)
    DS18B20_Write_Byte                       0x08001925   Thumb Code    92  ds18b20.o(i.DS18B20_Write_Byte)
    DebugMon_Handler                         0x08001985   Thumb Code     2  stm32f1xx_it.o(i.DebugMon_Handler)
    Delay_us                                 0x08001987   Thumb Code    16  ds18b20.o(i.Delay_us)
    Error_Handler                            0x08001997   Thumb Code     4  main.o(i.Error_Handler)
    HAL_ADC_ConfigChannel                    0x0800199d   Thumb Code   240  stm32f1xx_hal_adc.o(i.HAL_ADC_ConfigChannel)
    HAL_ADC_GetValue                         0x08001a99   Thumb Code     6  stm32f1xx_hal_adc.o(i.HAL_ADC_GetValue)
    HAL_ADC_Init                             0x08001aa1   Thumb Code   272  stm32f1xx_hal_adc.o(i.HAL_ADC_Init)
    HAL_ADC_MspInit                          0x08001bbd   Thumb Code    76  adc.o(i.HAL_ADC_MspInit)
    HAL_ADC_PollForConversion                0x08001c15   Thumb Code   304  stm32f1xx_hal_adc.o(i.HAL_ADC_PollForConversion)
    HAL_ADC_Start                            0x08001d51   Thumb Code   184  stm32f1xx_hal_adc.o(i.HAL_ADC_Start)
    HAL_ADC_Stop                             0x08001e11   Thumb Code    52  stm32f1xx_hal_adc.o(i.HAL_ADC_Stop)
    HAL_Delay                                0x08001e45   Thumb Code    32  stm32f1xx_hal.o(i.HAL_Delay)
    HAL_GPIO_Init                            0x08001e69   Thumb Code   446  stm32f1xx_hal_gpio.o(i.HAL_GPIO_Init)
    HAL_GPIO_ReadPin                         0x08002049   Thumb Code    10  stm32f1xx_hal_gpio.o(i.HAL_GPIO_ReadPin)
    HAL_GPIO_WritePin                        0x08002053   Thumb Code    10  stm32f1xx_hal_gpio.o(i.HAL_GPIO_WritePin)
    HAL_GetTick                              0x0800205d   Thumb Code     6  stm32f1xx_hal.o(i.HAL_GetTick)
    HAL_IncTick                              0x08002069   Thumb Code    12  stm32f1xx_hal.o(i.HAL_IncTick)
    HAL_Init                                 0x08002079   Thumb Code    32  stm32f1xx_hal.o(i.HAL_Init)
    HAL_InitTick                             0x0800209d   Thumb Code    54  stm32f1xx_hal.o(i.HAL_InitTick)
    HAL_MspInit                              0x080020dd   Thumb Code    52  stm32f1xx_hal_msp.o(i.HAL_MspInit)
    HAL_NVIC_EnableIRQ                       0x08002119   Thumb Code    26  stm32f1xx_hal_cortex.o(i.HAL_NVIC_EnableIRQ)
    HAL_NVIC_SetPriority                     0x08002135   Thumb Code    60  stm32f1xx_hal_cortex.o(i.HAL_NVIC_SetPriority)
    HAL_NVIC_SetPriorityGrouping             0x08002175   Thumb Code    26  stm32f1xx_hal_cortex.o(i.HAL_NVIC_SetPriorityGrouping)
    HAL_RCCEx_GetPeriphCLKFreq               0x08002199   Thumb Code   148  stm32f1xx_hal_rcc_ex.o(i.HAL_RCCEx_GetPeriphCLKFreq)
    HAL_RCCEx_PeriphCLKConfig                0x0800223d   Thumb Code   224  stm32f1xx_hal_rcc_ex.o(i.HAL_RCCEx_PeriphCLKConfig)
    HAL_RCC_ClockConfig                      0x08002329   Thumb Code   280  stm32f1xx_hal_rcc.o(i.HAL_RCC_ClockConfig)
    HAL_RCC_GetPCLK2Freq                     0x08002455   Thumb Code    20  stm32f1xx_hal_rcc.o(i.HAL_RCC_GetPCLK2Freq)
    HAL_RCC_GetSysClockFreq                  0x08002475   Thumb Code    58  stm32f1xx_hal_rcc.o(i.HAL_RCC_GetSysClockFreq)
    HAL_RCC_OscConfig                        0x080024c1   Thumb Code   778  stm32f1xx_hal_rcc.o(i.HAL_RCC_OscConfig)
    HAL_SYSTICK_Config                       0x080027e1   Thumb Code    40  stm32f1xx_hal_cortex.o(i.HAL_SYSTICK_Config)
    HAL_TIMEx_BreakCallback                  0x08002809   Thumb Code     2  stm32f1xx_hal_tim_ex.o(i.HAL_TIMEx_BreakCallback)
    HAL_TIMEx_CommutCallback                 0x0800280b   Thumb Code     2  stm32f1xx_hal_tim_ex.o(i.HAL_TIMEx_CommutCallback)
    HAL_TIMEx_MasterConfigSynchronization    0x0800280d   Thumb Code    92  stm32f1xx_hal_tim_ex.o(i.HAL_TIMEx_MasterConfigSynchronization)
    HAL_TIM_Base_Init                        0x08002875   Thumb Code    90  stm32f1xx_hal_tim.o(i.HAL_TIM_Base_Init)
    HAL_TIM_Base_MspInit                     0x080028d1   Thumb Code    50  tim.o(i.HAL_TIM_Base_MspInit)
    HAL_TIM_Base_Start_IT                    0x0800290d   Thumb Code    76  stm32f1xx_hal_tim.o(i.HAL_TIM_Base_Start_IT)
    HAL_TIM_ConfigClockSource                0x08002965   Thumb Code   220  stm32f1xx_hal_tim.o(i.HAL_TIM_ConfigClockSource)
    HAL_TIM_IC_CaptureCallback               0x08002a41   Thumb Code     2  stm32f1xx_hal_tim.o(i.HAL_TIM_IC_CaptureCallback)
    HAL_TIM_IRQHandler                       0x08002a43   Thumb Code   304  stm32f1xx_hal_tim.o(i.HAL_TIM_IRQHandler)
    HAL_TIM_OC_DelayElapsedCallback          0x08002b73   Thumb Code     2  stm32f1xx_hal_tim.o(i.HAL_TIM_OC_DelayElapsedCallback)
    HAL_TIM_PWM_PulseFinishedCallback        0x08002b75   Thumb Code     2  stm32f1xx_hal_tim.o(i.HAL_TIM_PWM_PulseFinishedCallback)
    HAL_TIM_PeriodElapsedCallback            0x08002b79   Thumb Code    16  main.o(i.HAL_TIM_PeriodElapsedCallback)
    HAL_TIM_TriggerCallback                  0x08002b91   Thumb Code     2  stm32f1xx_hal_tim.o(i.HAL_TIM_TriggerCallback)
    HardFault_Handler                        0x08002b93   Thumb Code     2  stm32f1xx_it.o(i.HardFault_Handler)
    I2C_Start                                0x08002b95   Thumb Code    64  oled.o(i.I2C_Start)
    I2C_Stop                                 0x08002bd9   Thumb Code    46  oled.o(i.I2C_Stop)
    I2C_WaitAck                              0x08002c0d   Thumb Code    52  oled.o(i.I2C_WaitAck)
    IIC_delay                                0x08002c45   Thumb Code    10  oled.o(i.IIC_delay)
    MX_ADC1_Init                             0x08002c51   Thumb Code    70  adc.o(i.MX_ADC1_Init)
    MX_GPIO_Init                             0x08002ca1   Thumb Code   216  gpio.o(i.MX_GPIO_Init)
    MX_TIM1_Init                             0x08002d89   Thumb Code    96  tim.o(i.MX_TIM1_Init)
    MemManage_Handler                        0x08002df1   Thumb Code     2  stm32f1xx_it.o(i.MemManage_Handler)
    NMI_Handler                              0x08002df3   Thumb Code     2  stm32f1xx_it.o(i.NMI_Handler)
    OLED_Clear                               0x08002df5   Thumb Code    40  oled.o(i.OLED_Clear)
    OLED_DrawPoint                           0x08002e21   Thumb Code    40  oled.o(i.OLED_DrawPoint)
    OLED_Init                                0x08002e4d   Thumb Code   218  oled.o(i.OLED_Init)
    OLED_Refresh                             0x08002f29   Thumb Code   100  oled.o(i.OLED_Refresh)
    OLED_ShowChar                            0x08002f91   Thumb Code   212  oled.o(i.OLED_ShowChar)
    OLED_ShowString                          0x08003075   Thumb Code    60  oled.o(i.OLED_ShowString)
    OLED_WR_Byte                             0x080030b1   Thumb Code    54  oled.o(i.OLED_WR_Byte)
    PendSV_Handler                           0x080030e7   Thumb Code     2  stm32f1xx_it.o(i.PendSV_Handler)
    SVC_Handler                              0x080030e9   Thumb Code     2  stm32f1xx_it.o(i.SVC_Handler)
    Send_Byte                                0x080030ed   Thumb Code    78  oled.o(i.Send_Byte)
    SysTick_Handler                          0x08003141   Thumb Code     4  stm32f1xx_it.o(i.SysTick_Handler)
    SystemClock_Config                       0x08003145   Thumb Code   120  main.o(i.SystemClock_Config)
    SystemInit                               0x080031bd   Thumb Code     2  system_stm32f1xx.o(i.SystemInit)
    TIM1_UP_IRQHandler                       0x080031c1   Thumb Code     6  stm32f1xx_it.o(i.TIM1_UP_IRQHandler)
    TIM_Base_SetConfig                       0x080031cd   Thumb Code   108  stm32f1xx_hal_tim.o(i.TIM_Base_SetConfig)
    TIM_ETR_SetConfig                        0x08003245   Thumb Code    20  stm32f1xx_hal_tim.o(i.TIM_ETR_SetConfig)
    UsageFault_Handler                       0x080032af   Thumb Code     2  stm32f1xx_it.o(i.UsageFault_Handler)
    __ARM_fpclassify                         0x080032b1   Thumb Code    40  fpclassify.o(i.__ARM_fpclassify)
    _is_digit                                0x080032f9   Thumb Code    14  __printf_wp.o(i._is_digit)
    main                                     0x08003309   Thumb Code   440  main.o(i.main)
    _get_lc_numeric                          0x08003571   Thumb Code    44  lc_numeric_c.o(locale$$code)
    __fpl_dretinf                            0x0800359d   Thumb Code    12  dretinf.o(x$fpl$dretinf)
    __aeabi_f2d                              0x080035a9   Thumb Code     0  f2d.o(x$fpl$f2d)
    _f2d                                     0x080035a9   Thumb Code    86  f2d.o(x$fpl$f2d)
    __fpl_fcheck_NaN1                        0x08003601   Thumb Code     6  fcheck1.o(x$fpl$fcheck1)
    __aeabi_i2f                              0x0800360d   Thumb Code     0  fflt_clz.o(x$fpl$fflt)
    _fflt                                    0x0800360d   Thumb Code    48  fflt_clz.o(x$fpl$fflt)
    __fpl_fnaninf                            0x0800363d   Thumb Code   140  fnaninf.o(x$fpl$fnaninf)
    _printf_fp_dec                           0x080036c9   Thumb Code     4  printf1.o(x$fpl$printf1)
    __fpl_return_NaN                         0x080036cd   Thumb Code   100  retnan.o(x$fpl$retnan)
    __ARM_scalbnf                            0x08003731   Thumb Code    76  scalbnf.o(x$fpl$scalbnf)
    __fpl_cmpreturn                          0x0800377d   Thumb Code    48  trapv.o(x$fpl$trapveneer)
    __I$use$fp                               0x080037ac   Number         0  usenofp.o(x$fpl$usenofp)
    AHBPrescTable                            0x080037d0   Data          16  system_stm32f1xx.o(.constdata)
    APBPrescTable                            0x080037e0   Data           8  system_stm32f1xx.o(.constdata)
    asc2_0806                                0x080037e8   Data         552  oled.o(.constdata)
    asc2_1206                                0x08003a10   Data        1140  oled.o(.constdata)
    asc2_1608                                0x08003e84   Data        1520  oled.o(.constdata)
    asc2_2412                                0x08004474   Data        3420  oled.o(.constdata)
    Region$$Table$$Base                      0x08005278   Number         0  anon$$obj.o(Region$$Table)
    Region$$Table$$Limit                     0x08005298   Number         0  anon$$obj.o(Region$$Table)
    time_update_flag                         0x20000000   Data           1  main.o(.data)
    adc_value                                0x20000002   Data           2  main.o(.data)
    temperature                              0x2000000c   Data           4  main.o(.data)
    time                                     0x20000010   Data           7  main.o(.data)
    uwTickFreq                               0x20000018   Data           1  stm32f1xx_hal.o(.data)
    uwTickPrio                               0x2000001c   Data           4  stm32f1xx_hal.o(.data)
    uwTick                                   0x20000020   Data           4  stm32f1xx_hal.o(.data)
    SystemCoreClock                          0x20000024   Data           4  system_stm32f1xx.o(.data)
    time_str                                 0x20000028   Data          32  main.o(.bss)
    temp_str                                 0x20000048   Data          32  main.o(.bss)
    water_depth_str                          0x20000068   Data          32  main.o(.bss)
    water_fill_str                           0x20000088   Data          32  main.o(.bss)
    heating_str                              0x200000a8   Data          32  main.o(.bss)
    hadc1                                    0x200000c8   Data          48  adc.o(.bss)
    htim1                                    0x200000f8   Data          72  tim.o(.bss)
    OLED_GRAM                                0x20000140   Data        1152  oled.o(.bss)
    __libspace_start                         0x200005c0   Data          96  libspace.o(.bss)
    __temporary_stack_top$libspace           0x20000620   Data           0  libspace.o(.bss)



==============================================================================

Memory Map of the image

  Image Entry point : 0x080000ed

  Load Region LR_IROM1 (Base: 0x08000000, Size: 0x000052dc, Max: 0x00010000, ABSOLUTE)

    Execution Region ER_IROM1 (Exec base: 0x08000000, Load base: 0x08000000, Size: 0x000052b4, Max: 0x00010000, ABSOLUTE)

    Exec Addr    Load Addr    Size         Type   Attr      Idx    E Section Name        Object

    0x08000000   0x08000000   0x000000ec   Data   RO            3    RESET               startup_stm32f103xb.o
    0x080000ec   0x080000ec   0x00000008   Code   RO         3043  * !!!main             c_w.l(__main.o)
    0x080000f4   0x080000f4   0x00000034   Code   RO         3277    !!!scatter          c_w.l(__scatter.o)
    0x08000128   0x08000128   0x0000001a   Code   RO         3279    !!handler_copy      c_w.l(__scatter_copy.o)
    0x08000142   0x08000142   0x00000002   PAD
    0x08000144   0x08000144   0x0000001c   Code   RO         3281    !!handler_zi        c_w.l(__scatter_zi.o)
    0x08000160   0x08000160   0x00000000   Code   RO         3038    .ARM.Collect$$_printf_percent$$00000000  c_w.l(_printf_percent.o)
    0x08000160   0x08000160   0x00000006   Code   RO         3037    .ARM.Collect$$_printf_percent$$00000003  c_w.l(_printf_f.o)
    0x08000166   0x08000166   0x00000006   Code   RO         3036    .ARM.Collect$$_printf_percent$$00000009  c_w.l(_printf_d.o)
    0x0800016c   0x0800016c   0x00000004   Code   RO         3066    .ARM.Collect$$_printf_percent$$00000017  c_w.l(_printf_percent_end.o)
    0x08000170   0x08000170   0x00000002   Code   RO         3148    .ARM.Collect$$libinit$$00000000  c_w.l(libinit.o)
    0x08000172   0x08000172   0x00000000   Code   RO         3150    .ARM.Collect$$libinit$$00000002  c_w.l(libinit2.o)
    0x08000172   0x08000172   0x00000000   Code   RO         3152    .ARM.Collect$$libinit$$00000004  c_w.l(libinit2.o)
    0x08000172   0x08000172   0x00000000   Code   RO         3155    .ARM.Collect$$libinit$$0000000A  c_w.l(libinit2.o)
    0x08000172   0x08000172   0x00000000   Code   RO         3157    .ARM.Collect$$libinit$$0000000C  c_w.l(libinit2.o)
    0x08000172   0x08000172   0x00000000   Code   RO         3159    .ARM.Collect$$libinit$$0000000E  c_w.l(libinit2.o)
    0x08000172   0x08000172   0x00000006   Code   RO         3160    .ARM.Collect$$libinit$$0000000F  c_w.l(libinit2.o)
    0x08000178   0x08000178   0x00000000   Code   RO         3162    .ARM.Collect$$libinit$$00000011  c_w.l(libinit2.o)
    0x08000178   0x08000178   0x00000000   Code   RO         3164    .ARM.Collect$$libinit$$00000013  c_w.l(libinit2.o)
    0x08000178   0x08000178   0x00000000   Code   RO         3166    .ARM.Collect$$libinit$$00000015  c_w.l(libinit2.o)
    0x08000178   0x08000178   0x0000000a   Code   RO         3167    .ARM.Collect$$libinit$$00000016  c_w.l(libinit2.o)
    0x08000182   0x08000182   0x00000000   Code   RO         3168    .ARM.Collect$$libinit$$00000017  c_w.l(libinit2.o)
    0x08000182   0x08000182   0x00000000   Code   RO         3170    .ARM.Collect$$libinit$$00000019  c_w.l(libinit2.o)
    0x08000182   0x08000182   0x00000000   Code   RO         3172    .ARM.Collect$$libinit$$0000001B  c_w.l(libinit2.o)
    0x08000182   0x08000182   0x00000000   Code   RO         3174    .ARM.Collect$$libinit$$0000001D  c_w.l(libinit2.o)
    0x08000182   0x08000182   0x00000000   Code   RO         3176    .ARM.Collect$$libinit$$0000001F  c_w.l(libinit2.o)
    0x08000182   0x08000182   0x00000000   Code   RO         3178    .ARM.Collect$$libinit$$00000021  c_w.l(libinit2.o)
    0x08000182   0x08000182   0x00000000   Code   RO         3180    .ARM.Collect$$libinit$$00000023  c_w.l(libinit2.o)
    0x08000182   0x08000182   0x00000000   Code   RO         3182    .ARM.Collect$$libinit$$00000025  c_w.l(libinit2.o)
    0x08000182   0x08000182   0x00000000   Code   RO         3186    .ARM.Collect$$libinit$$0000002C  c_w.l(libinit2.o)
    0x08000182   0x08000182   0x00000000   Code   RO         3188    .ARM.Collect$$libinit$$0000002E  c_w.l(libinit2.o)
    0x08000182   0x08000182   0x00000000   Code   RO         3190    .ARM.Collect$$libinit$$00000030  c_w.l(libinit2.o)
    0x08000182   0x08000182   0x00000000   Code   RO         3192    .ARM.Collect$$libinit$$00000032  c_w.l(libinit2.o)
    0x08000182   0x08000182   0x00000002   Code   RO         3193    .ARM.Collect$$libinit$$00000033  c_w.l(libinit2.o)
    0x08000184   0x08000184   0x00000002   Code   RO         3225    .ARM.Collect$$libshutdown$$00000000  c_w.l(libshutdown.o)
    0x08000186   0x08000186   0x00000000   Code   RO         3236    .ARM.Collect$$libshutdown$$00000002  c_w.l(libshutdown2.o)
    0x08000186   0x08000186   0x00000000   Code   RO         3238    .ARM.Collect$$libshutdown$$00000004  c_w.l(libshutdown2.o)
    0x08000186   0x08000186   0x00000000   Code   RO         3241    .ARM.Collect$$libshutdown$$00000007  c_w.l(libshutdown2.o)
    0x08000186   0x08000186   0x00000000   Code   RO         3244    .ARM.Collect$$libshutdown$$0000000A  c_w.l(libshutdown2.o)
    0x08000186   0x08000186   0x00000000   Code   RO         3246    .ARM.Collect$$libshutdown$$0000000C  c_w.l(libshutdown2.o)
    0x08000186   0x08000186   0x00000000   Code   RO         3249    .ARM.Collect$$libshutdown$$0000000F  c_w.l(libshutdown2.o)
    0x08000186   0x08000186   0x00000002   Code   RO         3250    .ARM.Collect$$libshutdown$$00000010  c_w.l(libshutdown2.o)
    0x08000188   0x08000188   0x00000000   Code   RO         3057    .ARM.Collect$$rtentry$$00000000  c_w.l(__rtentry.o)
    0x08000188   0x08000188   0x00000000   Code   RO         3075    .ARM.Collect$$rtentry$$00000002  c_w.l(__rtentry2.o)
    0x08000188   0x08000188   0x00000006   Code   RO         3087    .ARM.Collect$$rtentry$$00000004  c_w.l(__rtentry4.o)
    0x0800018e   0x0800018e   0x00000000   Code   RO         3077    .ARM.Collect$$rtentry$$00000009  c_w.l(__rtentry2.o)
    0x0800018e   0x0800018e   0x00000004   Code   RO         3078    .ARM.Collect$$rtentry$$0000000A  c_w.l(__rtentry2.o)
    0x08000192   0x08000192   0x00000000   Code   RO         3080    .ARM.Collect$$rtentry$$0000000C  c_w.l(__rtentry2.o)
    0x08000192   0x08000192   0x00000008   Code   RO         3081    .ARM.Collect$$rtentry$$0000000D  c_w.l(__rtentry2.o)
    0x0800019a   0x0800019a   0x00000002   Code   RO         3196    .ARM.Collect$$rtexit$$00000000  c_w.l(rtexit.o)
    0x0800019c   0x0800019c   0x00000000   Code   RO         3203    .ARM.Collect$$rtexit$$00000002  c_w.l(rtexit2.o)
    0x0800019c   0x0800019c   0x00000004   Code   RO         3204    .ARM.Collect$$rtexit$$00000003  c_w.l(rtexit2.o)
    0x080001a0   0x080001a0   0x00000006   Code   RO         3205    .ARM.Collect$$rtexit$$00000004  c_w.l(rtexit2.o)
    0x080001a6   0x080001a6   0x00000002   PAD
    0x080001a8   0x080001a8   0x00000040   Code   RO            4    .text               startup_stm32f103xb.o
    0x080001e8   0x080001e8   0x00000028   Code   RO         3008    .text               c_w.l(noretval__2sprintf.o)
    0x08000210   0x08000210   0x0000004e   Code   RO         3012    .text               c_w.l(_printf_pad.o)
    0x0800025e   0x0800025e   0x00000002   PAD
    0x08000260   0x08000260   0x00000078   Code   RO         3014    .text               c_w.l(_printf_dec.o)
    0x080002d8   0x080002d8   0x00000138   Code   RO         3028    .text               c_w.l(__printf_flags_wp.o)
    0x08000410   0x08000410   0x0000004e   Code   RO         3039    .text               c_w.l(rt_memclr_w.o)
    0x0800045e   0x0800045e   0x00000006   Code   RO         3041    .text               c_w.l(heapauxi.o)
    0x08000464   0x08000464   0x000000b2   Code   RO         3058    .text               c_w.l(_printf_intcommon.o)
    0x08000516   0x08000516   0x0000041e   Code   RO         3060    .text               c_w.l(_printf_fp_dec.o)
    0x08000934   0x08000934   0x00000030   Code   RO         3062    .text               c_w.l(_printf_char_common.o)
    0x08000964   0x08000964   0x0000000a   Code   RO         3064    .text               c_w.l(_sputc.o)
    0x0800096e   0x0800096e   0x00000002   PAD
    0x08000970   0x08000970   0x00000008   Code   RO         3092    .text               c_w.l(rt_locale_intlibspace.o)
    0x08000978   0x08000978   0x0000008a   Code   RO         3094    .text               c_w.l(lludiv10.o)
    0x08000a02   0x08000a02   0x00000002   PAD
    0x08000a04   0x08000a04   0x00000080   Code   RO         3096    .text               c_w.l(_printf_fp_infnan.o)
    0x08000a84   0x08000a84   0x000000e4   Code   RO         3100    .text               c_w.l(bigflt0.o)
    0x08000b68   0x08000b68   0x00000008   Code   RO         3134    .text               c_w.l(libspace.o)
    0x08000b70   0x08000b70   0x0000004a   Code   RO         3137    .text               c_w.l(sys_stackheap_outer.o)
    0x08000bba   0x08000bba   0x00000012   Code   RO         3139    .text               c_w.l(exit.o)
    0x08000bcc   0x08000bcc   0x00000080   Code   RO         3141    .text               c_w.l(strcmpv7m.o)
    0x08000c4c   0x08000c4c   0x0000000c   Code   RO         3215    .text               c_w.l(sys_exit.o)
    0x08000c58   0x08000c58   0x00000002   Code   RO         3226    .text               c_w.l(use_no_semi.o)
    0x08000c5a   0x08000c5a   0x00000000   Code   RO         3228    .text               c_w.l(indicate_semi.o)
    0x08000c5a   0x08000c5a   0x0000003e   Code   RO         3103    CL$$btod_d2e        c_w.l(btod.o)
    0x08000c98   0x08000c98   0x00000046   Code   RO         3105    CL$$btod_d2e_denorm_low  c_w.l(btod.o)
    0x08000cde   0x08000cde   0x00000060   Code   RO         3104    CL$$btod_d2e_norm_op1  c_w.l(btod.o)
    0x08000d3e   0x08000d3e   0x00000338   Code   RO         3113    CL$$btod_div_common  c_w.l(btod.o)
    0x08001076   0x08001076   0x000000dc   Code   RO         3110    CL$$btod_e2e        c_w.l(btod.o)
    0x08001152   0x08001152   0x0000002a   Code   RO         3107    CL$$btod_ediv       c_w.l(btod.o)
    0x0800117c   0x0800117c   0x0000002a   Code   RO         3106    CL$$btod_emul       c_w.l(btod.o)
    0x080011a6   0x080011a6   0x00000244   Code   RO         3112    CL$$btod_mult_common  c_w.l(btod.o)
    0x080013ea   0x080013ea   0x00000002   PAD
    0x080013ec   0x080013ec   0x00000056   Code   RO          424    i.ADC_ConversionStop_Disable  stm32f1xx_hal_adc.o
    0x08001442   0x08001442   0x00000002   PAD
    0x08001444   0x08001444   0x0000007c   Code   RO          428    i.ADC_Enable        stm32f1xx_hal_adc.o
    0x080014c0   0x080014c0   0x00000002   Code   RO          282    i.BusFault_Handler  stm32f1xx_it.o
    0x080014c2   0x080014c2   0x00000012   Code   RO         2843    i.DS1302_BcdToDec   ds1302.o
    0x080014d4   0x080014d4   0x00000020   Code   RO         2844    i.DS1302_DAT_Mode_Out  ds1302.o
    0x080014f4   0x080014f4   0x00000016   Code   RO         2845    i.DS1302_DecToBcd   ds1302.o
    0x0800150a   0x0800150a   0x00000010   Code   RO         2846    i.DS1302_Delay_us   ds1302.o
    0x0800151a   0x0800151a   0x00000062   Code   RO         2847    i.DS1302_GetTime    ds1302.o
    0x0800157c   0x0800157c   0x0000002c   Code   RO         2848    i.DS1302_Init       ds1302.o
    0x080015a8   0x080015a8   0x00000060   Code   RO         2849    i.DS1302_ReadByte   ds1302.o
    0x08001608   0x08001608   0x00000054   Code   RO         2850    i.DS1302_ReadReg    ds1302.o
    0x0800165c   0x0800165c   0x00000076   Code   RO         2851    i.DS1302_SetTime    ds1302.o
    0x080016d2   0x080016d2   0x00000002   PAD
    0x080016d4   0x080016d4   0x00000054   Code   RO         2852    i.DS1302_WriteByte  ds1302.o
    0x08001728   0x08001728   0x00000058   Code   RO         2853    i.DS1302_WriteReg   ds1302.o
    0x08001780   0x08001780   0x00000060   Code   RO         2927    i.DS18B20_Check     ds18b20.o
    0x080017e0   0x080017e0   0x00000060   Code   RO         2928    i.DS18B20_Get_Temperature  ds18b20.o
    0x08001840   0x08001840   0x00000020   Code   RO         2929    i.DS18B20_IO_IN     ds18b20.o
    0x08001860   0x08001860   0x00000020   Code   RO         2930    i.DS18B20_IO_OUT    ds18b20.o
    0x08001880   0x08001880   0x00000018   Code   RO         2931    i.DS18B20_Init      ds18b20.o
    0x08001898   0x08001898   0x00000058   Code   RO         2932    i.DS18B20_Read_Byte  ds18b20.o
    0x080018f0   0x080018f0   0x00000034   Code   RO         2933    i.DS18B20_Rst       ds18b20.o
    0x08001924   0x08001924   0x00000060   Code   RO         2935    i.DS18B20_Write_Byte  ds18b20.o
    0x08001984   0x08001984   0x00000002   Code   RO          283    i.DebugMon_Handler  stm32f1xx_it.o
    0x08001986   0x08001986   0x00000010   Code   RO         2936    i.Delay_us          ds18b20.o
    0x08001996   0x08001996   0x00000004   Code   RO           13    i.Error_Handler     main.o
    0x0800199a   0x0800199a   0x00000002   PAD
    0x0800199c   0x0800199c   0x000000fc   Code   RO          430    i.HAL_ADC_ConfigChannel  stm32f1xx_hal_adc.o
    0x08001a98   0x08001a98   0x00000006   Code   RO          437    i.HAL_ADC_GetValue  stm32f1xx_hal_adc.o
    0x08001a9e   0x08001a9e   0x00000002   PAD
    0x08001aa0   0x08001aa0   0x0000011c   Code   RO          439    i.HAL_ADC_Init      stm32f1xx_hal_adc.o
    0x08001bbc   0x08001bbc   0x00000058   Code   RO          199    i.HAL_ADC_MspInit   adc.o
    0x08001c14   0x08001c14   0x0000013c   Code   RO          443    i.HAL_ADC_PollForConversion  stm32f1xx_hal_adc.o
    0x08001d50   0x08001d50   0x000000c0   Code   RO          445    i.HAL_ADC_Start     stm32f1xx_hal_adc.o
    0x08001e10   0x08001e10   0x00000034   Code   RO          448    i.HAL_ADC_Stop      stm32f1xx_hal_adc.o
    0x08001e44   0x08001e44   0x00000024   Code   RO          707    i.HAL_Delay         stm32f1xx_hal.o
    0x08001e68   0x08001e68   0x000001e0   Code   RO         1017    i.HAL_GPIO_Init     stm32f1xx_hal_gpio.o
    0x08002048   0x08002048   0x0000000a   Code   RO         1019    i.HAL_GPIO_ReadPin  stm32f1xx_hal_gpio.o
    0x08002052   0x08002052   0x0000000a   Code   RO         1021    i.HAL_GPIO_WritePin  stm32f1xx_hal_gpio.o
    0x0800205c   0x0800205c   0x0000000c   Code   RO          711    i.HAL_GetTick       stm32f1xx_hal.o
    0x08002068   0x08002068   0x00000010   Code   RO          717    i.HAL_IncTick       stm32f1xx_hal.o
    0x08002078   0x08002078   0x00000024   Code   RO          718    i.HAL_Init          stm32f1xx_hal.o
    0x0800209c   0x0800209c   0x00000040   Code   RO          719    i.HAL_InitTick      stm32f1xx_hal.o
    0x080020dc   0x080020dc   0x0000003c   Code   RO          364    i.HAL_MspInit       stm32f1xx_hal_msp.o
    0x08002118   0x08002118   0x0000001a   Code   RO         1177    i.HAL_NVIC_EnableIRQ  stm32f1xx_hal_cortex.o
    0x08002132   0x08002132   0x00000002   PAD
    0x08002134   0x08002134   0x00000040   Code   RO         1183    i.HAL_NVIC_SetPriority  stm32f1xx_hal_cortex.o
    0x08002174   0x08002174   0x00000024   Code   RO         1184    i.HAL_NVIC_SetPriorityGrouping  stm32f1xx_hal_cortex.o
    0x08002198   0x08002198   0x000000a4   Code   RO          978    i.HAL_RCCEx_GetPeriphCLKFreq  stm32f1xx_hal_rcc_ex.o
    0x0800223c   0x0800223c   0x000000ec   Code   RO          979    i.HAL_RCCEx_PeriphCLKConfig  stm32f1xx_hal_rcc_ex.o
    0x08002328   0x08002328   0x0000012c   Code   RO          875    i.HAL_RCC_ClockConfig  stm32f1xx_hal_rcc.o
    0x08002454   0x08002454   0x00000020   Code   RO          883    i.HAL_RCC_GetPCLK2Freq  stm32f1xx_hal_rcc.o
    0x08002474   0x08002474   0x0000004c   Code   RO          884    i.HAL_RCC_GetSysClockFreq  stm32f1xx_hal_rcc.o
    0x080024c0   0x080024c0   0x00000320   Code   RO          887    i.HAL_RCC_OscConfig  stm32f1xx_hal_rcc.o
    0x080027e0   0x080027e0   0x00000028   Code   RO         1188    i.HAL_SYSTICK_Config  stm32f1xx_hal_cortex.o
    0x08002808   0x08002808   0x00000002   Code   RO         2383    i.HAL_TIMEx_BreakCallback  stm32f1xx_hal_tim_ex.o
    0x0800280a   0x0800280a   0x00000002   Code   RO         2384    i.HAL_TIMEx_CommutCallback  stm32f1xx_hal_tim_ex.o
    0x0800280c   0x0800280c   0x00000068   Code   RO         2402    i.HAL_TIMEx_MasterConfigSynchronization  stm32f1xx_hal_tim_ex.o
    0x08002874   0x08002874   0x0000005a   Code   RO         1679    i.HAL_TIM_Base_Init  stm32f1xx_hal_tim.o
    0x080028ce   0x080028ce   0x00000002   PAD
    0x080028d0   0x080028d0   0x0000003c   Code   RO          241    i.HAL_TIM_Base_MspInit  tim.o
    0x0800290c   0x0800290c   0x00000058   Code   RO         1684    i.HAL_TIM_Base_Start_IT  stm32f1xx_hal_tim.o
    0x08002964   0x08002964   0x000000dc   Code   RO         1688    i.HAL_TIM_ConfigClockSource  stm32f1xx_hal_tim.o
    0x08002a40   0x08002a40   0x00000002   Code   RO         1713    i.HAL_TIM_IC_CaptureCallback  stm32f1xx_hal_tim.o
    0x08002a42   0x08002a42   0x00000130   Code   RO         1727    i.HAL_TIM_IRQHandler  stm32f1xx_hal_tim.o
    0x08002b72   0x08002b72   0x00000002   Code   RO         1730    i.HAL_TIM_OC_DelayElapsedCallback  stm32f1xx_hal_tim.o
    0x08002b74   0x08002b74   0x00000002   Code   RO         1757    i.HAL_TIM_PWM_PulseFinishedCallback  stm32f1xx_hal_tim.o
    0x08002b76   0x08002b76   0x00000002   PAD
    0x08002b78   0x08002b78   0x00000018   Code   RO           14    i.HAL_TIM_PeriodElapsedCallback  main.o
    0x08002b90   0x08002b90   0x00000002   Code   RO         1770    i.HAL_TIM_TriggerCallback  stm32f1xx_hal_tim.o
    0x08002b92   0x08002b92   0x00000002   Code   RO          284    i.HardFault_Handler  stm32f1xx_it.o
    0x08002b94   0x08002b94   0x00000044   Code   RO         2688    i.I2C_Start         oled.o
    0x08002bd8   0x08002bd8   0x00000034   Code   RO         2689    i.I2C_Stop          oled.o
    0x08002c0c   0x08002c0c   0x00000038   Code   RO         2690    i.I2C_WaitAck       oled.o
    0x08002c44   0x08002c44   0x0000000a   Code   RO         2691    i.IIC_delay         oled.o
    0x08002c4e   0x08002c4e   0x00000002   PAD
    0x08002c50   0x08002c50   0x00000050   Code   RO          200    i.MX_ADC1_Init      adc.o
    0x08002ca0   0x08002ca0   0x000000e8   Code   RO          174    i.MX_GPIO_Init      gpio.o
    0x08002d88   0x08002d88   0x00000068   Code   RO          242    i.MX_TIM1_Init      tim.o
    0x08002df0   0x08002df0   0x00000002   Code   RO          285    i.MemManage_Handler  stm32f1xx_it.o
    0x08002df2   0x08002df2   0x00000002   Code   RO          286    i.NMI_Handler       stm32f1xx_it.o
    0x08002df4   0x08002df4   0x0000002c   Code   RO         2692    i.OLED_Clear        oled.o
    0x08002e20   0x08002e20   0x0000002c   Code   RO         2699    i.OLED_DrawPoint    oled.o
    0x08002e4c   0x08002e4c   0x000000da   Code   RO         2700    i.OLED_Init         oled.o
    0x08002f26   0x08002f26   0x00000002   PAD
    0x08002f28   0x08002f28   0x00000068   Code   RO         2702    i.OLED_Refresh      oled.o
    0x08002f90   0x08002f90   0x000000e4   Code   RO         2703    i.OLED_ShowChar     oled.o
    0x08003074   0x08003074   0x0000003c   Code   RO         2706    i.OLED_ShowString   oled.o
    0x080030b0   0x080030b0   0x00000036   Code   RO         2707    i.OLED_WR_Byte      oled.o
    0x080030e6   0x080030e6   0x00000002   Code   RO          287    i.PendSV_Handler    stm32f1xx_it.o
    0x080030e8   0x080030e8   0x00000002   Code   RO          288    i.SVC_Handler       stm32f1xx_it.o
    0x080030ea   0x080030ea   0x00000002   PAD
    0x080030ec   0x080030ec   0x00000054   Code   RO         2708    i.Send_Byte         oled.o
    0x08003140   0x08003140   0x00000004   Code   RO          289    i.SysTick_Handler   stm32f1xx_it.o
    0x08003144   0x08003144   0x00000078   Code   RO           15    i.SystemClock_Config  main.o
    0x080031bc   0x080031bc   0x00000002   Code   RO         2651    i.SystemInit        system_stm32f1xx.o
    0x080031be   0x080031be   0x00000002   PAD
    0x080031c0   0x080031c0   0x0000000c   Code   RO          290    i.TIM1_UP_IRQHandler  stm32f1xx_it.o
    0x080031cc   0x080031cc   0x00000078   Code   RO         1772    i.TIM_Base_SetConfig  stm32f1xx_hal_tim.o
    0x08003244   0x08003244   0x00000014   Code   RO         1783    i.TIM_ETR_SetConfig  stm32f1xx_hal_tim.o
    0x08003258   0x08003258   0x00000010   Code   RO         1784    i.TIM_ITRx_SetConfig  stm32f1xx_hal_tim.o
    0x08003268   0x08003268   0x00000022   Code   RO         1790    i.TIM_TI1_ConfigInputStage  stm32f1xx_hal_tim.o
    0x0800328a   0x0800328a   0x00000024   Code   RO         1792    i.TIM_TI2_ConfigInputStage  stm32f1xx_hal_tim.o
    0x080032ae   0x080032ae   0x00000002   Code   RO          291    i.UsageFault_Handler  stm32f1xx_it.o
    0x080032b0   0x080032b0   0x00000028   Code   RO         3132    i.__ARM_fpclassify  m_ws.l(fpclassify.o)
    0x080032d8   0x080032d8   0x00000020   Code   RO         1190    i.__NVIC_SetPriority  stm32f1xx_hal_cortex.o
    0x080032f8   0x080032f8   0x0000000e   Code   RO         3026    i._is_digit         c_w.l(__printf_wp.o)
    0x08003306   0x08003306   0x00000002   PAD
    0x08003308   0x08003308   0x00000268   Code   RO           16    i.main              main.o
    0x08003570   0x08003570   0x0000002c   Code   RO         3126    locale$$code        c_w.l(lc_numeric_c.o)
    0x0800359c   0x0800359c   0x0000000c   Code   RO         3067    x$fpl$dretinf       fz_ws.l(dretinf.o)
    0x080035a8   0x080035a8   0x00000056   Code   RO         3045    x$fpl$f2d           fz_ws.l(f2d.o)
    0x080035fe   0x080035fe   0x00000002   PAD
    0x08003600   0x08003600   0x0000000c   Code   RO         3069    x$fpl$fcheck1       fz_ws.l(fcheck1.o)
    0x0800360c   0x0800360c   0x00000030   Code   RO         3048    x$fpl$fflt          fz_ws.l(fflt_clz.o)
    0x0800363c   0x0800363c   0x0000008c   Code   RO         3071    x$fpl$fnaninf       fz_ws.l(fnaninf.o)
    0x080036c8   0x080036c8   0x00000004   Code   RO         3053    x$fpl$printf1       fz_ws.l(printf1.o)
    0x080036cc   0x080036cc   0x00000064   Code   RO         3130    x$fpl$retnan        fz_ws.l(retnan.o)
    0x08003730   0x08003730   0x0000004c   Code   RO         3055    x$fpl$scalbnf       fz_ws.l(scalbnf.o)
    0x0800377c   0x0800377c   0x00000030   Code   RO         3194    x$fpl$trapveneer    fz_ws.l(trapv.o)
    0x080037ac   0x080037ac   0x00000000   Code   RO         3073    x$fpl$usenofp       fz_ws.l(usenofp.o)
    0x080037ac   0x080037ac   0x00000012   Data   RO          888    .constdata          stm32f1xx_hal_rcc.o
    0x080037be   0x080037be   0x00000012   Data   RO          980    .constdata          stm32f1xx_hal_rcc_ex.o
    0x080037d0   0x080037d0   0x00000010   Data   RO         2652    .constdata          system_stm32f1xx.o
    0x080037e0   0x080037e0   0x00000008   Data   RO         2653    .constdata          system_stm32f1xx.o
    0x080037e8   0x080037e8   0x000019e8   Data   RO         2710    .constdata          oled.o
    0x080051d0   0x080051d0   0x00000011   Data   RO         3029    .constdata          c_w.l(__printf_flags_wp.o)
    0x080051e1   0x080051e1   0x00000003   PAD
    0x080051e4   0x080051e4   0x00000094   Data   RO         3101    .constdata          c_w.l(bigflt0.o)
    0x08005278   0x08005278   0x00000020   Data   RO         3275    Region$$Table       anon$$obj.o
    0x08005298   0x08005298   0x0000001c   Data   RO         3125    locale$$data        c_w.l(lc_numeric_c.o)


    Execution Region RW_IRAM1 (Exec base: 0x20000000, Load base: 0x080052b4, Size: 0x00000c20, Max: 0x00005000, ABSOLUTE)

    Exec Addr    Load Addr    Size         Type   Attr      Idx    E Section Name        Object

    0x20000000   0x080052b4   0x00000017   Data   RW           18    .data               main.o
    0x20000017   0x080052cb   0x00000001   PAD
    0x20000018   0x080052cc   0x0000000c   Data   RW          725    .data               stm32f1xx_hal.o
    0x20000024   0x080052d8   0x00000004   Data   RW         2654    .data               system_stm32f1xx.o
    0x20000028        -       0x000000a0   Zero   RW           17    .bss                main.o
    0x200000c8        -       0x00000030   Zero   RW          201    .bss                adc.o
    0x200000f8        -       0x00000048   Zero   RW          243    .bss                tim.o
    0x20000140        -       0x00000480   Zero   RW         2709    .bss                oled.o
    0x200005c0        -       0x00000060   Zero   RW         3135    .bss                c_w.l(libspace.o)
    0x20000620        -       0x00000200   Zero   RW            2    HEAP                startup_stm32f103xb.o
    0x20000820        -       0x00000400   Zero   RW            1    STACK               startup_stm32f103xb.o


==============================================================================

Image component sizes


      Code (inc. data)   RO Data    RW Data    ZI Data      Debug   Object Name

       168         22          0          0         48       1605   adc.o
       700         26          0          0          0       7338   ds1302.o
       532         38          0          0          0       4942   ds18b20.o
       232         16          0          0          0        967   gpio.o
       764        184          0         23        160     436599   main.o
      1022         48       6632          0       1152       8112   oled.o
        64         26        236          0       1536        800   startup_stm32f103xb.o
       164         28          0         12          0       5825   stm32f1xx_hal.o
      1312         54          0          0          0       7151   stm32f1xx_hal_adc.o
       198         14          0          0          0      28887   stm32f1xx_hal_cortex.o
       500         34          0          0          0       3479   stm32f1xx_hal_gpio.o
        60          8          0          0          0        854   stm32f1xx_hal_msp.o
      1208         72         18          0          0       4509   stm32f1xx_hal_rcc.o
       400         28         18          0          0       2441   stm32f1xx_hal_rcc_ex.o
       936         24          0          0          0       9737   stm32f1xx_hal_tim.o
       108         12          0          0          0       2369   stm32f1xx_hal_tim_ex.o
        32          6          0          0          0       4223   stm32f1xx_it.o
         2          0         24          4          0       1091   system_stm32f1xx.o
       164         18          0          0         72       1622   tim.o

    ----------------------------------------------------------------------
      8588        658       6960         40       2968     532551   Object Totals
         0          0         32          0          0          0   (incl. Generated)
        22          0          0          1          0          0   (incl. Padding)

    ----------------------------------------------------------------------

      Code (inc. data)   RO Data    RW Data    ZI Data      Debug   Library Member Name

         8          0          0          0          0         68   __main.o
       312          4         17          0          0         92   __printf_flags_wp.o
        14          0          0          0          0         68   __printf_wp.o
         0          0          0          0          0          0   __rtentry.o
        12          0          0          0          0          0   __rtentry2.o
         6          0          0          0          0          0   __rtentry4.o
        52          8          0          0          0          0   __scatter.o
        26          0          0          0          0          0   __scatter_copy.o
        28          0          0          0          0          0   __scatter_zi.o
        48          6          0          0          0         96   _printf_char_common.o
         6          0          0          0          0          0   _printf_d.o
       120         16          0          0          0         92   _printf_dec.o
         6          0          0          0          0          0   _printf_f.o
      1054          0          0          0          0        216   _printf_fp_dec.o
       128         16          0          0          0         84   _printf_fp_infnan.o
       178          0          0          0          0         88   _printf_intcommon.o
        78          0          0          0          0        108   _printf_pad.o
         0          0          0          0          0          0   _printf_percent.o
         4          0          0          0          0          0   _printf_percent_end.o
        10          0          0          0          0         68   _sputc.o
       228          4        148          0          0         96   bigflt0.o
      1936        128          0          0          0        672   btod.o
        18          0          0          0          0         80   exit.o
         6          0          0          0          0        152   heapauxi.o
         0          0          0          0          0          0   indicate_semi.o
        44         10         28          0          0         76   lc_numeric_c.o
         2          0          0          0          0          0   libinit.o
        18          0          0          0          0          0   libinit2.o
         2          0          0          0          0          0   libshutdown.o
         2          0          0          0          0          0   libshutdown2.o
         8          4          0          0         96         68   libspace.o
       138          0          0          0          0         80   lludiv10.o
        40          6          0          0          0         84   noretval__2sprintf.o
         8          4          0          0          0         68   rt_locale_intlibspace.o
        78          0          0          0          0         80   rt_memclr_w.o
         2          0          0          0          0          0   rtexit.o
        10          0          0          0          0          0   rtexit2.o
       128          0          0          0          0         68   strcmpv7m.o
        12          4          0          0          0         68   sys_exit.o
        74          0          0          0          0         80   sys_stackheap_outer.o
         2          0          0          0          0         68   use_no_semi.o
        12          0          0          0          0         68   dretinf.o
        86          4          0          0          0         84   f2d.o
        12          4          0          0          0         68   fcheck1.o
        48          0          0          0          0         68   fflt_clz.o
       140          4          0          0          0         84   fnaninf.o
         4          0          0          0          0         68   printf1.o
       100          0          0          0          0         68   retnan.o
        76          0          0          0          0         68   scalbnf.o
        48          0          0          0          0         68   trapv.o
         0          0          0          0          0          0   usenofp.o
        40          0          0          0          0         68   fpclassify.o

    ----------------------------------------------------------------------
      5428        222        196          0         96       3432   Library Totals
        16          0          3          0          0          0   (incl. Padding)

    ----------------------------------------------------------------------

      Code (inc. data)   RO Data    RW Data    ZI Data      Debug   Library Name

      4846        210        193          0         96       2720   c_w.l
       526         12          0          0          0        644   fz_ws.l
        40          0          0          0          0         68   m_ws.l

    ----------------------------------------------------------------------
      5428        222        196          0         96       3432   Library Totals

    ----------------------------------------------------------------------

==============================================================================


      Code (inc. data)   RO Data    RW Data    ZI Data      Debug   

     14016        880       7156         40       3064     529323   Grand Totals
     14016        880       7156         40       3064     529323   ELF Image Totals
     14016        880       7156         40          0          0   ROM Totals

==============================================================================

    Total RO  Size (Code + RO Data)                21172 (  20.68kB)
    Total RW  Size (RW Data + ZI Data)              3104 (   3.03kB)
    Total ROM Size (Code + RO Data + RW Data)      21212 (  20.71kB)

==============================================================================

